Component: ARM Compiler 5.06 update 7 (build 960) Tool: armlink [4d3601]

==============================================================================

Section Cross References

    startup_stm32f407xx.o(STACK) refers (Special) to heapauxi.o(.text) for __use_two_region_memory
    startup_stm32f407xx.o(HEAP) refers (Special) to heapauxi.o(.text) for __use_two_region_memory
    startup_stm32f407xx.o(RESET) refers (Special) to heapauxi.o(.text) for __use_two_region_memory
    startup_stm32f407xx.o(RESET) refers to startup_stm32f407xx.o(STACK) for __initial_sp
    startup_stm32f407xx.o(RESET) refers to startup_stm32f407xx.o(.text) for Reset_Handler
    startup_stm32f407xx.o(RESET) refers to stm32f4xx_it.o(i.NMI_Handler) for NMI_Handler
    startup_stm32f407xx.o(RESET) refers to stm32f4xx_it.o(i.HardFault_Handler) for HardFault_Handler
    startup_stm32f407xx.o(RESET) refers to stm32f4xx_it.o(i.MemManage_Handler) for MemManage_Handler
    startup_stm32f407xx.o(RESET) refers to stm32f4xx_it.o(i.BusFault_Handler) for BusFault_Handler
    startup_stm32f407xx.o(RESET) refers to stm32f4xx_it.o(i.UsageFault_Handler) for UsageFault_Handler
    startup_stm32f407xx.o(RESET) refers to port.o(.emb_text) for SVC_Handler
    startup_stm32f407xx.o(RESET) refers to stm32f4xx_it.o(i.DebugMon_Handler) for DebugMon_Handler
    startup_stm32f407xx.o(RESET) refers to cmsis_os2.o(i.SysTick_Handler) for SysTick_Handler
    startup_stm32f407xx.o(RESET) refers to stm32f4xx_it.o(i.DMA1_Stream5_IRQHandler) for DMA1_Stream5_IRQHandler
    startup_stm32f407xx.o(RESET) refers to stm32f4xx_it.o(i.CAN1_RX0_IRQHandler) for CAN1_RX0_IRQHandler
    startup_stm32f407xx.o(RESET) refers to stm32f4xx_it.o(i.USART1_IRQHandler) for USART1_IRQHandler
    startup_stm32f407xx.o(RESET) refers to stm32f4xx_it.o(i.USART2_IRQHandler) for USART2_IRQHandler
    startup_stm32f407xx.o(RESET) refers to stm32f4xx_it.o(i.EXTI15_10_IRQHandler) for EXTI15_10_IRQHandler
    startup_stm32f407xx.o(RESET) refers to stm32f4xx_it.o(i.TIM6_DAC_IRQHandler) for TIM6_DAC_IRQHandler
    startup_stm32f407xx.o(RESET) refers to stm32f4xx_it.o(i.TIM7_IRQHandler) for TIM7_IRQHandler
    startup_stm32f407xx.o(.text) refers (Special) to heapauxi.o(.text) for __use_two_region_memory
    startup_stm32f407xx.o(.text) refers to system_stm32f4xx.o(i.SystemInit) for SystemInit
    startup_stm32f407xx.o(.text) refers to __main.o(!!!main) for __main
    startup_stm32f407xx.o(.text) refers to startup_stm32f407xx.o(HEAP) for Heap_Mem
    startup_stm32f407xx.o(.text) refers to startup_stm32f407xx.o(STACK) for Stack_Mem
    can_receive.o(i.CAN_cmd_chassis) refers to stm32f4xx_hal_can.o(i.HAL_CAN_AddTxMessage) for HAL_CAN_AddTxMessage
    can_receive.o(i.CAN_cmd_chassis) refers to can_receive.o(.bss) for chassis_tx_message
    can_receive.o(i.CAN_cmd_chassis) refers to can_receive.o(.data) for chassis_can_send_data
    can_receive.o(i.CAN_cmd_chassis) refers to can.o(.bss) for hcan1
    can_receive.o(i.CAN_cmd_chassis_reset_ID) refers to stm32f4xx_hal_can.o(i.HAL_CAN_AddTxMessage) for HAL_CAN_AddTxMessage
    can_receive.o(i.CAN_cmd_chassis_reset_ID) refers to can_receive.o(.bss) for chassis_tx_message
    can_receive.o(i.CAN_cmd_chassis_reset_ID) refers to can_receive.o(.data) for chassis_can_send_data
    can_receive.o(i.CAN_cmd_chassis_reset_ID) refers to can.o(.bss) for hcan1
    can_receive.o(i.CAN_cmd_gimbal) refers to stm32f4xx_hal_can.o(i.HAL_CAN_AddTxMessage) for HAL_CAN_AddTxMessage
    can_receive.o(i.CAN_cmd_gimbal) refers to can_receive.o(.bss) for gimbal_tx_message
    can_receive.o(i.CAN_cmd_gimbal) refers to can_receive.o(.data) for gimbal_can_send_data
    can_receive.o(i.CAN_cmd_gimbal) refers to can.o(.bss) for hcan2
    can_receive.o(i.HAL_CAN_RxFifo0MsgPendingCallback) refers to stm32f4xx_hal_can.o(i.HAL_CAN_GetRxMessage) for HAL_CAN_GetRxMessage
    can_receive.o(i.HAL_CAN_RxFifo0MsgPendingCallback) refers to stm32f4xx_hal_can.o(i.HAL_CAN_ActivateNotification) for HAL_CAN_ActivateNotification
    can_receive.o(i.HAL_CAN_RxFifo0MsgPendingCallback) refers to can_receive.o(.data) for i
    can_receive.o(i.HAL_CAN_RxFifo0MsgPendingCallback) refers to can_receive.o(.bss) for motor_chassis
    can_receive.o(i.HAL_CAN_RxFifo0MsgPendingCallback) refers to can.o(.bss) for hcan1
    can_receive.o(i.get_chassis_motor_measure_point) refers to can_receive.o(.bss) for motor_chassis
    can_receive.o(i.get_pitch_gimbal_motor_measure_point) refers to can_receive.o(.bss) for motor_chassis
    can_receive.o(i.get_trigger_motor_measure_point) refers to can_receive.o(.bss) for motor_chassis
    can_receive.o(i.get_yaw_gimbal_motor_measure_point) refers to can_receive.o(.bss) for motor_chassis
    bsp_can.o(i.can_filter_init) refers to stm32f4xx_hal_can.o(i.HAL_CAN_ConfigFilter) for HAL_CAN_ConfigFilter
    bsp_can.o(i.can_filter_init) refers to stm32f4xx_hal_can.o(i.HAL_CAN_Start) for HAL_CAN_Start
[...]
    pxDelayedTaskList                        0x20000070   Data           4  tasks.o(.data)
    pxOverflowDelayedTaskList                0x20000074   Data           4  tasks.o(.data)
    .data                                    0x20000078   Section       20  timers.o(.data)
    xTimerQueue                              0x20000078   Data           4  timers.o(.data)
    xTimerTaskHandle                         0x2000007c   Data           4  timers.o(.data)
    xLastTime                                0x20000080   Data           4  timers.o(.data)
    pxCurrentTimerList                       0x20000084   Data           4  timers.o(.data)
    pxOverflowTimerList                      0x20000088   Data           4  timers.o(.data)
    .data                                    0x2000008c   Section        4  cmsis_os2.o(.data)
    KernelState                              0x2000008c   Data           4  cmsis_os2.o(.data)
    .data                                    0x20000090   Section       32  heap_4.o(.data)
    pxEnd                                    0x20000090   Data           4  heap_4.o(.data)
    xFreeBytesRemaining                      0x20000094   Data           4  heap_4.o(.data)
    xMinimumEverFreeBytesRemaining           0x20000098   Data           4  heap_4.o(.data)
    xNumberOfSuccessfulAllocations           0x2000009c   Data           4  heap_4.o(.data)
    xNumberOfSuccessfulFrees                 0x200000a0   Data           4  heap_4.o(.data)
    xBlockAllocatedBit                       0x200000a4   Data           4  heap_4.o(.data)
    xStart                                   0x200000a8   Data           8  heap_4.o(.data)
    .data                                    0x200000b0   Section       12  port.o(.data)
    ucMaxSysCallPriority                     0x200000b0   Data           1  port.o(.data)
    uxCriticalNesting                        0x200000b4   Data           4  port.o(.data)
    ulMaxPRIGROUPValue                       0x200000b8   Data           4  port.o(.data)
    .bss                                     0x200000bc   Section      120  can_receive.o(.bss)
    motor_chassis                            0x200000bc   Data          70  can_receive.o(.bss)
    gimbal_tx_message                        0x20000104   Data          24  can_receive.o(.bss)
    chassis_tx_message                       0x2000011c   Data          24  can_receive.o(.bss)
    .bss                                     0x20000134   Section      400  pid.o(.bss)
    .bss                                     0x200002c4   Section      104  chassis.o(.bss)
    .bss                                     0x2000032c   Section      255  main.o(.bss)
    .bss                                     0x2000042c   Section       52  freertos.o(.bss)
    .bss                                     0x20000460   Section       80  can.o(.bss)
    .bss                                     0x200004b0   Section      504  tim.o(.bss)
    .bss                                     0x200006a8   Section      232  usart.o(.bss)
    .bss                                     0x20000790   Section       72  stm32f4xx_hal_timebase_tim.o(.bss)
    .bss                                     0x200007d8   Section       64  queue.o(.bss)
    .bss                                     0x20000818   Section     1220  tasks.o(.bss)
    pxReadyTasksLists                        0x20000818   Data        1120  tasks.o(.bss)
    xDelayedTaskList1                        0x20000c78   Data          20  tasks.o(.bss)
    xDelayedTaskList2                        0x20000c8c   Data          20  tasks.o(.bss)
    xPendingReadyList                        0x20000ca0   Data          20  tasks.o(.bss)
    xTasksWaitingTermination                 0x20000cb4   Data          20  tasks.o(.bss)
    xSuspendedTaskList                       0x20000cc8   Data          20  tasks.o(.bss)
    .bss                                     0x20000cdc   Section      280  timers.o(.bss)
    xStaticTimerQueue                        0x20000cdc   Data          80  timers.o(.bss)
    ucStaticTimerQueueStorage                0x20000d2c   Data         160  timers.o(.bss)
    xActiveTimerList1                        0x20000dcc   Data          20  timers.o(.bss)
    xActiveTimerList2                        0x20000de0   Data          20  timers.o(.bss)
    .bss                                     0x20000df4   Section     1720  cmsis_os2.o(.bss)
    Idle_TCB                                 0x20000df4   Data          92  cmsis_os2.o(.bss)
    Idle_Stack                               0x20000e50   Data         512  cmsis_os2.o(.bss)
    Timer_TCB                                0x20001050   Data          92  cmsis_os2.o(.bss)
    Timer_Stack                              0x200010ac   Data        1024  cmsis_os2.o(.bss)
    .bss                                     0x200014ac   Section    15360  heap_4.o(.bss)
    ucHeap                                   0x200014ac   Data       15360  heap_4.o(.bss)
    .bss                                     0x200050ac   Section       96  libspace.o(.bss)
    HEAP                                     0x20005110   Section     1024  startup_stm32f407xx.o(HEAP)
    Heap_Mem                                 0x20005110   Data        1024  startup_stm32f407xx.o(HEAP)
    STACK                                    0x20005510   Section     2048  startup_stm32f407xx.o(STACK)
    Stack_Mem                                0x20005510   Data        2048  startup_stm32f407xx.o(STACK)
    __initial_sp                             0x20005d10   Data           0  startup_stm32f407xx.o(STACK)

    Global Symbols

    Symbol Name                              Value     Ov Type        Size  Object(Section)

    BuildAttributes$$THM_ISAv4$E$P$D$K$B$S$7EM$VFPi3$EXTD16$VFPS$VFMA$PE$A:L22UL41UL21$X:L11$S22US41US21$IEEE1$IW$USESV6$~STKCKD$USESV7$~SHL$OTIME$ROPI$EBA8$UX$STANDARDLIB$REQ8$PRES8$EABIv2 0x00000000   Number         0  anon$$obj.o ABSOLUTE
    __ARM_use_no_argv                        0x00000000   Number         0  main.o ABSOLUTE
    __ARM_exceptions_init                     - Undefined Weak Reference
    __alloca_initialize                       - Undefined Weak Reference
    __arm_fini_                               - Undefined Weak Reference
    __arm_preinit_                            - Undefined Weak Reference
    __cpp_initialize__aeabi_                  - Undefined Weak Reference
    __cxa_finalize                            - Undefined Weak Reference
    __rt_locale                               - Undefined Weak Reference
    __sigvec_lookup                           - Undefined Weak Reference
    _atexit_init                              - Undefined Weak Reference
    _call_atexit_fns                          - Undefined Weak Reference
    _clock_init                               - Undefined Weak Reference
    _fp_trap_init                             - Undefined Weak Reference
    _fp_trap_shutdown                         - Undefined Weak Reference
    _get_lc_collate                           - Undefined Weak Reference
    _get_lc_ctype                             - Undefined Weak Reference
    _get_lc_monetary                          - Undefined Weak Reference
    _get_lc_numeric                           - Undefined Weak Reference
    _get_lc_time                              - Undefined Weak Reference
    _getenv_init                              - Undefined Weak Reference
    _handle_redirection                       - Undefined Weak Reference
    _init_alloc                               - Undefined Weak Reference
    _init_user_alloc                          - Undefined Weak Reference
    _initio                                   - Undefined Weak Reference
    _rand_init                                - Undefined Weak Reference
    _signal_finish                            - Undefined Weak Reference
    _signal_init                              - Undefined Weak Reference
    _terminate_alloc                          - Undefined Weak Reference
    _terminate_user_alloc                     - Undefined Weak Reference
    _terminateio                              - Undefined Weak Reference
    __Vectors_Size                           0x00000188   Number         0  startup_stm32f407xx.o ABSOLUTE
    __Vectors                                0x08000000   Data           4  startup_stm32f407xx.o(RESET)
    __Vectors_End                            0x08000188   Data           0  startup_stm32f407xx.o(RESET)
    __main                                   0x08000189   Thumb Code     8  __main.o(!!!main)
    __scatterload                            0x08000191   Thumb Code     0  __scatter.o(!!!scatter)
    __scatterload_rt2                        0x08000191   Thumb Code    44  __scatter.o(!!!scatter)
    __scatterload_rt2_thumb_only             0x08000191   Thumb Code     0  __scatter.o(!!!scatter)
    __scatterload_null                       0x0800019f   Thumb Code     0  __scatter.o(!!!scatter)
    __scatterload_copy                       0x080001c5   Thumb Code    26  __scatter_copy.o(!!handler_copy)
    __scatterload_zeroinit                   0x080001e1   Thumb Code    28  __scatter_zi.o(!!handler_zi)
    __rt_lib_init                            0x080001fd   Thumb Code     0  libinit.o(.ARM.Collect$$libinit$$00000000)
    __rt_lib_init_fp_1                       0x080001ff   Thumb Code     0  libinit2.o(.ARM.Collect$$libinit$$00000001)
    __rt_lib_init_alloca_1                   0x08000203   Thumb Code     0  libinit2.o(.ARM.Collect$$libinit$$0000002E)
    __rt_lib_init_argv_1                     0x08000203   Thumb Code     0  libinit2.o(.ARM.Collect$$libinit$$0000002C)
    __rt_lib_init_atexit_1                   0x08000203   Thumb Code     0  libinit2.o(.ARM.Collect$$libinit$$0000001B)
    __rt_lib_init_clock_1                    0x08000203   Thumb Code     0  libinit2.o(.ARM.Collect$$libinit$$00000021)
    __rt_lib_init_cpp_1                      0x08000203   Thumb Code     0  libinit2.o(.ARM.Collect$$libinit$$00000032)
    __rt_lib_init_exceptions_1               0x08000203   Thumb Code     0  libinit2.o(.ARM.Collect$$libinit$$00000030)
    __rt_lib_init_fp_trap_1                  0x08000203   Thumb Code     0  libinit2.o(.ARM.Collect$$libinit$$0000001F)
    __rt_lib_init_getenv_1                   0x08000203   Thumb Code     0  libinit2.o(.ARM.Collect$$libinit$$00000023)
    __rt_lib_init_heap_1                     0x08000203   Thumb Code     0  libinit2.o(.ARM.Collect$$libinit$$0000000A)
    __rt_lib_init_lc_collate_1               0x08000203   Thumb Code     0  libinit2.o(.ARM.Collect$$libinit$$00000011)
    __rt_lib_init_lc_ctype_1                 0x08000203   Thumb Code     0  libinit2.o(.ARM.Collect$$libinit$$00000013)
    __rt_lib_init_lc_monetary_1              0x08000203   Thumb Code     0  libinit2.o(.ARM.Collect$$libinit$$00000015)
    __rt_lib_init_lc_numeric_1               0x08000203   Thumb Code     0  libinit2.o(.ARM.Collect$$libinit$$00000017)
    __rt_lib_init_lc_time_1                  0x08000203   Thumb Code     0  libinit2.o(.ARM.Collect$$libinit$$00000019)
    __rt_lib_init_preinit_1                  0x08000203   Thumb Code     0  libinit2.o(.ARM.Collect$$libinit$$00000004)
    __rt_lib_init_rand_1                     0x08000203   Thumb Code     0  libinit2.o(.ARM.Collect$$libinit$$0000000E)
    __rt_lib_init_return                     0x08000203   Thumb Code     0  libinit2.o(.ARM.Collect$$libinit$$00000033)
    __rt_lib_init_signal_1                   0x08000203   Thumb Code     0  libinit2.o(.ARM.Collect$$libinit$$0000001D)
    __rt_lib_init_stdio_1                    0x08000203   Thumb Code     0  libinit2.o(.ARM.Collect$$libinit$$00000025)
    __rt_lib_init_user_alloc_1               0x08000203   Thumb Code     0  libinit2.o(.ARM.Collect$$libinit$$0000000C)
    __rt_lib_shutdown                        0x08000205   Thumb Code     0  libshutdown.o(.ARM.Collect$$libshutdown$$00000000)
    __rt_lib_shutdown_cpp_1                  0x08000207   Thumb Code     0  libshutdown2.o(.ARM.Collect$$libshutdown$$00000004)
    __rt_lib_shutdown_fini_1                 0x08000207   Thumb Code     0  libshutdown2.o(.ARM.Collect$$libshutdown$$00000002)
    __rt_lib_shutdown_fp_trap_1              0x08000207   Thumb Code     0  libshutdown2.o(.ARM.Collect$$libshutdown$$00000009)
    __rt_lib_shutdown_heap_1                 0x08000207   Thumb Code     0  libshutdown2.o(.ARM.Collect$$libshutdown$$00000011)
    __rt_lib_shutdown_return                 0x08000207   Thumb Code     0  libshutdown2.o(.ARM.Collect$$libshutdown$$00000012)
    __rt_lib_shutdown_signal_1               0x08000207   Thumb Code     0  libshutdown2.o(.ARM.Collect$$libshutdown$$0000000C)
    __rt_lib_shutdown_stdio_1                0x08000207   Thumb Code     0  libshutdown2.o(.ARM.Collect$$libshutdown$$00000006)
    __rt_lib_shutdown_user_alloc_1           0x08000207   Thumb Code     0  libshutdown2.o(.ARM.Collect$$libshutdown$$0000000E)
    __rt_entry                               0x08000209   Thumb Code     0  __rtentry.o(.ARM.Collect$$rtentry$$00000000)
    __rt_entry_presh_1                       0x08000209   Thumb Code     0  __rtentry2.o(.ARM.Collect$$rtentry$$00000002)
    __rt_entry_sh                            0x08000209   Thumb Code     0  __rtentry4.o(.ARM.Collect$$rtentry$$00000004)
    __rt_entry_li                            0x0800020f   Thumb Code     0  __rtentry2.o(.ARM.Collect$$rtentry$$0000000A)
    __rt_entry_postsh_1                      0x0800020f   Thumb Code     0  __rtentry2.o(.ARM.Collect$$rtentry$$00000009)
    __rt_entry_main                          0x08000213   Thumb Code     0  __rtentry2.o(.ARM.Collect$$rtentry$$0000000D)
    __rt_entry_postli_1                      0x08000213   Thumb Code     0  __rtentry2.o(.ARM.Collect$$rtentry$$0000000C)
    __rt_exit                                0x0800021b   Thumb Code     0  rtexit.o(.ARM.Collect$$rtexit$$00000000)
    __rt_exit_ls                             0x0800021d   Thumb Code     0  rtexit2.o(.ARM.Collect$$rtexit$$00000003)
    __rt_exit_prels_1                        0x0800021d   Thumb Code     0  rtexit2.o(.ARM.Collect$$rtexit$$00000002)
    __rt_exit_exit                           0x08000221   Thumb Code     0  rtexit2.o(.ARM.Collect$$rtexit$$00000004)
    SVC_Handler                              0x08000229   Thumb Code    28  port.o(.emb_text)
    __asm___6_port_c_39a90d8d__prvStartFirstTask 0x08000249   Thumb Code    36  port.o(.emb_text)
    __asm___6_port_c_39a90d8d__prvEnableVFP  0x08000271   Thumb Code    16  port.o(.emb_text)
    PendSV_Handler                           0x08000285   Thumb Code    88  port.o(.emb_text)
    vPortGetIPSR                             0x080002e1   Thumb Code     6  port.o(.emb_text)
    Reset_Handler                            0x080002e9   Thumb Code     8  startup_stm32f407xx.o(.text)
    ADC_IRQHandler                           0x08000303   Thumb Code     0  startup_stm32f407xx.o(.text)
    CAN1_RX1_IRQHandler                      0x08000303   Thumb Code     0  startup_stm32f407xx.o(.text)
    CAN1_SCE_IRQHandler                      0x08000303   Thumb Code     0  startup_stm32f407xx.o(.text)
    CAN1_TX_IRQHandler                       0x08000303   Thumb Code     0  startup_stm32f407xx.o(.text)
    CAN2_RX0_IRQHandler                      0x08000303   Thumb Code     0  startup_stm32f407xx.o(.text)
    CAN2_RX1_IRQHandler                      0x08000303   Thumb Code     0  startup_stm32f407xx.o(.text)
    CAN2_SCE_IRQHandler                      0x08000303   Thumb Code     0  startup_stm32f407xx.o(.text)
    CAN2_TX_IRQHandler                       0x08000303   Thumb Code     0  startup_stm32f407xx.o(.text)
    DCMI_IRQHandler                          0x08000303   Thumb Code     0  startup_stm32f407xx.o(.text)
    DMA1_Stream0_IRQHandler                  0x08000303   Thumb Code     0  startup_stm32f407xx.o(.text)
    DMA1_Stream1_IRQHandler                  0x08000303   Thumb Code     0  startup_stm32f407xx.o(.text)
    DMA1_Stream2_IRQHandler                  0x08000303   Thumb Code     0  startup_stm32f407xx.o(.text)
    DMA1_Stream3_IRQHandler                  0x08000303   Thumb Code     0  startup_stm32f407xx.o(.text)
    DMA1_Stream4_IRQHandler                  0x08000303   Thumb Code     0  startup_stm32f407xx.o(.text)
    DMA1_Stream6_IRQHandler                  0x08000303   Thumb Code     0  startup_stm32f407xx.o(.text)
    DMA1_Stream7_IRQHandler                  0x08000303   Thumb Code     0  startup_stm32f407xx.o(.text)
    DMA2_Stream0_IRQHandler                  0x08000303   Thumb Code     0  startup_stm32f407xx.o(.text)
    DMA2_Stream1_IRQHandler                  0x08000303   Thumb Code     0  startup_stm32f407xx.o(.text)
    DMA2_Stream2_IRQHandler                  0x08000303   Thumb Code     0  startup_stm32f407xx.o(.text)
    DMA2_Stream3_IRQHandler                  0x08000303   Thumb Code     0  startup_stm32f407xx.o(.text)
    DMA2_Stream4_IRQHandler                  0x08000303   Thumb Code     0  startup_stm32f407xx.o(.text)
    DMA2_Stream5_IRQHandler                  0x08000303   Thumb Code     0  startup_stm32f407xx.o(.text)
    DMA2_Stream6_IRQHandler                  0x08000303   Thumb Code     0  startup_stm32f407xx.o(.text)
    DMA2_Stream7_IRQHandler                  0x08000303   Thumb Code     0  startup_stm32f407xx.o(.text)
    ETH_IRQHandler                           0x08000303   Thumb Code     0  startup_stm32f407xx.o(.text)
    ETH_WKUP_IRQHandler                      0x08000303   Thumb Code     0  startup_stm32f407xx.o(.text)
    EXTI0_IRQHandler                         0x08000303   Thumb Code     0  startup_stm32f407xx.o(.text)
    EXTI1_IRQHandler                         0x08000303   Thumb Code     0  startup_stm32f407xx.o(.text)
    EXTI2_IRQHandler                         0x08000303   Thumb Code     0  startup_stm32f407xx.o(.text)
    EXTI3_IRQHandler                         0x08000303   Thumb Code     0  startup_stm32f407xx.o(.text)
    EXTI4_IRQHandler                         0x08000303   Thumb Code     0  startup_stm32f407xx.o(.text)
    EXTI9_5_IRQHandler                       0x08000303   Thumb Code     0  startup_stm32f407xx.o(.text)
    FLASH_IRQHandler                         0x08000303   Thumb Code     0  startup_stm32f407xx.o(.text)
    FMC_IRQHandler                           0x08000303   Thumb Code     0  startup_stm32f407xx.o(.text)
    FPU_IRQHandler                           0x08000303   Thumb Code     0  startup_stm32f407xx.o(.text)
    HASH_RNG_IRQHandler                      0x08000303   Thumb Code     0  startup_stm32f407xx.o(.text)
    I2C1_ER_IRQHandler                       0x08000303   Thumb Code     0  startup_stm32f407xx.o(.text)
    I2C1_EV_IRQHandler                       0x08000303   Thumb Code     0  startup_stm32f407xx.o(.text)
    I2C2_ER_IRQHandler                       0x08000303   Thumb Code     0  startup_stm32f407xx.o(.text)
    I2C2_EV_IRQHandler                       0x08000303   Thumb Code     0  startup_stm32f407xx.o(.text)
    I2C3_ER_IRQHandler                       0x08000303   Thumb Code     0  startup_stm32f407xx.o(.text)
    I2C3_EV_IRQHandler                       0x08000303   Thumb Code     0  startup_stm32f407xx.o(.text)
    OTG_FS_IRQHandler                        0x08000303   Thumb Code     0  startup_stm32f407xx.o(.text)
    OTG_FS_WKUP_IRQHandler                   0x08000303   Thumb Code     0  startup_stm32f407xx.o(.text)
    OTG_HS_EP1_IN_IRQHandler                 0x08000303   Thumb Code     0  startup_stm32f407xx.o(.text)
    OTG_HS_EP1_OUT_IRQHandler                0x08000303   Thumb Code     0  startup_stm32f407xx.o(.text)
    OTG_HS_IRQHandler                        0x08000303   Thumb Code     0  startup_stm32f407xx.o(.text)
    OTG_HS_WKUP_IRQHandler                   0x08000303   Thumb Code     0  startup_stm32f407xx.o(.text)
    PVD_IRQHandler                           0x08000303   Thumb Code     0  startup_stm32f407xx.o(.text)
    RCC_IRQHandler                           0x08000303   Thumb Code     0  startup_stm32f407xx.o(.text)
    RTC_Alarm_IRQHandler                     0x08000303   Thumb Code     0  startup_stm32f407xx.o(.text)
    RTC_WKUP_IRQHandler                      0x08000303   Thumb Code     0  startup_stm32f407xx.o(.text)
    SDIO_IRQHandler                          0x08000303   Thumb Code     0  startup_stm32f407xx.o(.text)
    SPI1_IRQHandler                          0x08000303   Thumb Code     0  startup_stm32f407xx.o(.text)
    SPI2_IRQHandler                          0x08000303   Thumb Code     0  startup_stm32f407xx.o(.text)
    SPI3_IRQHandler                          0x08000303   Thumb Code     0  startup_stm32f407xx.o(.text)
    TAMP_STAMP_IRQHandler                    0x08000303   Thumb Code     0  startup_stm32f407xx.o(.text)
    TIM1_BRK_TIM9_IRQHandler                 0x08000303   Thumb Code     0  startup_stm32f407xx.o(.text)
    TIM1_CC_IRQHandler                       0x08000303   Thumb Code     0  startup_stm32f407xx.o(.text)
    TIM1_TRG_COM_TIM11_IRQHandler            0x08000303   Thumb Code     0  startup_stm32f407xx.o(.text)
    TIM1_UP_TIM10_IRQHandler                 0x08000303   Thumb Code     0  startup_stm32f407xx.o(.text)
    TIM2_IRQHandler                          0x08000303   Thumb Code     0  startup_stm32f407xx.o(.text)
    TIM3_IRQHandler                          0x08000303   Thumb Code     0  startup_stm32f407xx.o(.text)
    TIM4_IRQHandler                          0x08000303   Thumb Code     0  startup_stm32f407xx.o(.text)
    TIM5_IRQHandler                          0x08000303   Thumb Code     0  startup_stm32f407xx.o(.text)
    TIM8_BRK_TIM12_IRQHandler                0x08000303   Thumb Code     0  startup_stm32f407xx.o(.text)
    TIM8_CC_IRQHandler                       0x08000303   Thumb Code     0  startup_stm32f407xx.o(.text)
    TIM8_TRG_COM_TIM14_IRQHandler            0x08000303   Thumb Code     0  startup_stm32f407xx.o(.text)
    TIM8_UP_TIM13_IRQHandler                 0x08000303   Thumb Code     0  startup_stm32f407xx.o(.text)
    UART4_IRQHandler                         0x08000303   Thumb Code     0  startup_stm32f407xx.o(.text)
    UART5_IRQHandler                         0x08000303   Thumb Code     0  startup_stm32f407xx.o(.text)
    USART3_IRQHandler                        0x08000303   Thumb Code     0  startup_stm32f407xx.o(.text)
    USART6_IRQHandler                        0x08000303   Thumb Code     0  startup_stm32f407xx.o(.text)
    WWDG_IRQHandler                          0x08000303   Thumb Code     0  startup_stm32f407xx.o(.text)
    __user_initial_stackheap                 0x08000305   Thumb Code     0  startup_stm32f407xx.o(.text)
    __aeabi_uldivmod                         0x08000329   Thumb Code     0  lludivv7m.o(.text)
    _ll_udiv                                 0x08000329   Thumb Code   238  lludivv7m.o(.text)
    __aeabi_memcpy                           0x08000417   Thumb Code     0  rt_memcpy_v6.o(.text)
    __rt_memcpy                              0x08000417   Thumb Code   138  rt_memcpy_v6.o(.text)
    _memcpy_lastbytes                        0x0800047d   Thumb Code     0  rt_memcpy_v6.o(.text)
    __aeabi_memset                           0x080004a1   Thumb Code    16  aeabi_memset.o(.text)
    __aeabi_memclr4                          0x080004b1   Thumb Code     0  rt_memclr_w.o(.text)
    __aeabi_memclr8                          0x080004b1   Thumb Code     0  rt_memclr_w.o(.text)
    __rt_memclr_w                            0x080004b1   Thumb Code    78  rt_memclr_w.o(.text)
    _memset_w                                0x080004b5   Thumb Code     0  rt_memclr_w.o(.text)
    __use_two_region_memory                  0x080004ff   Thumb Code     2  heapauxi.o(.text)
    __rt_heap_escrow$2region                 0x08000501   Thumb Code     2  heapauxi.o(.text)
    __rt_heap_expand$2region                 0x08000503   Thumb Code     2  heapauxi.o(.text)
    __aeabi_memcpy4                          0x08000505   Thumb Code     0  rt_memcpy_w.o(.text)
    __aeabi_memcpy8                          0x08000505   Thumb Code     0  rt_memcpy_w.o(.text)
    __rt_memcpy_w                            0x08000505   Thumb Code   100  rt_memcpy_w.o(.text)
    _memcpy_lastbytes_aligned                0x0800054d   Thumb Code     0  rt_memcpy_w.o(.text)
    __aeabi_memclr                           0x08000569   Thumb Code     0  rt_memclr.o(.text)
    __rt_memclr                              0x08000569   Thumb Code    68  rt_memclr.o(.text)
    _memset                                  0x0800056d   Thumb Code     0  rt_memclr.o(.text)
    __user_setup_stackheap                   0x080005ad   Thumb Code    74  sys_stackheap_outer.o(.text)
    exit                                     0x080005f7   Thumb Code    18  exit.o(.text)
    __user_libspace                          0x08000609   Thumb Code     8  libspace.o(.text)
    __user_perproc_libspace                  0x08000609   Thumb Code     0  libspace.o(.text)
    __user_perthread_libspace                0x08000609   Thumb Code     0  libspace.o(.text)
    _sys_exit                                0x08000611   Thumb Code     8  sys_exit.o(.text)
    __I$use$semihosting                      0x0800061d   Thumb Code     0  use_no_semi.o(.text)
    __use_no_semihosting_swi                 0x0800061d   Thumb Code     2  use_no_semi.o(.text)
    BusFault_Handler                         0x0800061f   Thumb Code     4  stm32f4xx_it.o(i.BusFault_Handler)
    __semihosting_library_function           0x0800061f   Thumb Code     0  indicate_semi.o(.text)
    CAN1_RX0_IRQHandler                      0x08000625   Thumb Code    10  stm32f4xx_it.o(i.CAN1_RX0_IRQHandler)
    CAN_cmd_chassis                          0x08000635   Thumb Code    68  can_receive.o(i.CAN_cmd_chassis)
    DMA1_Stream5_IRQHandler                  0x08000685   Thumb Code    10  stm32f4xx_it.o(i.DMA1_Stream5_IRQHandler)
    Data_Processing                          0x0800079f   Thumb Code    34  idlenew.o(i.Data_Processing)
    DebugMon_Handler                         0x080007c1   Thumb Code     2  stm32f4xx_it.o(i.DebugMon_Handler)
    EXTI15_10_IRQHandler                     0x080007c3   Thumb Code    36  stm32f4xx_it.o(i.EXTI15_10_IRQHandler)
    Error_Handler                            0x080007e7   Thumb Code     6  main.o(i.Error_Handler)
    HAL_CAN_ActivateNotification             0x080007ed   Thumb Code    42  stm32f4xx_hal_can.o(i.HAL_CAN_ActivateNotification)
    HAL_CAN_AddTxMessage                     0x08000817   Thumb Code   342  stm32f4xx_hal_can.o(i.HAL_CAN_AddTxMessage)
    HAL_CAN_ConfigFilter                     0x0800096d   Thumb Code   286  stm32f4xx_hal_can.o(i.HAL_CAN_ConfigFilter)
    HAL_CAN_ErrorCallback                    0x08000a91   Thumb Code     2  stm32f4xx_hal_can.o(i.HAL_CAN_ErrorCallback)
    HAL_CAN_GetRxMessage                     0x08000a93   Thumb Code   378  stm32f4xx_hal_can.o(i.HAL_CAN_GetRxMessage)
    HAL_CAN_IRQHandler                       0x08000c0d   Thumb Code   590  stm32f4xx_hal_can.o(i.HAL_CAN_IRQHandler)
    HAL_CAN_Init                             0x08000e5b   Thumb Code   372  stm32f4xx_hal_can.o(i.HAL_CAN_Init)
    HAL_CAN_MspInit                          0x08000fd1   Thumb Code   314  can.o(i.HAL_CAN_MspInit)
    HAL_CAN_RxFifo0FullCallback              0x08001125   Thumb Code     2  stm32f4xx_hal_can.o(i.HAL_CAN_RxFifo0FullCallback)
    HAL_CAN_RxFifo0MsgPendingCallback        0x08001129   Thumb Code   208  can_receive.o(i.HAL_CAN_RxFifo0MsgPendingCallback)
    HAL_CAN_RxFifo1FullCallback              0x08001205   Thumb Code     2  stm32f4xx_hal_can.o(i.HAL_CAN_RxFifo1FullCallback)
    HAL_CAN_RxFifo1MsgPendingCallback        0x08001207   Thumb Code     2  stm32f4xx_hal_can.o(i.HAL_CAN_RxFifo1MsgPendingCallback)
    HAL_CAN_SleepCallback                    0x08001209   Thumb Code     2  stm32f4xx_hal_can.o(i.HAL_CAN_SleepCallback)
    HAL_CAN_Start                            0x0800120b   Thumb Code    94  stm32f4xx_hal_can.o(i.HAL_CAN_Start)
    HAL_CAN_TxMailbox0AbortCallback          0x08001269   Thumb Code     2  stm32f4xx_hal_can.o(i.HAL_CAN_TxMailbox0AbortCallback)
    HAL_CAN_TxMailbox0CompleteCallback       0x0800126b   Thumb Code     2  stm32f4xx_hal_can.o(i.HAL_CAN_TxMailbox0CompleteCallback)
    HAL_CAN_TxMailbox1AbortCallback          0x0800126d   Thumb Code     2  stm32f4xx_hal_can.o(i.HAL_CAN_TxMailbox1AbortCallback)
    HAL_CAN_TxMailbox1CompleteCallback       0x0800126f   Thumb Code     2  stm32f4xx_hal_can.o(i.HAL_CAN_TxMailbox1CompleteCallback)
    HAL_CAN_TxMailbox2AbortCallback          0x08001271   Thumb Code     2  stm32f4xx_hal_can.o(i.HAL_CAN_TxMailbox2AbortCallback)
    HAL_CAN_TxMailbox2CompleteCallback       0x08001273   Thumb Code     2  stm32f4xx_hal_can.o(i.HAL_CAN_TxMailbox2CompleteCallback)
    HAL_CAN_WakeUpFromRxMsgCallback          0x08001275   Thumb Code     2  stm32f4xx_hal_can.o(i.HAL_CAN_WakeUpFromRxMsgCallback)
    HAL_DMA_Abort                            0x08001277   Thumb Code   172  stm32f4xx_hal_dma.o(i.HAL_DMA_Abort)
    HAL_DMA_Abort_IT                         0x08001323   Thumb Code    40  stm32f4xx_hal_dma.o(i.HAL_DMA_Abort_IT)
    HAL_DMA_IRQHandler                       0x0800134d   Thumb Code   570  stm32f4xx_hal_dma.o(i.HAL_DMA_IRQHandler)
    HAL_DMA_Init                             0x0800158d   Thumb Code   232  stm32f4xx_hal_dma.o(i.HAL_DMA_Init)
    HAL_DMA_Start_IT                         0x08001679   Thumb Code   146  stm32f4xx_hal_dma.o(i.HAL_DMA_Start_IT)
    HAL_Delay                                0x0800170d   Thumb Code    36  stm32f4xx_hal.o(i.HAL_Delay)
    HAL_GPIO_EXTI_Callback                   0x08001735   Thumb Code     2  stm32f4xx_hal_gpio.o(i.HAL_GPIO_EXTI_Callback)
    HAL_GPIO_EXTI_IRQHandler                 0x08001739   Thumb Code    24  stm32f4xx_hal_gpio.o(i.HAL_GPIO_EXTI_IRQHandler)
    HAL_GPIO_Init                            0x08001755   Thumb Code   454  stm32f4xx_hal_gpio.o(i.HAL_GPIO_Init)
    HAL_GPIO_WritePin                        0x08001949   Thumb Code    12  stm32f4xx_hal_gpio.o(i.HAL_GPIO_WritePin)
    HAL_GetTick                              0x08001955   Thumb Code     6  stm32f4xx_hal.o(i.HAL_GetTick)
    HAL_IncTick                              0x08001961   Thumb Code    16  stm32f4xx_hal.o(i.HAL_IncTick)
    HAL_Init                                 0x08001979   Thumb Code    54  stm32f4xx_hal.o(i.HAL_Init)
    HAL_InitTick                             0x080019b5   Thumb Code   160  stm32f4xx_hal_timebase_tim.o(i.HAL_InitTick)
    HAL_MspInit                              0x08001a69   Thumb Code    78  stm32f4xx_hal_msp.o(i.HAL_MspInit)
    HAL_NVIC_EnableIRQ                       0x08001abd   Thumb Code    32  stm32f4xx_hal_cortex.o(i.HAL_NVIC_EnableIRQ)
    HAL_NVIC_SetPriority                     0x08001add   Thumb Code   124  stm32f4xx_hal_cortex.o(i.HAL_NVIC_SetPriority)
    HAL_NVIC_SetPriorityGrouping             0x08001b59   Thumb Code    32  stm32f4xx_hal_cortex.o(i.HAL_NVIC_SetPriorityGrouping)
    HAL_RCC_CSSCallback                      0x08001b81   Thumb Code     2  stm32f4xx_hal_rcc.o(i.HAL_RCC_CSSCallback)
    HAL_RCC_ClockConfig                      0x08001b85   Thumb Code   368  stm32f4xx_hal_rcc.o(i.HAL_RCC_ClockConfig)
    HAL_RCC_EnableCSS                        0x08001d09   Thumb Code     8  stm32f4xx_hal_rcc.o(i.HAL_RCC_EnableCSS)
    HAL_RCC_GetClockConfig                   0x08001d15   Thumb Code    58  stm32f4xx_hal_rcc.o(i.HAL_RCC_GetClockConfig)
    HAL_RCC_GetHCLKFreq                      0x08001d59   Thumb Code     6  stm32f4xx_hal_rcc.o(i.HAL_RCC_GetHCLKFreq)
    HAL_RCC_GetPCLK1Freq                     0x08001d65   Thumb Code    22  stm32f4xx_hal_rcc.o(i.HAL_RCC_GetPCLK1Freq)
    HAL_RCC_GetPCLK2Freq                     0x08001d85   Thumb Code    22  stm32f4xx_hal_rcc.o(i.HAL_RCC_GetPCLK2Freq)
    HAL_RCC_GetSysClockFreq                  0x08001da5   Thumb Code   162  stm32f4xx_hal_rcc.o(i.HAL_RCC_GetSysClockFreq)
    HAL_RCC_NMI_IRQHandler                   0x08001e55   Thumb Code    28  stm32f4xx_hal_rcc.o(i.HAL_RCC_NMI_IRQHandler)
    HAL_RCC_OscConfig                        0x08001e75   Thumb Code  1172  stm32f4xx_hal_rcc.o(i.HAL_RCC_OscConfig)
    HAL_TIMEx_BreakCallback                  0x08002311   Thumb Code     2  stm32f4xx_hal_tim_ex.o(i.HAL_TIMEx_BreakCallback)
    HAL_TIMEx_CommutCallback                 0x08002313   Thumb Code     2  stm32f4xx_hal_tim_ex.o(i.HAL_TIMEx_CommutCallback)
    HAL_TIMEx_ConfigBreakDeadTime            0x08002315   Thumb Code   116  stm32f4xx_hal_tim_ex.o(i.HAL_TIMEx_ConfigBreakDeadTime)
    HAL_TIMEx_MasterConfigSynchronization    0x08002389   Thumb Code   150  stm32f4xx_hal_tim_ex.o(i.HAL_TIMEx_MasterConfigSynchronization)
    HAL_TIM_Base_Init                        0x0800243d   Thumb Code   102  stm32f4xx_hal_tim.o(i.HAL_TIM_Base_Init)
    HAL_TIM_Base_MspInit                     0x080024a5   Thumb Code   194  tim.o(i.HAL_TIM_Base_MspInit)
    HAL_TIM_Base_Start_IT                    0x0800257d   Thumb Code   138  stm32f4xx_hal_tim.o(i.HAL_TIM_Base_Start_IT)
    HAL_TIM_ConfigClockSource                0x08002625   Thumb Code   268  stm32f4xx_hal_tim.o(i.HAL_TIM_ConfigClockSource)
    HAL_TIM_Encoder_Init                     0x08002731   Thumb Code   200  stm32f4xx_hal_tim.o(i.HAL_TIM_Encoder_Init)
    HAL_TIM_Encoder_MspInit                  0x080027f9   Thumb Code   280  tim.o(i.HAL_TIM_Encoder_MspInit)
    HAL_TIM_IC_CaptureCallback               0x08002921   Thumb Code     2  stm32f4xx_hal_tim.o(i.HAL_TIM_IC_CaptureCallback)
    HAL_TIM_IRQHandler                       0x08002923   Thumb Code   406  stm32f4xx_hal_tim.o(i.HAL_TIM_IRQHandler)
    HAL_TIM_MspPostInit                      0x08002ab9   Thumb Code   350  tim.o(i.HAL_TIM_MspPostInit)
    HAL_TIM_OC_DelayElapsedCallback          0x08002c3d   Thumb Code     2  stm32f4xx_hal_tim.o(i.HAL_TIM_OC_DelayElapsedCallback)
    HAL_TIM_PWM_ConfigChannel                0x08002c3f   Thumb Code   260  stm32f4xx_hal_tim.o(i.HAL_TIM_PWM_ConfigChannel)
    HAL_TIM_PWM_Init                         0x08002d43   Thumb Code   102  stm32f4xx_hal_tim.o(i.HAL_TIM_PWM_Init)
    HAL_TIM_PWM_MspInit                      0x08002da9   Thumb Code    44  tim.o(i.HAL_TIM_PWM_MspInit)
    HAL_TIM_PWM_PulseFinishedCallback        0x08002ddd   Thumb Code     2  stm32f4xx_hal_tim.o(i.HAL_TIM_PWM_PulseFinishedCallback)
    HAL_TIM_PWM_Start                        0x08002de1   Thumb Code   238  stm32f4xx_hal_tim.o(i.HAL_TIM_PWM_Start)
    HAL_TIM_PeriodElapsedCallback            0x08002eed   Thumb Code    18  main.o(i.HAL_TIM_PeriodElapsedCallback)
    HAL_TIM_TriggerCallback                  0x08002f05   Thumb Code     2  stm32f4xx_hal_tim.o(i.HAL_TIM_TriggerCallback)
    HAL_UARTEx_RxEventCallback               0x08002f07   Thumb Code     2  stm32f4xx_hal_uart.o(i.HAL_UARTEx_RxEventCallback)
    HAL_UART_DMAStop                         0x08002f09   Thumb Code   138  stm32f4xx_hal_uart.o(i.HAL_UART_DMAStop)
    HAL_UART_ErrorCallback                   0x08002f93   Thumb Code     2  stm32f4xx_hal_uart.o(i.HAL_UART_ErrorCallback)
    HAL_UART_IRQHandler                      0x08002f95   Thumb Code   732  stm32f4xx_hal_uart.o(i.HAL_UART_IRQHandler)
    HAL_UART_Init                            0x08003275   Thumb Code   114  stm32f4xx_hal_uart.o(i.HAL_UART_Init)
    HAL_UART_MspInit                         0x080032e9   Thumb Code   324  usart.o(i.HAL_UART_MspInit)
    HAL_UART_Receive_DMA                     0x08003445   Thumb Code    66  stm32f4xx_hal_uart.o(i.HAL_UART_Receive_DMA)
    HAL_UART_RxCpltCallback                  0x08003487   Thumb Code     2  stm32f4xx_hal_uart.o(i.HAL_UART_RxCpltCallback)
    HAL_UART_RxHalfCpltCallback              0x08003489   Thumb Code     2  stm32f4xx_hal_uart.o(i.HAL_UART_RxHalfCpltCallback)
    HAL_UART_TxCpltCallback                  0x0800348b   Thumb Code     2  stm32f4xx_hal_uart.o(i.HAL_UART_TxCpltCallback)
    HardFault_Handler                        0x0800348d   Thumb Code     4  stm32f4xx_it.o(i.HardFault_Handler)
    MX_CAN1_Init                             0x08003491   Thumb Code    62  can.o(i.MX_CAN1_Init)
    MX_CAN2_Init                             0x080034d9   Thumb Code    48  can.o(i.MX_CAN2_Init)
    MX_DMA_Init                              0x08003511   Thumb Code    52  dma.o(i.MX_DMA_Init)
    MX_FREERTOS_Init                         0x08003549   Thumb Code    50  freertos.o(i.MX_FREERTOS_Init)
    MX_GPIO_Init                             0x08003599   Thumb Code   274  gpio.o(i.MX_GPIO_Init)
    MX_TIM12_Init                            0x080036b5   Thumb Code   106  tim.o(i.MX_TIM12_Init)
    MX_TIM1_Init                             0x08003729   Thumb Code   256  tim.o(i.MX_TIM1_Init)
    MX_TIM2_Init                             0x08003831   Thumb Code   114  tim.o(i.MX_TIM2_Init)
    MX_TIM3_Init                             0x080038a9   Thumb Code   202  tim.o(i.MX_TIM3_Init)
    MX_TIM4_Init                             0x0800397d   Thumb Code   206  tim.o(i.MX_TIM4_Init)
    MX_TIM5_Init                             0x08003a55   Thumb Code   112  tim.o(i.MX_TIM5_Init)
    MX_TIM6_Init                             0x08003acd   Thumb Code    66  tim.o(i.MX_TIM6_Init)
    MX_USART1_UART_Init                      0x08003b19   Thumb Code    46  usart.o(i.MX_USART1_UART_Init)
    MX_USART2_UART_Init                      0x08003b51   Thumb Code    46  usart.o(i.MX_USART2_UART_Init)
    MemManage_Handler                        0x08003b89   Thumb Code     4  stm32f4xx_it.o(i.MemManage_Handler)
    NMI_Handler                              0x08003b8d   Thumb Code     8  stm32f4xx_it.o(i.NMI_Handler)
    SendCanTask                              0x08003b95   Thumb Code    18  freertos.o(i.SendCanTask)
    Shot_Control                             0x08003ba9   Thumb Code    54  motors.o(i.Shot_Control)
    SysTick_Handler                          0x08003be9   Thumb Code    26  cmsis_os2.o(i.SysTick_Handler)
    SystemClock_Config                       0x08003c05   Thumb Code   174  main.o(i.SystemClock_Config)
    SystemInit                               0x08003cbd   Thumb Code    14  system_stm32f4xx.o(i.SystemInit)
    TIM6_DAC_IRQHandler                      0x08003cd1   Thumb Code    10  stm32f4xx_it.o(i.TIM6_DAC_IRQHandler)
    TIM7_IRQHandler                          0x08003ce1   Thumb Code    10  stm32f4xx_it.o(i.TIM7_IRQHandler)
    TIM_Base_SetConfig                       0x08003cf1   Thumb Code   170  stm32f4xx_hal_tim.o(i.TIM_Base_SetConfig)
    TIM_CCxChannelCmd                        0x08003dc9   Thumb Code    34  stm32f4xx_hal_tim.o(i.TIM_CCxChannelCmd)
    TIM_ETR_SetConfig                        0x08003deb   Thumb Code    22  stm32f4xx_hal_tim.o(i.TIM_ETR_SetConfig)
    TIM_OC2_SetConfig                        0x08003e85   Thumb Code   114  stm32f4xx_hal_tim.o(i.TIM_OC2_SetConfig)
    TaskAssignTask                           0x0800401d   Thumb Code   168  freertos.o(i.TaskAssignTask)
    UART_Start_Receive_DMA                   0x080045dd   Thumb Code   196  stm32f4xx_hal_uart.o(i.UART_Start_Receive_DMA)
    USART1_IRQHandler                        0x0800470d   Thumb Code    10  stm32f4xx_it.o(i.USART1_IRQHandler)
    USART2_IRQHandler                        0x0800471d   Thumb Code    16  stm32f4xx_it.o(i.USART2_IRQHandler)
    USER_TIM_PWM_Init                        0x08004731   Thumb Code   116  motors.o(i.USER_TIM_PWM_Init)
    UsageFault_Handler                       0x080047b5   Thumb Code     4  stm32f4xx_it.o(i.UsageFault_Handler)
    Usart_Receive_Data                       0x080047b9   Thumb Code   110  idlenew.o(i.Usart_Receive_Data)
    can_filter_init                          0x08004871   Thumb Code    56  bsp_can.o(i.can_filter_init)
    chassis_changeSpeed                      0x0800492d   Thumb Code   224  chassis.o(i.chassis_changeSpeed)
    chassis_init                             0x08004a2d   Thumb Code   100  chassis.o(i.chassis_init)
    chassis_pid                              0x08004a9d   Thumb Code     8  chassis.o(i.chassis_pid)
    chassis_sendcan                          0x08004aa5   Thumb Code     8  chassis.o(i.chassis_sendcan)
    get_chassis_motor_measure_point          0x08004be5   Thumb Code    18  can_receive.o(i.get_chassis_motor_measure_point)
    main                                     0x08004bfd   Thumb Code   128  main.o(i.main)
    osDelay                                  0x08004c89   Thumb Code    30  cmsis_os2.o(i.osDelay)
    osKernelInitialize                       0x08004ca9   Thumb Code    34  cmsis_os2.o(i.osKernelInitialize)
    osKernelStart                            0x08004cd1   Thumb Code    48  cmsis_os2.o(i.osKernelStart)
    osThreadNew                              0x08004d09   Thumb Code   188  cmsis_os2.o(i.osThreadNew)
    pid_init                                 0x08004ed5   Thumb Code    14  pid.o(i.pid_init)
    pvPortMalloc                             0x080057d5   Thumb Code   224  heap_4.o(i.pvPortMalloc)
    pxPortInitialiseStack                    0x080058bd   Thumb Code    38  port.o(i.pxPortInitialiseStack)
    uxListRemove                             0x0800593d   Thumb Code    38  list.o(i.uxListRemove)
    vApplicationGetIdleTaskMemory            0x08005965   Thumb Code    16  cmsis_os2.o(i.vApplicationGetIdleTaskMemory)
    vApplicationGetTimerTaskMemory           0x08005979   Thumb Code    18  cmsis_os2.o(i.vApplicationGetTimerTaskMemory)
    vListInitialise                          0x08005991   Thumb Code    22  list.o(i.vListInitialise)
    vListInitialiseItem                      0x080059a7   Thumb Code     6  list.o(i.vListInitialiseItem)
    vListInsert                              0x080059ad   Thumb Code    54  list.o(i.vListInsert)
    vListInsertEnd                           0x080059e3   Thumb Code    24  list.o(i.vListInsertEnd)
    vPortEnterCritical                       0x080059fd   Thumb Code    54  port.o(i.vPortEnterCritical)
    vPortExitCritical                        0x08005a3d   Thumb Code    38  port.o(i.vPortExitCritical)
    vPortFree                                0x08005a69   Thumb Code    94  heap_4.o(i.vPortFree)
    vPortSetupTimerInterrupt                 0x08005acd   Thumb Code    32  port.o(i.vPortSetupTimerInterrupt)
    vPortValidateInterruptPriority           0x08005af1   Thumb Code    74  port.o(i.vPortValidateInterruptPriority)
    vQueueAddToRegistry                      0x08005b45   Thumb Code    34  queue.o(i.vQueueAddToRegistry)
    vQueueWaitForMessageRestricted           0x08005b6d   Thumb Code    74  queue.o(i.vQueueWaitForMessageRestricted)
    vTaskDelay                               0x08005bb9   Thumb Code    70  tasks.o(i.vTaskDelay)
    vTaskInternalSetTimeOutState             0x08005c09   Thumb Code    12  tasks.o(i.vTaskInternalSetTimeOutState)
    vTaskMissedYield                         0x08005c19   Thumb Code     8  tasks.o(i.vTaskMissedYield)
    vTaskPlaceOnEventList                    0x08005c25   Thumb Code    48  tasks.o(i.vTaskPlaceOnEventList)
    vTaskPlaceOnEventListRestricted          0x08005c59   Thumb Code    54  tasks.o(i.vTaskPlaceOnEventListRestricted)
    vTaskStartScheduler                      0x08005c95   Thumb Code   128  tasks.o(i.vTaskStartScheduler)
    vTaskSuspend                             0x08005d25   Thumb Code   144  tasks.o(i.vTaskSuspend)
    vTaskSuspendAll                          0x08005dc1   Thumb Code    10  tasks.o(i.vTaskSuspendAll)
    vTaskSwitchContext                       0x08005dd1   Thumb Code   100  tasks.o(i.vTaskSwitchContext)
    xPortStartScheduler                      0x08005e3d   Thumb Code   232  port.o(i.xPortStartScheduler)
    xPortSysTickHandler                      0x08005f41   Thumb Code    38  port.o(i.xPortSysTickHandler)
    xQueueGenericCreateStatic                0x08005f6d   Thumb Code   112  queue.o(i.xQueueGenericCreateStatic)
    xQueueGenericReset                       0x08005fdd   Thumb Code   138  queue.o(i.xQueueGenericReset)
    xQueueGenericSend                        0x0800606d   Thumb Code   362  queue.o(i.xQueueGenericSend)
    xQueueGenericSendFromISR                 0x080061dd   Thumb Code   190  queue.o(i.xQueueGenericSendFromISR)
    xQueueReceive                            0x0800629d   Thumb Code   322  queue.o(i.xQueueReceive)
    xTaskCheckForTimeOut                     0x080063e5   Thumb Code   122  tasks.o(i.xTaskCheckForTimeOut)
    xTaskCreate                              0x08006465   Thumb Code   108  tasks.o(i.xTaskCreate)
    xTaskCreateStatic                        0x080064d1   Thumb Code    96  tasks.o(i.xTaskCreateStatic)
    xTaskGetSchedulerState                   0x08006531   Thumb Code    24  tasks.o(i.xTaskGetSchedulerState)
    xTaskGetTickCount                        0x0800654d   Thumb Code     6  tasks.o(i.xTaskGetTickCount)
    xTaskIncrementTick                       0x08006559   Thumb Code   196  tasks.o(i.xTaskIncrementTick)
    xTaskPriorityDisinherit                  0x08006625   Thumb Code   118  tasks.o(i.xTaskPriorityDisinherit)
    xTaskRemoveFromEventList                 0x080066a5   Thumb Code   106  tasks.o(i.xTaskRemoveFromEventList)
    xTaskResumeAll                           0x0800671d   Thumb Code   190  tasks.o(i.xTaskResumeAll)
    xTaskResumeFromISR                       0x080067e9   Thumb Code   130  tasks.o(i.xTaskResumeFromISR)
    xTimerCreateTimerTask                    0x08006879   Thumb Code    86  timers.o(i.xTimerCreateTimerTask)
    xTimerGenericCommand                     0x080068e1   Thumb Code   112  timers.o(i.xTimerGenericCommand)
    _fp_init                                 0x08006955   Thumb Code    10  fpinit.o(x$fpl$fpinit)
    __fplib_config_fpu_vfp                   0x0800695d   Thumb Code     0  fpinit.o(x$fpl$fpinit)
    __fplib_config_pureend_doubles           0x0800695d   Thumb Code     0  fpinit.o(x$fpl$fpinit)
    mySendCan_attributes                     0x08006960   Data          36  freertos.o(.constdata)
    myTaskAssign_attributes                  0x08006984   Data          36  freertos.o(.constdata)
    AHBPrescTable                            0x080069b0   Data          16  system_stm32f4xx.o(.constdata)
    APBPrescTable                            0x080069c0   Data           8  system_stm32f4xx.o(.constdata)
    Region$$Table$$Base                      0x080069e4   Number         0  anon$$obj.o(Region$$Table)
    Region$$Table$$Limit                     0x08006a04   Number         0  anon$$obj.o(Region$$Table)
    vx                                       0x20000014   Data           4  chassis.o(.data)
    vy                                       0x20000018   Data           4  chassis.o(.data)
    wz                                       0x2000001c   Data           4  chassis.o(.data)
    mySendCanHandle                          0x20000020   Data           4  freertos.o(.data)
    myTaskAssignHandle                       0x20000024   Data           4  freertos.o(.data)
    uwTick                                   0x2000002c   Data           4  stm32f4xx_hal.o(.data)
    uwTickPrio                               0x20000030   Data           4  stm32f4xx_hal.o(.data)
    uwTickFreq                               0x20000034   Data           1  stm32f4xx_hal.o(.data)
    SystemCoreClock                          0x20000038   Data           4  system_stm32f4xx.o(.data)
    pxCurrentTCB                             0x2000003c   Data           4  tasks.o(.data)
    drive_motor_pid                          0x20000134   Data         400  pid.o(.bss)
    motor_pid                                0x200002c4   Data          72  chassis.o(.bss)
    motor_data                               0x2000030c   Data          16  chassis.o(.bss)
    wheel_speed                              0x2000031c   Data          16  chassis.o(.bss)
    buffer                                   0x2000032c   Data         255  main.o(.bss)
    remotedata                               0x2000042c   Data          26  freertos.o(.bss)
    lastRemote                               0x20000446   Data          26  freertos.o(.bss)
    hcan1                                    0x20000460   Data          40  can.o(.bss)
    hcan2                                    0x20000488   Data          40  can.o(.bss)
    htim1                                    0x200004b0   Data          72  tim.o(.bss)
    htim2                                    0x200004f8   Data          72  tim.o(.bss)
    htim3                                    0x20000540   Data          72  tim.o(.bss)
    htim4                                    0x20000588   Data          72  tim.o(.bss)
    htim5                                    0x200005d0   Data          72  tim.o(.bss)
    htim6                                    0x20000618   Data          72  tim.o(.bss)
    htim12                                   0x20000660   Data          72  tim.o(.bss)
    huart1                                   0x200006a8   Data          68  usart.o(.bss)
    huart2                                   0x200006ec   Data          68  usart.o(.bss)
    hdma_usart2_rx                           0x20000730   Data          96  usart.o(.bss)
    htim7                                    0x20000790   Data          72  stm32f4xx_hal_timebase_tim.o(.bss)
    xQueueRegistry                           0x200007d8   Data          64  queue.o(.bss)
    __libspace_start                         0x200050ac   Data          96  libspace.o(.bss)
    __temporary_stack_top$libspace           0x2000510c   Data           0  libspace.o(.bss)



==============================================================================

Memory Map of the image

  Image Entry point : 0x08000189

  Load Region LR_IROM1 (Base: 0x08000000, Size: 0x00006ac0, Max: 0x00100000, ABSOLUTE)

    Execution Region ER_IROM1 (Exec base: 0x08000000, Load base: 0x08000000, Size: 0x00006a04, Max: 0x00100000, ABSOLUTE)

    Exec Addr    Load Addr    Size         Type   Attr      Idx    E Section Name        Object

    0x08000000   0x08000000   0x00000188   Data   RO            3    RESET               startup_stm32f407xx.o
    0x08000188   0x08000188   0x00000008   Code   RO         5774  * !!!main             c_w.l(__main.o)
    0x08000190   0x08000190   0x00000034   Code   RO         5974    !!!scatter          c_w.l(__scatter.o)
    0x080001c4   0x080001c4   0x0000001a   Code   RO         5976    !!handler_copy      c_w.l(__scatter_copy.o)
    0x080001de   0x080001de   0x00000002   PAD
    0x080001e0   0x080001e0   0x0000001c   Code   RO         5978    !!handler_zi        c_w.l(__scatter_zi.o)
    0x080001fc   0x080001fc   0x00000002   Code   RO         5842    .ARM.Collect$$libinit$$00000000  c_w.l(libinit.o)
    0x080001fe   0x080001fe   0x00000004   Code   RO         5854    .ARM.Collect$$libinit$$00000001  c_w.l(libinit2.o)
    0x08000202   0x08000202   0x00000000   Code   RO         5857    .ARM.Collect$$libinit$$00000004  c_w.l(libinit2.o)
    0x08000202   0x08000202   0x00000000   Code   RO         5860    .ARM.Collect$$libinit$$0000000A  c_w.l(libinit2.o)
    0x08000202   0x08000202   0x00000000   Code   RO         5862    .ARM.Collect$$libinit$$0000000C  c_w.l(libinit2.o)
    0x08000202   0x08000202   0x00000000   Code   RO         5864    .ARM.Collect$$libinit$$0000000E  c_w.l(libinit2.o)
    0x08000202   0x08000202   0x00000000   Code   RO         5867    .ARM.Collect$$libinit$$00000011  c_w.l(libinit2.o)
    0x08000202   0x08000202   0x00000000   Code   RO         5869    .ARM.Collect$$libinit$$00000013  c_w.l(libinit2.o)
    0x08000202   0x08000202   0x00000000   Code   RO         5871    .ARM.Collect$$libinit$$00000015  c_w.l(libinit2.o)
    0x08000202   0x08000202   0x00000000   Code   RO         5873    .ARM.Collect$$libinit$$00000017  c_w.l(libinit2.o)
    0x08000202   0x08000202   0x00000000   Code   RO         5875    .ARM.Collect$$libinit$$00000019  c_w.l(libinit2.o)
    0x08000202   0x08000202   0x00000000   Code   RO         5877    .ARM.Collect$$libinit$$0000001B  c_w.l(libinit2.o)
    0x08000202   0x08000202   0x00000000   Code   RO         5879    .ARM.Collect$$libinit$$0000001D  c_w.l(libinit2.o)
    0x08000202   0x08000202   0x00000000   Code   RO         5881    .ARM.Collect$$libinit$$0000001F  c_w.l(libinit2.o)
    0x08000202   0x08000202   0x00000000   Code   RO         5883    .ARM.Collect$$libinit$$00000021  c_w.l(libinit2.o)
    0x08000202   0x08000202   0x00000000   Code   RO         5885    .ARM.Collect$$libinit$$00000023  c_w.l(libinit2.o)
    0x08000202   0x08000202   0x00000000   Code   RO         5887    .ARM.Collect$$libinit$$00000025  c_w.l(libinit2.o)
    0x08000202   0x08000202   0x00000000   Code   RO         5891    .ARM.Collect$$libinit$$0000002C  c_w.l(libinit2.o)
    0x08000202   0x08000202   0x00000000   Code   RO         5893    .ARM.Collect$$libinit$$0000002E  c_w.l(libinit2.o)
    0x08000202   0x08000202   0x00000000   Code   RO         5895    .ARM.Collect$$libinit$$00000030  c_w.l(libinit2.o)
    0x08000202   0x08000202   0x00000000   Code   RO         5897    .ARM.Collect$$libinit$$00000032  c_w.l(libinit2.o)
    0x08000202   0x08000202   0x00000002   Code   RO         5898    .ARM.Collect$$libinit$$00000033  c_w.l(libinit2.o)
    0x08000204   0x08000204   0x00000002   Code   RO         5929    .ARM.Collect$$libshutdown$$00000000  c_w.l(libshutdown.o)
    0x08000206   0x08000206   0x00000000   Code   RO         5955    .ARM.Collect$$libshutdown$$00000002  c_w.l(libshutdown2.o)
    0x08000206   0x08000206   0x00000000   Code   RO         5957    .ARM.Collect$$libshutdown$$00000004  c_w.l(libshutdown2.o)
    0x08000206   0x08000206   0x00000000   Code   RO         5959    .ARM.Collect$$libshutdown$$00000006  c_w.l(libshutdown2.o)
    0x08000206   0x08000206   0x00000000   Code   RO         5962    .ARM.Collect$$libshutdown$$00000009  c_w.l(libshutdown2.o)
    0x08000206   0x08000206   0x00000000   Code   RO         5965    .ARM.Collect$$libshutdown$$0000000C  c_w.l(libshutdown2.o)
    0x08000206   0x08000206   0x00000000   Code   RO         5967    .ARM.Collect$$libshutdown$$0000000E  c_w.l(libshutdown2.o)
    0x08000206   0x08000206   0x00000000   Code   RO         5970    .ARM.Collect$$libshutdown$$00000011  c_w.l(libshutdown2.o)
    0x08000206   0x08000206   0x00000002   Code   RO         5971    .ARM.Collect$$libshutdown$$00000012  c_w.l(libshutdown2.o)
    0x08000208   0x08000208   0x00000000   Code   RO         5798    .ARM.Collect$$rtentry$$00000000  c_w.l(__rtentry.o)
    0x08000208   0x08000208   0x00000000   Code   RO         5813    .ARM.Collect$$rtentry$$00000002  c_w.l(__rtentry2.o)
    0x08000208   0x08000208   0x00000006   Code   RO         5825    .ARM.Collect$$rtentry$$00000004  c_w.l(__rtentry4.o)
    0x0800020e   0x0800020e   0x00000000   Code   RO         5815    .ARM.Collect$$rtentry$$00000009  c_w.l(__rtentry2.o)
    0x0800020e   0x0800020e   0x00000004   Code   RO         5816    .ARM.Collect$$rtentry$$0000000A  c_w.l(__rtentry2.o)
    0x08000212   0x08000212   0x00000000   Code   RO         5818    .ARM.Collect$$rtentry$$0000000C  c_w.l(__rtentry2.o)
    0x08000212   0x08000212   0x00000008   Code   RO         5819    .ARM.Collect$$rtentry$$0000000D  c_w.l(__rtentry2.o)
    0x0800021a   0x0800021a   0x00000002   Code   RO         5846    .ARM.Collect$$rtexit$$00000000  c_w.l(rtexit.o)
    0x0800021c   0x0800021c   0x00000000   Code   RO         5902    .ARM.Collect$$rtexit$$00000002  c_w.l(rtexit2.o)
    0x0800021c   0x0800021c   0x00000004   Code   RO         5903    .ARM.Collect$$rtexit$$00000003  c_w.l(rtexit2.o)
    0x08000220   0x08000220   0x00000006   Code   RO         5904    .ARM.Collect$$rtexit$$00000004  c_w.l(rtexit2.o)
    0x08000226   0x08000226   0x00000002   PAD
    0x08000228   0x08000228   0x000000be   Code   RO         5683    .emb_text           port.o
    0x080002e6   0x080002e6   0x00000002   PAD
    0x080002e8   0x080002e8   0x00000040   Code   RO            4    .text               startup_stm32f407xx.o
    0x08000328   0x08000328   0x000000ee   Code   RO         5762    .text               c_w.l(lludivv7m.o)
    0x08000416   0x08000416   0x0000008a   Code   RO         5764    .text               c_w.l(rt_memcpy_v6.o)
    0x080004a0   0x080004a0   0x00000010   Code   RO         5768    .text               c_w.l(aeabi_memset.o)
    0x080004b0   0x080004b0   0x0000004e   Code   RO         5770    .text               c_w.l(rt_memclr_w.o)
    0x080004fe   0x080004fe   0x00000006   Code   RO         5772    .text               c_w.l(heapauxi.o)
    0x08000504   0x08000504   0x00000064   Code   RO         5803    .text               c_w.l(rt_memcpy_w.o)
    0x08000568   0x08000568   0x00000044   Code   RO         5805    .text               c_w.l(rt_memclr.o)
    0x080005ac   0x080005ac   0x0000004a   Code   RO         5829    .text               c_w.l(sys_stackheap_outer.o)
    0x080005f6   0x080005f6   0x00000012   Code   RO         5831    .text               c_w.l(exit.o)
    0x08000608   0x08000608   0x00000008   Code   RO         5843    .text               c_w.l(libspace.o)
    0x08000610   0x08000610   0x0000000c   Code   RO         5899    .text               c_w.l(sys_exit.o)
    0x0800061c   0x0800061c   0x00000002   Code   RO         5918    .text               c_w.l(use_no_semi.o)
    0x0800061e   0x0800061e   0x00000000   Code   RO         5920    .text               c_w.l(indicate_semi.o)
    0x0800061e   0x0800061e   0x00000004   Code   RO          988    i.BusFault_Handler  stm32f4xx_it.o
    0x08000622   0x08000622   0x00000002   PAD
    0x08000624   0x08000624   0x00000010   Code   RO          989    i.CAN1_RX0_IRQHandler  stm32f4xx_it.o
    0x08000634   0x08000634   0x00000050   Code   RO           13    i.CAN_cmd_chassis   can_receive.o
    0x08000684   0x08000684   0x00000010   Code   RO          990    i.DMA1_Stream5_IRQHandler  stm32f4xx_it.o
    0x08000694   0x08000694   0x00000034   Code   RO         1893    i.DMA_CalcBaseAndBitshift  stm32f4xx_hal_dma.o
    0x080006c8   0x080006c8   0x000000aa   Code   RO         1894    i.DMA_CheckFifoParam  stm32f4xx_hal_dma.o
    0x08000772   0x08000772   0x0000002c   Code   RO         1895    i.DMA_SetConfig     stm32f4xx_hal_dma.o
    0x0800079e   0x0800079e   0x00000022   Code   RO          416    i.Data_Processing   idlenew.o
    0x080007c0   0x080007c0   0x00000002   Code   RO          991    i.DebugMon_Handler  stm32f4xx_it.o
    0x080007c2   0x080007c2   0x00000024   Code   RO          992    i.EXTI15_10_IRQHandler  stm32f4xx_it.o
    0x080007e6   0x080007e6   0x00000006   Code   RO          620    i.Error_Handler     main.o
    0x080007ec   0x080007ec   0x0000002a   Code   RO         1156    i.HAL_CAN_ActivateNotification  stm32f4xx_hal_can.o
    0x08000816   0x08000816   0x00000156   Code   RO         1157    i.HAL_CAN_AddTxMessage  stm32f4xx_hal_can.o
    0x0800096c   0x0800096c   0x00000124   Code   RO         1158    i.HAL_CAN_ConfigFilter  stm32f4xx_hal_can.o
    0x08000a90   0x08000a90   0x00000002   Code   RO         1161    i.HAL_CAN_ErrorCallback  stm32f4xx_hal_can.o
    0x08000a92   0x08000a92   0x0000017a   Code   RO         1164    i.HAL_CAN_GetRxMessage  stm32f4xx_hal_can.o
    0x08000c0c   0x08000c0c   0x0000024e   Code   RO         1168    i.HAL_CAN_IRQHandler  stm32f4xx_hal_can.o
    0x08000e5a   0x08000e5a   0x00000174   Code   RO         1169    i.HAL_CAN_Init      stm32f4xx_hal_can.o
    0x08000fce   0x08000fce   0x00000002   PAD
    0x08000fd0   0x08000fd0   0x00000154   Code   RO          760    i.HAL_CAN_MspInit   can.o
    0x08001124   0x08001124   0x00000002   Code   RO         1176    i.HAL_CAN_RxFifo0FullCallback  stm32f4xx_hal_can.o
    0x08001126   0x08001126   0x00000002   PAD
    0x08001128   0x08001128   0x000000dc   Code   RO           16    i.HAL_CAN_RxFifo0MsgPendingCallback  can_receive.o
    0x08001204   0x08001204   0x00000002   Code   RO         1178    i.HAL_CAN_RxFifo1FullCallback  stm32f4xx_hal_can.o
    0x08001206   0x08001206   0x00000002   Code   RO         1179    i.HAL_CAN_RxFifo1MsgPendingCallback  stm32f4xx_hal_can.o
    0x08001208   0x08001208   0x00000002   Code   RO         1180    i.HAL_CAN_SleepCallback  stm32f4xx_hal_can.o
    0x0800120a   0x0800120a   0x0000005e   Code   RO         1181    i.HAL_CAN_Start     stm32f4xx_hal_can.o
    0x08001268   0x08001268   0x00000002   Code   RO         1183    i.HAL_CAN_TxMailbox0AbortCallback  stm32f4xx_hal_can.o
    0x0800126a   0x0800126a   0x00000002   Code   RO         1184    i.HAL_CAN_TxMailbox0CompleteCallback  stm32f4xx_hal_can.o
    0x0800126c   0x0800126c   0x00000002   Code   RO         1185    i.HAL_CAN_TxMailbox1AbortCallback  stm32f4xx_hal_can.o
    0x0800126e   0x0800126e   0x00000002   Code   RO         1186    i.HAL_CAN_TxMailbox1CompleteCallback  stm32f4xx_hal_can.o
    0x08001270   0x08001270   0x00000002   Code   RO         1187    i.HAL_CAN_TxMailbox2AbortCallback  stm32f4xx_hal_can.o
    0x08001272   0x08001272   0x00000002   Code   RO         1188    i.HAL_CAN_TxMailbox2CompleteCallback  stm32f4xx_hal_can.o
    0x08001274   0x08001274   0x00000002   Code   RO         1190    i.HAL_CAN_WakeUpFromRxMsgCallback  stm32f4xx_hal_can.o
    0x08001276   0x08001276   0x000000ac   Code   RO         1896    i.HAL_DMA_Abort     stm32f4xx_hal_dma.o
    0x08001322   0x08001322   0x00000028   Code   RO         1897    i.HAL_DMA_Abort_IT  stm32f4xx_hal_dma.o
    0x0800134a   0x0800134a   0x00000002   PAD
    0x0800134c   0x0800134c   0x00000240   Code   RO         1901    i.HAL_DMA_IRQHandler  stm32f4xx_hal_dma.o
    0x0800158c   0x0800158c   0x000000ec   Code   RO         1902    i.HAL_DMA_Init      stm32f4xx_hal_dma.o
    0x08001678   0x08001678   0x00000092   Code   RO         1906    i.HAL_DMA_Start_IT  stm32f4xx_hal_dma.o
    0x0800170a   0x0800170a   0x00000002   PAD
    0x0800170c   0x0800170c   0x00000028   Code   RO         2320    i.HAL_Delay         stm32f4xx_hal.o
    0x08001734   0x08001734   0x00000002   Code   RO         1787    i.HAL_GPIO_EXTI_Callback  stm32f4xx_hal_gpio.o
    0x08001736   0x08001736   0x00000002   PAD
    0x08001738   0x08001738   0x0000001c   Code   RO         1788    i.HAL_GPIO_EXTI_IRQHandler  stm32f4xx_hal_gpio.o
    0x08001754   0x08001754   0x000001f4   Code   RO         1789    i.HAL_GPIO_Init     stm32f4xx_hal_gpio.o
    0x08001948   0x08001948   0x0000000c   Code   RO         1793    i.HAL_GPIO_WritePin  stm32f4xx_hal_gpio.o
    0x08001954   0x08001954   0x0000000c   Code   RO         2326    i.HAL_GetTick       stm32f4xx_hal.o
    0x08001960   0x08001960   0x00000018   Code   RO         2332    i.HAL_IncTick       stm32f4xx_hal.o
    0x08001978   0x08001978   0x0000003c   Code   RO         2333    i.HAL_Init          stm32f4xx_hal.o
    0x080019b4   0x080019b4   0x000000b4   Code   RO         1116    i.HAL_InitTick      stm32f4xx_hal_timebase_tim.o
    0x08001a68   0x08001a68   0x00000054   Code   RO         1092    i.HAL_MspInit       stm32f4xx_hal_msp.o
    0x08001abc   0x08001abc   0x00000020   Code   RO         2178    i.HAL_NVIC_EnableIRQ  stm32f4xx_hal_cortex.o
    0x08001adc   0x08001adc   0x0000007c   Code   RO         2184    i.HAL_NVIC_SetPriority  stm32f4xx_hal_cortex.o
    0x08001b58   0x08001b58   0x00000028   Code   RO         2185    i.HAL_NVIC_SetPriorityGrouping  stm32f4xx_hal_cortex.o
    0x08001b80   0x08001b80   0x00000002   Code   RO         1389    i.HAL_RCC_CSSCallback  stm32f4xx_hal_rcc.o
    0x08001b82   0x08001b82   0x00000002   PAD
    0x08001b84   0x08001b84   0x00000184   Code   RO         1390    i.HAL_RCC_ClockConfig  stm32f4xx_hal_rcc.o
    0x08001d08   0x08001d08   0x0000000c   Code   RO         1393    i.HAL_RCC_EnableCSS  stm32f4xx_hal_rcc.o
    0x08001d14   0x08001d14   0x00000044   Code   RO         1394    i.HAL_RCC_GetClockConfig  stm32f4xx_hal_rcc.o
    0x08001d58   0x08001d58   0x0000000c   Code   RO         1395    i.HAL_RCC_GetHCLKFreq  stm32f4xx_hal_rcc.o
    0x08001d64   0x08001d64   0x00000020   Code   RO         1397    i.HAL_RCC_GetPCLK1Freq  stm32f4xx_hal_rcc.o
    0x08001d84   0x08001d84   0x00000020   Code   RO         1398    i.HAL_RCC_GetPCLK2Freq  stm32f4xx_hal_rcc.o
    0x08001da4   0x08001da4   0x000000b0   Code   RO         1399    i.HAL_RCC_GetSysClockFreq  stm32f4xx_hal_rcc.o
    0x08001e54   0x08001e54   0x00000020   Code   RO         1401    i.HAL_RCC_NMI_IRQHandler  stm32f4xx_hal_rcc.o
    0x08001e74   0x08001e74   0x0000049c   Code   RO         1402    i.HAL_RCC_OscConfig  stm32f4xx_hal_rcc.o
    0x08002310   0x08002310   0x00000002   Code   RO         3288    i.HAL_TIMEx_BreakCallback  stm32f4xx_hal_tim_ex.o
    0x08002312   0x08002312   0x00000002   Code   RO         3289    i.HAL_TIMEx_CommutCallback  stm32f4xx_hal_tim_ex.o
    0x08002314   0x08002314   0x00000074   Code   RO         3291    i.HAL_TIMEx_ConfigBreakDeadTime  stm32f4xx_hal_tim_ex.o
    0x08002388   0x08002388   0x000000b4   Code   RO         3307    i.HAL_TIMEx_MasterConfigSynchronization  stm32f4xx_hal_tim_ex.o
    0x0800243c   0x0800243c   0x00000066   Code   RO         2573    i.HAL_TIM_Base_Init  stm32f4xx_hal_tim.o
    0x080024a2   0x080024a2   0x00000002   PAD
    0x080024a4   0x080024a4   0x000000d8   Code   RO          833    i.HAL_TIM_Base_MspInit  tim.o
    0x0800257c   0x0800257c   0x000000a8   Code   RO         2578    i.HAL_TIM_Base_Start_IT  stm32f4xx_hal_tim.o
    0x08002624   0x08002624   0x0000010c   Code   RO         2582    i.HAL_TIM_ConfigClockSource  stm32f4xx_hal_tim.o
    0x08002730   0x08002730   0x000000c8   Code   RO         2594    i.HAL_TIM_Encoder_Init  stm32f4xx_hal_tim.o
    0x080027f8   0x080027f8   0x00000128   Code   RO          835    i.HAL_TIM_Encoder_MspInit  tim.o
    0x08002920   0x08002920   0x00000002   Code   RO         2607    i.HAL_TIM_IC_CaptureCallback  stm32f4xx_hal_tim.o
    0x08002922   0x08002922   0x00000196   Code   RO         2621    i.HAL_TIM_IRQHandler  stm32f4xx_hal_tim.o
    0x08002ab8   0x08002ab8   0x00000184   Code   RO          836    i.HAL_TIM_MspPostInit  tim.o
    0x08002c3c   0x08002c3c   0x00000002   Code   RO         2624    i.HAL_TIM_OC_DelayElapsedCallback  stm32f4xx_hal_tim.o
    0x08002c3e   0x08002c3e   0x00000104   Code   RO         2645    i.HAL_TIM_PWM_ConfigChannel  stm32f4xx_hal_tim.o
    0x08002d42   0x08002d42   0x00000066   Code   RO         2648    i.HAL_TIM_PWM_Init  stm32f4xx_hal_tim.o
    0x08002da8   0x08002da8   0x00000034   Code   RO          838    i.HAL_TIM_PWM_MspInit  tim.o
    0x08002ddc   0x08002ddc   0x00000002   Code   RO         2651    i.HAL_TIM_PWM_PulseFinishedCallback  stm32f4xx_hal_tim.o
    0x08002dde   0x08002dde   0x00000002   PAD
    0x08002de0   0x08002de0   0x0000010c   Code   RO         2653    i.HAL_TIM_PWM_Start  stm32f4xx_hal_tim.o
    0x08002eec   0x08002eec   0x00000018   Code   RO          621    i.HAL_TIM_PeriodElapsedCallback  main.o
    0x08002f04   0x08002f04   0x00000002   Code   RO         2664    i.HAL_TIM_TriggerCallback  stm32f4xx_hal_tim.o
    0x08002f06   0x08002f06   0x00000002   Code   RO         3566    i.HAL_UARTEx_RxEventCallback  stm32f4xx_hal_uart.o
    0x08002f08   0x08002f08   0x0000008a   Code   RO         3578    i.HAL_UART_DMAStop  stm32f4xx_hal_uart.o
    0x08002f92   0x08002f92   0x00000002   Code   RO         3580    i.HAL_UART_ErrorCallback  stm32f4xx_hal_uart.o
    0x08002f94   0x08002f94   0x000002e0   Code   RO         3583    i.HAL_UART_IRQHandler  stm32f4xx_hal_uart.o
    0x08003274   0x08003274   0x00000072   Code   RO         3584    i.HAL_UART_Init     stm32f4xx_hal_uart.o
    0x080032e6   0x080032e6   0x00000002   PAD
    0x080032e8   0x080032e8   0x0000015c   Code   RO          941    i.HAL_UART_MspInit  usart.o
    0x08003444   0x08003444   0x00000042   Code   RO         3588    i.HAL_UART_Receive_DMA  stm32f4xx_hal_uart.o
    0x08003486   0x08003486   0x00000002   Code   RO         3590    i.HAL_UART_RxCpltCallback  stm32f4xx_hal_uart.o
    0x08003488   0x08003488   0x00000002   Code   RO         3591    i.HAL_UART_RxHalfCpltCallback  stm32f4xx_hal_uart.o
    0x0800348a   0x0800348a   0x00000002   Code   RO         3595    i.HAL_UART_TxCpltCallback  stm32f4xx_hal_uart.o
    0x0800348c   0x0800348c   0x00000004   Code   RO          993    i.HardFault_Handler  stm32f4xx_it.o
    0x08003490   0x08003490   0x00000048   Code   RO          761    i.MX_CAN1_Init      can.o
    0x080034d8   0x080034d8   0x00000038   Code   RO          762    i.MX_CAN2_Init      can.o
    0x08003510   0x08003510   0x00000038   Code   RO          808    i.MX_DMA_Init       dma.o
    0x08003548   0x08003548   0x00000050   Code   RO          709    i.MX_FREERTOS_Init  freertos.o
    0x08003598   0x08003598   0x0000011c   Code   RO          685    i.MX_GPIO_Init      gpio.o
    0x080036b4   0x080036b4   0x00000074   Code   RO          839    i.MX_TIM12_Init     tim.o
    0x08003728   0x08003728   0x00000108   Code   RO          840    i.MX_TIM1_Init      tim.o
    0x08003830   0x08003830   0x00000078   Code   RO          841    i.MX_TIM2_Init      tim.o
    0x080038a8   0x080038a8   0x000000d4   Code   RO          842    i.MX_TIM3_Init      tim.o
    0x0800397c   0x0800397c   0x000000d8   Code   RO          843    i.MX_TIM4_Init      tim.o
    0x08003a54   0x08003a54   0x00000078   Code   RO          844    i.MX_TIM5_Init      tim.o
    0x08003acc   0x08003acc   0x0000004c   Code   RO          845    i.MX_TIM6_Init      tim.o
    0x08003b18   0x08003b18   0x00000038   Code   RO          942    i.MX_USART1_UART_Init  usart.o
    0x08003b50   0x08003b50   0x00000038   Code   RO          943    i.MX_USART2_UART_Init  usart.o
    0x08003b88   0x08003b88   0x00000004   Code   RO          994    i.MemManage_Handler  stm32f4xx_it.o
    0x08003b8c   0x08003b8c   0x00000008   Code   RO          995    i.NMI_Handler       stm32f4xx_it.o
    0x08003b94   0x08003b94   0x00000012   Code   RO          710    i.SendCanTask       freertos.o
    0x08003ba6   0x08003ba6   0x00000002   PAD
    0x08003ba8   0x08003ba8   0x00000040   Code   RO          573    i.Shot_Control      motors.o
    0x08003be8   0x08003be8   0x0000001a   Code   RO         5103    i.SysTick_Handler   cmsis_os2.o
    0x08003c02   0x08003c02   0x00000002   PAD
    0x08003c04   0x08003c04   0x000000b8   Code   RO          622    i.SystemClock_Config  main.o
    0x08003cbc   0x08003cbc   0x00000014   Code   RO         3923    i.SystemInit        system_stm32f4xx.o
    0x08003cd0   0x08003cd0   0x00000010   Code   RO          996    i.TIM6_DAC_IRQHandler  stm32f4xx_it.o
    0x08003ce0   0x08003ce0   0x00000010   Code   RO          997    i.TIM7_IRQHandler   stm32f4xx_it.o
    0x08003cf0   0x08003cf0   0x000000d8   Code   RO         2666    i.TIM_Base_SetConfig  stm32f4xx_hal_tim.o
    0x08003dc8   0x08003dc8   0x00000022   Code   RO         2667    i.TIM_CCxChannelCmd  stm32f4xx_hal_tim.o
    0x08003dea   0x08003dea   0x00000016   Code   RO         2677    i.TIM_ETR_SetConfig  stm32f4xx_hal_tim.o
    0x08003e00   0x08003e00   0x00000012   Code   RO         2678    i.TIM_ITRx_SetConfig  stm32f4xx_hal_tim.o
    0x08003e12   0x08003e12   0x00000002   PAD
    0x08003e14   0x08003e14   0x00000070   Code   RO         2679    i.TIM_OC1_SetConfig  stm32f4xx_hal_tim.o
    0x08003e84   0x08003e84   0x0000007c   Code   RO         2680    i.TIM_OC2_SetConfig  stm32f4xx_hal_tim.o
    0x08003f00   0x08003f00   0x00000078   Code   RO         2681    i.TIM_OC3_SetConfig  stm32f4xx_hal_tim.o
    0x08003f78   0x08003f78   0x00000054   Code   RO         2682    i.TIM_OC4_SetConfig  stm32f4xx_hal_tim.o
    0x08003fcc   0x08003fcc   0x00000026   Code   RO         2684    i.TIM_TI1_ConfigInputStage  stm32f4xx_hal_tim.o
    0x08003ff2   0x08003ff2   0x00000028   Code   RO         2686    i.TIM_TI2_ConfigInputStage  stm32f4xx_hal_tim.o
    0x0800401a   0x0800401a   0x00000002   PAD
    0x0800401c   0x0800401c   0x000000b4   Code   RO          711    i.TaskAssignTask    freertos.o
    0x080040d0   0x080040d0   0x00000014   Code   RO         3597    i.UART_DMAAbortOnError  stm32f4xx_hal_uart.o
    0x080040e4   0x080040e4   0x00000050   Code   RO         3598    i.UART_DMAError     stm32f4xx_hal_uart.o
    0x08004134   0x08004134   0x000000b0   Code   RO         3599    i.UART_DMAReceiveCplt  stm32f4xx_hal_uart.o
    0x080041e4   0x080041e4   0x00000020   Code   RO         3601    i.UART_DMARxHalfCplt  stm32f4xx_hal_uart.o
    0x08004204   0x08004204   0x0000006c   Code   RO         3607    i.UART_EndRxTransfer  stm32f4xx_hal_uart.o
    0x08004270   0x08004270   0x00000020   Code   RO         3608    i.UART_EndTransmit_IT  stm32f4xx_hal_uart.o
    0x08004290   0x08004290   0x00000026   Code   RO         3609    i.UART_EndTxTransfer  stm32f4xx_hal_uart.o
    0x080042b6   0x080042b6   0x000000f8   Code   RO         3610    i.UART_Receive_IT   stm32f4xx_hal_uart.o
    0x080043ae   0x080043ae   0x00000002   PAD
    0x080043b0   0x080043b0   0x0000022c   Code   RO         3611    i.UART_SetConfig    stm32f4xx_hal_uart.o
    0x080045dc   0x080045dc   0x000000d0   Code   RO         3612    i.UART_Start_Receive_DMA  stm32f4xx_hal_uart.o
    0x080046ac   0x080046ac   0x00000060   Code   RO         3614    i.UART_Transmit_IT  stm32f4xx_hal_uart.o
    0x0800470c   0x0800470c   0x00000010   Code   RO          998    i.USART1_IRQHandler  stm32f4xx_it.o
    0x0800471c   0x0800471c   0x00000014   Code   RO          999    i.USART2_IRQHandler  stm32f4xx_it.o
    0x08004730   0x08004730   0x00000084   Code   RO          574    i.USER_TIM_PWM_Init  motors.o
    0x080047b4   0x080047b4   0x00000004   Code   RO         1000    i.UsageFault_Handler  stm32f4xx_it.o
    0x080047b8   0x080047b8   0x00000080   Code   RO          418    i.Usart_Receive_Data  idlenew.o
    0x08004838   0x08004838   0x00000010   Code   RO         2191    i.__NVIC_GetPriorityGrouping  stm32f4xx_hal_cortex.o
    0x08004848   0x08004848   0x00000028   Code   RO         2192    i.__NVIC_SetPriority  stm32f4xx_hal_cortex.o
    0x08004870   0x08004870   0x0000003c   Code   RO          189    i.can_filter_init   bsp_can.o
    0x080048ac   0x080048ac   0x00000080   Code   RO          323    i.change_speed      chassis.o
    0x0800492c   0x0800492c   0x00000100   Code   RO          324    i.chassis_changeSpeed  chassis.o
    0x08004a2c   0x08004a2c   0x00000070   Code   RO          326    i.chassis_init      chassis.o
    0x08004a9c   0x08004a9c   0x00000008   Code   RO          327    i.chassis_pid       chassis.o
    0x08004aa4   0x08004aa4   0x00000008   Code   RO          328    i.chassis_sendcan   chassis.o
    0x08004aac   0x08004aac   0x0000008c   Code   RO          331    i.chassis_vector_to_mecanum_wheel_speed  chassis.o
    0x08004b38   0x08004b38   0x000000ac   Code   RO          332    i.compute_pid       chassis.o
    0x08004be4   0x08004be4   0x00000018   Code   RO           17    i.get_chassis_motor_measure_point  can_receive.o
    0x08004bfc   0x08004bfc   0x0000008c   Code   RO          623    i.main              main.o
    0x08004c88   0x08004c88   0x0000001e   Code   RO         5105    i.osDelay           cmsis_os2.o
    0x08004ca6   0x08004ca6   0x00000002   PAD
    0x08004ca8   0x08004ca8   0x00000028   Code   RO         5119    i.osKernelInitialize  cmsis_os2.o
    0x08004cd0   0x08004cd0   0x00000038   Code   RO         5122    i.osKernelStart     cmsis_os2.o
    0x08004d08   0x08004d08   0x000000bc   Code   RO         5164    i.osThreadNew       cmsis_os2.o
    0x08004dc4   0x08004dc4   0x00000110   Code   RO          280    i.pid_calculate     pid.o
    0x08004ed4   0x08004ed4   0x0000001c   Code   RO          281    i.pid_init          pid.o
    0x08004ef0   0x08004ef0   0x0000005c   Code   RO          282    i.pid_param_init    pid.o
    0x08004f4c   0x08004f4c   0x0000000e   Code   RO          283    i.pid_reset         pid.o
    0x08004f5a   0x08004f5a   0x00000002   PAD
    0x08004f5c   0x08004f5c   0x00000060   Code   RO         4540    i.prvAddCurrentTaskToDelayedList  tasks.o
    0x08004fbc   0x08004fbc   0x00000088   Code   RO         4541    i.prvAddNewTaskToReadyList  tasks.o
    0x08005044   0x08005044   0x0000005c   Code   RO         4916    i.prvCheckForValidListAndQueue  timers.o
    0x080050a0   0x080050a0   0x00000040   Code   RO         4542    i.prvCheckTasksWaitingTermination  tasks.o
    0x080050e0   0x080050e0   0x00000024   Code   RO         4127    i.prvCopyDataFromQueue  queue.o
    0x08005104   0x08005104   0x0000006e   Code   RO         4128    i.prvCopyDataToQueue  queue.o
    0x08005172   0x08005172   0x00000040   Code   RO         4543    i.prvDeleteTCB      tasks.o
    0x080051b2   0x080051b2   0x00000002   PAD
    0x080051b4   0x080051b4   0x00000024   Code   RO         4917    i.prvGetNextExpireTime  timers.o
    0x080051d8   0x080051d8   0x00000050   Code   RO         5628    i.prvHeapInit       heap_4.o
    0x08005228   0x08005228   0x00000028   Code   RO         4544    i.prvIdleTask       tasks.o
    0x08005250   0x08005250   0x00000022   Code   RO         4131    i.prvInitialiseNewQueue  queue.o
    0x08005272   0x08005272   0x00000094   Code   RO         4545    i.prvInitialiseNewTask  tasks.o
    0x08005306   0x08005306   0x00000002   PAD
    0x08005308   0x08005308   0x00000060   Code   RO         4546    i.prvInitialiseTaskLists  tasks.o
    0x08005368   0x08005368   0x0000005c   Code   RO         5629    i.prvInsertBlockIntoFreeList  heap_4.o
    0x080053c4   0x080053c4   0x00000048   Code   RO         4919    i.prvInsertTimerInActiveList  timers.o
    0x0800540c   0x0800540c   0x0000001a   Code   RO         4132    i.prvIsQueueEmpty   queue.o
    0x08005426   0x08005426   0x0000001e   Code   RO         4133    i.prvIsQueueFull    queue.o
    0x08005444   0x08005444   0x00000068   Code   RO         4920    i.prvProcessExpiredTimer  timers.o
    0x080054ac   0x080054ac   0x00000110   Code   RO         4921    i.prvProcessReceivedCommands  timers.o
    0x080055bc   0x080055bc   0x0000006c   Code   RO         4922    i.prvProcessTimerOrBlockTask  timers.o
    0x08005628   0x08005628   0x00000024   Code   RO         4548    i.prvResetNextTaskUnblockTime  tasks.o
    0x0800564c   0x0800564c   0x0000002c   Code   RO         4923    i.prvSampleTimeNow  timers.o
    0x08005678   0x08005678   0x00000078   Code   RO         4924    i.prvSwitchTimerLists  timers.o
    0x080056f0   0x080056f0   0x00000030   Code   RO         5684    i.prvTaskExitError  port.o
    0x08005720   0x08005720   0x00000038   Code   RO         4550    i.prvTaskIsTaskSuspended  tasks.o
    0x08005758   0x08005758   0x00000014   Code   RO         4925    i.prvTimerTask      timers.o
    0x0800576c   0x0800576c   0x00000068   Code   RO         4134    i.prvUnlockQueue    queue.o
    0x080057d4   0x080057d4   0x000000e8   Code   RO         5630    i.pvPortMalloc      heap_4.o
    0x080058bc   0x080058bc   0x0000002c   Code   RO         5685    i.pxPortInitialiseStack  port.o
    0x080058e8   0x080058e8   0x00000054   Code   RO          333    i.send_can          chassis.o
    0x0800593c   0x0800593c   0x00000026   Code   RO         4087    i.uxListRemove      list.o
    0x08005962   0x08005962   0x00000002   PAD
    0x08005964   0x08005964   0x00000014   Code   RO         5176    i.vApplicationGetIdleTaskMemory  cmsis_os2.o
    0x08005978   0x08005978   0x00000018   Code   RO         5177    i.vApplicationGetTimerTaskMemory  cmsis_os2.o
    0x08005990   0x08005990   0x00000016   Code   RO         4088    i.vListInitialise   list.o
    0x080059a6   0x080059a6   0x00000006   Code   RO         4089    i.vListInitialiseItem  list.o
    0x080059ac   0x080059ac   0x00000036   Code   RO         4090    i.vListInsert       list.o
    0x080059e2   0x080059e2   0x00000018   Code   RO         4091    i.vListInsertEnd    list.o
    0x080059fa   0x080059fa   0x00000002   PAD
    0x080059fc   0x080059fc   0x00000040   Code   RO         5687    i.vPortEnterCritical  port.o
    0x08005a3c   0x08005a3c   0x0000002c   Code   RO         5688    i.vPortExitCritical  port.o
    0x08005a68   0x08005a68   0x00000064   Code   RO         5631    i.vPortFree         heap_4.o
    0x08005acc   0x08005acc   0x00000024   Code   RO         5689    i.vPortSetupTimerInterrupt  port.o
    0x08005af0   0x08005af0   0x00000054   Code   RO         5690    i.vPortValidateInterruptPriority  port.o
    0x08005b44   0x08005b44   0x00000028   Code   RO         4140    i.vQueueAddToRegistry  queue.o
    0x08005b6c   0x08005b6c   0x0000004a   Code   RO         4144    i.vQueueWaitForMessageRestricted  queue.o
    0x08005bb6   0x08005bb6   0x00000002   PAD
    0x08005bb8   0x08005bb8   0x00000050   Code   RO         4561    i.vTaskDelay        tasks.o
    0x08005c08   0x08005c08   0x00000010   Code   RO         4566    i.vTaskInternalSetTimeOutState  tasks.o
    0x08005c18   0x08005c18   0x0000000c   Code   RO         4567    i.vTaskMissedYield  tasks.o
    0x08005c24   0x08005c24   0x00000034   Code   RO         4569    i.vTaskPlaceOnEventList  tasks.o
    0x08005c58   0x08005c58   0x0000003c   Code   RO         4570    i.vTaskPlaceOnEventListRestricted  tasks.o
    0x08005c94   0x08005c94   0x00000090   Code   RO         4578    i.vTaskStartScheduler  tasks.o
    0x08005d24   0x08005d24   0x0000009c   Code   RO         4579    i.vTaskSuspend      tasks.o
    0x08005dc0   0x08005dc0   0x00000010   Code   RO         4580    i.vTaskSuspendAll   tasks.o
    0x08005dd0   0x08005dd0   0x0000006c   Code   RO         4581    i.vTaskSwitchContext  tasks.o
    0x08005e3c   0x08005e3c   0x00000104   Code   RO         5691    i.xPortStartScheduler  port.o
    0x08005f40   0x08005f40   0x0000002c   Code   RO         5692    i.xPortSysTickHandler  port.o
    0x08005f6c   0x08005f6c   0x00000070   Code   RO         4150    i.xQueueGenericCreateStatic  queue.o
    0x08005fdc   0x08005fdc   0x00000090   Code   RO         4151    i.xQueueGenericReset  queue.o
    0x0800606c   0x0800606c   0x00000170   Code   RO         4152    i.xQueueGenericSend  queue.o
    0x080061dc   0x080061dc   0x000000be   Code   RO         4153    i.xQueueGenericSendFromISR  queue.o
    0x0800629a   0x0800629a   0x00000002   PAD
    0x0800629c   0x0800629c   0x00000148   Code   RO         4162    i.xQueueReceive     queue.o
    0x080063e4   0x080063e4   0x00000080   Code   RO         4583    i.xTaskCheckForTimeOut  tasks.o
    0x08006464   0x08006464   0x0000006c   Code   RO         4584    i.xTaskCreate       tasks.o
    0x080064d0   0x080064d0   0x00000060   Code   RO         4585    i.xTaskCreateStatic  tasks.o
    0x08006530   0x08006530   0x0000001c   Code   RO         4589    i.xTaskGetSchedulerState  tasks.o
    0x0800654c   0x0800654c   0x0000000c   Code   RO         4590    i.xTaskGetTickCount  tasks.o
    0x08006558   0x08006558   0x000000cc   Code   RO         4592    i.xTaskIncrementTick  tasks.o
    0x08006624   0x08006624   0x00000080   Code   RO         4595    i.xTaskPriorityDisinherit  tasks.o
    0x080066a4   0x080066a4   0x00000078   Code   RO         4597    i.xTaskRemoveFromEventList  tasks.o
    0x0800671c   0x0800671c   0x000000cc   Code   RO         4598    i.xTaskResumeAll    tasks.o
    0x080067e8   0x080067e8   0x00000090   Code   RO         4599    i.xTaskResumeFromISR  tasks.o
    0x08006878   0x08006878   0x00000068   Code   RO         4934    i.xTimerCreateTimerTask  timers.o
    0x080068e0   0x080068e0   0x00000074   Code   RO         4935    i.xTimerGenericCommand  timers.o
    0x08006954   0x08006954   0x0000000a   Code   RO         5914    x$fpl$fpinit        fz_wm.l(fpinit.o)
    0x0800695e   0x0800695e   0x00000002   PAD
    0x08006960   0x08006960   0x00000048   Data   RO          713    .constdata          freertos.o
    0x080069a8   0x080069a8   0x00000008   Data   RO         1908    .constdata          stm32f4xx_hal_dma.o
    0x080069b0   0x080069b0   0x00000018   Data   RO         3924    .constdata          system_stm32f4xx.o
    0x080069c8   0x080069c8   0x00000019   Data   RO          714    .conststring        freertos.o
    0x080069e1   0x080069e1   0x00000003   PAD
    0x080069e4   0x080069e4   0x00000020   Data   RO         5972    Region$$Table       anon$$obj.o


    Execution Region RW_IRAM1 (Exec base: 0x20000000, Load base: 0x08006a04, Size: 0x00005d10, Max: 0x00020000, ABSOLUTE)

    Exec Addr    Load Addr    Size         Type   Attr      Idx    E Section Name        Object

    0x20000000   0x08006a04   0x00000011   Data   RW           22    .data               can_receive.o
    0x20000011   0x08006a15   0x00000003   PAD
    0x20000014   0x08006a18   0x0000000c   Data   RW          335    .data               chassis.o
    0x20000020   0x08006a24   0x00000008   Data   RW          715    .data               freertos.o
    0x20000028   0x08006a2c   0x00000004   Data   RW          764    .data               can.o
    0x2000002c   0x08006a30   0x00000009   Data   RW         2340    .data               stm32f4xx_hal.o
    0x20000035   0x08006a39   0x00000003   PAD
    0x20000038   0x08006a3c   0x00000004   Data   RW         3925    .data               system_stm32f4xx.o
    0x2000003c   0x08006a40   0x0000003c   Data   RW         4601    .data               tasks.o
    0x20000078   0x08006a7c   0x00000014   Data   RW         4943    .data               timers.o
    0x2000008c   0x08006a90   0x00000004   Data   RW         5179    .data               cmsis_os2.o
    0x20000090   0x08006a94   0x00000020   Data   RW         5637    .data               heap_4.o
    0x200000b0   0x08006ab4   0x0000000c   Data   RW         5693    .data               port.o
    0x200000bc        -       0x00000078   Zero   RW           21    .bss                can_receive.o
    0x20000134        -       0x00000190   Zero   RW          284    .bss                pid.o
    0x200002c4        -       0x00000068   Zero   RW          334    .bss                chassis.o
    0x2000032c        -       0x000000ff   Zero   RW          624    .bss                main.o
    0x2000042b   0x08006ac0   0x00000001   PAD
    0x2000042c        -       0x00000034   Zero   RW          712    .bss                freertos.o
    0x20000460        -       0x00000050   Zero   RW          763    .bss                can.o
    0x200004b0        -       0x000001f8   Zero   RW          846    .bss                tim.o
    0x200006a8        -       0x000000e8   Zero   RW          944    .bss                usart.o
    0x20000790        -       0x00000048   Zero   RW         1119    .bss                stm32f4xx_hal_timebase_tim.o
    0x200007d8        -       0x00000040   Zero   RW         4166    .bss                queue.o
    0x20000818        -       0x000004c4   Zero   RW         4600    .bss                tasks.o
    0x20000cdc        -       0x00000118   Zero   RW         4942    .bss                timers.o
    0x20000df4        -       0x000006b8   Zero   RW         5178    .bss                cmsis_os2.o
    0x200014ac        -       0x00003c00   Zero   RW         5636    .bss                heap_4.o
    0x200050ac        -       0x00000060   Zero   RW         5844    .bss                c_w.l(libspace.o)
    0x2000510c   0x08006ac0   0x00000004   PAD
    0x20005110        -       0x00000400   Zero   RW            2    HEAP                startup_stm32f407xx.o
    0x20005510        -       0x00000800   Zero   RW            1    STACK               startup_stm32f407xx.o


==============================================================================

Image component sizes


      Code (inc. data)   RO Data    RW Data    ZI Data      Debug   Object Name

        60          4          0          0          0     571302   bsp_can.o
       468         44          0          4         80       2394   can.o
       324         38          0         17        120     579662   can_receive.o
       908         84          0         12        104       6931   chassis.o
       384         24          0          4       1720      64755   cmsis_os2.o
        56          4          0          0          0        750   dma.o
         0          0          0          0          0      19428   event_groups.o
       278         42         97          8         52       2690   freertos.o
       284         10          0          0          0       1063   gpio.o
       504         32          0         32      15360       4991   heap_4.o
       162         18          0          0          0     707859   idlenew.o
       144          0          0          0          0       3554   list.o
       354         28          0          0        255       3085   main.o
       196         26          0          0          0       1055   motors.o
       406         18          0          0        400       4301   pid.o
       814         92          0         12          0      11577   port.o
      1596         24          0          0         64      17636   queue.o
        64         26        392          0       3072        836   startup_stm32f407xx.o
       136         24          0          9          0       8674   stm32f4xx_hal.o
      2134          6          0          0          0      14183   stm32f4xx_hal_can.o
       252         22          0          0          0      33638   stm32f4xx_hal_cortex.o
      1436         16          8          0          0       6966   stm32f4xx_hal_dma.o
       542         50          0          0          0       3288   stm32f4xx_hal_gpio.o
        84          6          0          0          0        846   stm32f4xx_hal_msp.o
      1934        102          0          0          0       7836   stm32f4xx_hal_rcc.o
      2590        142          0          0          0      16657   stm32f4xx_hal_tim.o
       300         30          0          0          0       3289   stm32f4xx_hal_tim_ex.o
       180         20          0          0         72       1451   stm32f4xx_hal_timebase_tim.o
      2658         26          0          0          0      15313   stm32f4xx_hal_uart.o
       162         34          0          0          0       6244   stm32f4xx_it.o
         0          0          0          0          0        392   stream_buffer.o
        20          6         24          4          0       1111   system_stm32f4xx.o
      2552        226          0         60       1220      30614   tasks.o
      2076        146          0          0        504       8384   tim.o
      1088         94          0         20        280      33019   timers.o
       460         44          0          0        232       2434   usart.o

    ----------------------------------------------------------------------
     25654       1508        556        188      23536    2198208   Object Totals
         0          0         32          0          0          0   (incl. Generated)
        48          0          3          6          1          0   (incl. Padding)

    ----------------------------------------------------------------------

      Code (inc. data)   RO Data    RW Data    ZI Data      Debug   Library Member Name

         8          0          0          0          0         68   __main.o
         0          0          0          0          0          0   __rtentry.o
        12          0          0          0          0          0   __rtentry2.o
         6          0          0          0          0          0   __rtentry4.o
        52          8          0          0          0          0   __scatter.o
        26          0          0          0          0          0   __scatter_copy.o
        28          0          0          0          0          0   __scatter_zi.o
        16          0          0          0          0         68   aeabi_memset.o
        18          0          0          0          0         80   exit.o
         6          0          0          0          0        152   heapauxi.o
         0          0          0          0          0          0   indicate_semi.o
         2          0          0          0          0          0   libinit.o
         6          0          0          0          0          0   libinit2.o
         2          0          0          0          0          0   libshutdown.o
         2          0          0          0          0          0   libshutdown2.o
         8          4          0          0         96         68   libspace.o
       238          0          0          0          0        100   lludivv7m.o
        68          0          0          0          0         68   rt_memclr.o
        78          0          0          0          0         80   rt_memclr_w.o
       138          0          0          0          0         68   rt_memcpy_v6.o
       100          0          0          0          0         80   rt_memcpy_w.o
         2          0          0          0          0          0   rtexit.o
        10          0          0          0          0          0   rtexit2.o
        12          4          0          0          0         68   sys_exit.o
        74          0          0          0          0         80   sys_stackheap_outer.o
         2          0          0          0          0         68   use_no_semi.o
        10          0          0          0          0        116   fpinit.o

    ----------------------------------------------------------------------
       930         16          0          0        100       1164   Library Totals
         6          0          0          0          4          0   (incl. Padding)

    ----------------------------------------------------------------------

      Code (inc. data)   RO Data    RW Data    ZI Data      Debug   Library Name

       914         16          0          0         96       1048   c_w.l
        10          0          0          0          0        116   fz_wm.l

    ----------------------------------------------------------------------
       930         16          0          0        100       1164   Library Totals

    ----------------------------------------------------------------------

==============================================================================


      Code (inc. data)   RO Data    RW Data    ZI Data      Debug   

     26584       1524        556        188      23636    2176004   Grand Totals
     26584       1524        556        188      23636    2176004   ELF Image Totals
     26584       1524        556        188          0          0   ROM Totals

==============================================================================

    Total RO  Size (Code + RO Data)                27140 (  26.50kB)
    Total RW  Size (RW Data + ZI Data)             23824 (  23.27kB)
    Total ROM Size (Code + RO Data + RW Data)      27328 (  26.69kB)

==============================================================================

