Component: ARM Compiler 6.16 Tool: armlink [5dfeaa00]

==============================================================================

Section Cross References

    startup_stm32f407xx.o(STACK) refers (Special) to heapauxi.o(.text) for __use_two_region_memory
    startup_stm32f407xx.o(HEAP) refers (Special) to heapauxi.o(.text) for __use_two_region_memory
    startup_stm32f407xx.o(RESET) refers (Special) to heapauxi.o(.text) for __use_two_region_memory
    startup_stm32f407xx.o(RESET) refers to startup_stm32f407xx.o(STACK) for __initial_sp
    startup_stm32f407xx.o(RESET) refers to startup_stm32f407xx.o(.text) for Reset_Handler
    startup_stm32f407xx.o(RESET) refers to stm32f4xx_it.o(.text.NMI_Handler) for NMI_Handler
    startup_stm32f407xx.o(RESET) refers to stm32f4xx_it.o(.text.HardFault_Handler) for HardFault_Handler
    startup_stm32f407xx.o(RESET) refers to stm32f4xx_it.o(.text.MemManage_Handler) for MemManage_Handler
    startup_stm32f407xx.o(RESET) refers to stm32f4xx_it.o(.text.BusFault_Handler) for BusFault_Handler
    startup_stm32f407xx.o(RESET) refers to stm32f4xx_it.o(.text.UsageFault_Handler) for UsageFault_Handler
    startup_stm32f407xx.o(RESET) refers to port.o(.text.SVC_Handler) for SVC_Handler
    startup_stm32f407xx.o(RESET) refers to stm32f4xx_it.o(.text.DebugMon_Handler) for DebugMon_Handler
    startup_stm32f407xx.o(RESET) refers to port.o(.text.PendSV_Handler) for PendSV_Handler
    startup_stm32f407xx.o(RESET) refers to cmsis_os2.o(.text.SysTick_Handler) for SysTick_Handler
    startup_stm32f407xx.o(RESET) refers to stm32f4xx_it.o(.text.DMA1_Stream5_IRQHandler) for DMA1_Stream5_IRQHandler
    startup_stm32f407xx.o(RESET) refers to stm32f4xx_it.o(.text.CAN1_RX0_IRQHandler) for CAN1_RX0_IRQHandler
    startup_stm32f407xx.o(RESET) refers to stm32f4xx_it.o(.text.USART1_IRQHandler) for USART1_IRQHandler
    startup_stm32f407xx.o(RESET) refers to stm32f4xx_it.o(.text.USART2_IRQHandler) for USART2_IRQHandler
    startup_stm32f407xx.o(RESET) refers to stm32f4xx_it.o(.text.EXTI15_10_IRQHandler) for EXTI15_10_IRQHandler
    startup_stm32f407xx.o(RESET) refers to stm32f4xx_it.o(.text.TIM6_DAC_IRQHandler) for TIM6_DAC_IRQHandler
    startup_stm32f407xx.o(RESET) refers to stm32f4xx_it.o(.text.TIM7_IRQHandler) for TIM7_IRQHandler
    startup_stm32f407xx.o(.text) refers (Special) to heapauxi.o(.text) for __use_two_region_memory
    startup_stm32f407xx.o(.text) refers to system_stm32f4xx.o(.text.SystemInit) for SystemInit
    startup_stm32f407xx.o(.text) refers to __main.o(!!!main) for __main
    startup_stm32f407xx.o(.text) refers to startup_stm32f407xx.o(HEAP) for Heap_Mem
    startup_stm32f407xx.o(.text) refers to startup_stm32f407xx.o(STACK) for Stack_Mem
    can_receive.o(.text.HAL_CAN_RxFifo0MsgPendingCallback) refers to stm32f4xx_hal_can.o(.text.HAL_CAN_GetRxMessage) for HAL_CAN_GetRxMessage
    can_receive.o(.text.HAL_CAN_RxFifo0MsgPendingCallback) refers to can_receive.o(.bss.motor_chassis) for motor_chassis
    can_receive.o(.text.HAL_CAN_RxFifo0MsgPendingCallback) refers to can.o(.bss.hcan1) for hcan1
    can_receive.o(.text.HAL_CAN_RxFifo0MsgPendingCallback) refers to stm32f4xx_hal_can.o(.text.HAL_CAN_ActivateNotification) for HAL_CAN_ActivateNotification
    can_receive.o(.ARM.exidx.text.HAL_CAN_RxFifo0MsgPendingCallback) refers to can_receive.o(.text.HAL_CAN_RxFifo0MsgPendingCallback) for [Anonymous Symbol]
    can_receive.o(.text.CAN_cmd_chassis) refers to can_receive.o(.bss.chassis_tx_message) for chassis_tx_message
    can_receive.o(.text.CAN_cmd_chassis) refers to can_receive.o(.bss.chassis_can_send_data) for chassis_can_send_data
    can_receive.o(.text.CAN_cmd_chassis) refers to can.o(.bss.hcan1) for hcan1
    can_receive.o(.text.CAN_cmd_chassis) refers to stm32f4xx_hal_can.o(.text.HAL_CAN_AddTxMessage) for HAL_CAN_AddTxMessage
    can_receive.o(.ARM.exidx.text.CAN_cmd_chassis) refers to can_receive.o(.text.CAN_cmd_chassis) for [Anonymous Symbol]
    can_receive.o(.text.CAN_cmd_gimbal) refers to can_receive.o(.bss.gimbal_tx_message) for gimbal_tx_message
    can_receive.o(.text.CAN_cmd_gimbal) refers to can_receive.o(.bss.gimbal_can_send_data) for gimbal_can_send_data
    can_receive.o(.text.CAN_cmd_gimbal) refers to can.o(.bss.hcan2) for hcan2
    can_receive.o(.text.CAN_cmd_gimbal) refers to stm32f4xx_hal_can.o(.text.HAL_CAN_AddTxMessage) for HAL_CAN_AddTxMessage
    can_receive.o(.ARM.exidx.text.CAN_cmd_gimbal) refers to can_receive.o(.text.CAN_cmd_gimbal) for [Anonymous Symbol]
    can_receive.o(.text.CAN_cmd_chassis_reset_ID) refers to can_receive.o(.bss.chassis_tx_message) for chassis_tx_message
    can_receive.o(.text.CAN_cmd_chassis_reset_ID) refers to can_receive.o(.bss.chassis_can_send_data) for chassis_can_send_data
    can_receive.o(.text.CAN_cmd_chassis_reset_ID) refers to can.o(.bss.hcan1) for hcan1
    can_receive.o(.text.CAN_cmd_chassis_reset_ID) refers to stm32f4xx_hal_can.o(.text.HAL_CAN_AddTxMessage) for HAL_CAN_AddTxMessage
[...]
    __rt_entry_postli_1                      0x08000213   Thumb Code     0  __rtentry2.o(.ARM.Collect$$rtentry$$0000000C)
    __rt_exit                                0x0800021b   Thumb Code     0  rtexit.o(.ARM.Collect$$rtexit$$00000000)
    __rt_exit_ls                             0x0800021d   Thumb Code     0  rtexit2.o(.ARM.Collect$$rtexit$$00000003)
    __rt_exit_prels_1                        0x0800021d   Thumb Code     0  rtexit2.o(.ARM.Collect$$rtexit$$00000002)
    __rt_exit_exit                           0x08000221   Thumb Code     0  rtexit2.o(.ARM.Collect$$rtexit$$00000004)
    Reset_Handler                            0x08000229   Thumb Code     8  startup_stm32f407xx.o(.text)
    ADC_IRQHandler                           0x08000243   Thumb Code     0  startup_stm32f407xx.o(.text)
    CAN1_RX1_IRQHandler                      0x08000243   Thumb Code     0  startup_stm32f407xx.o(.text)
    CAN1_SCE_IRQHandler                      0x08000243   Thumb Code     0  startup_stm32f407xx.o(.text)
    CAN1_TX_IRQHandler                       0x08000243   Thumb Code     0  startup_stm32f407xx.o(.text)
    CAN2_RX0_IRQHandler                      0x08000243   Thumb Code     0  startup_stm32f407xx.o(.text)
    CAN2_RX1_IRQHandler                      0x08000243   Thumb Code     0  startup_stm32f407xx.o(.text)
    CAN2_SCE_IRQHandler                      0x08000243   Thumb Code     0  startup_stm32f407xx.o(.text)
    CAN2_TX_IRQHandler                       0x08000243   Thumb Code     0  startup_stm32f407xx.o(.text)
    DCMI_IRQHandler                          0x08000243   Thumb Code     0  startup_stm32f407xx.o(.text)
    DMA1_Stream0_IRQHandler                  0x08000243   Thumb Code     0  startup_stm32f407xx.o(.text)
    DMA1_Stream1_IRQHandler                  0x08000243   Thumb Code     0  startup_stm32f407xx.o(.text)
    DMA1_Stream2_IRQHandler                  0x08000243   Thumb Code     0  startup_stm32f407xx.o(.text)
    DMA1_Stream3_IRQHandler                  0x08000243   Thumb Code     0  startup_stm32f407xx.o(.text)
    DMA1_Stream4_IRQHandler                  0x08000243   Thumb Code     0  startup_stm32f407xx.o(.text)
    DMA1_Stream6_IRQHandler                  0x08000243   Thumb Code     0  startup_stm32f407xx.o(.text)
    DMA1_Stream7_IRQHandler                  0x08000243   Thumb Code     0  startup_stm32f407xx.o(.text)
    DMA2_Stream0_IRQHandler                  0x08000243   Thumb Code     0  startup_stm32f407xx.o(.text)
    DMA2_Stream1_IRQHandler                  0x08000243   Thumb Code     0  startup_stm32f407xx.o(.text)
    DMA2_Stream2_IRQHandler                  0x08000243   Thumb Code     0  startup_stm32f407xx.o(.text)
    DMA2_Stream3_IRQHandler                  0x08000243   Thumb Code     0  startup_stm32f407xx.o(.text)
    DMA2_Stream4_IRQHandler                  0x08000243   Thumb Code     0  startup_stm32f407xx.o(.text)
    DMA2_Stream5_IRQHandler                  0x08000243   Thumb Code     0  startup_stm32f407xx.o(.text)
    DMA2_Stream6_IRQHandler                  0x08000243   Thumb Code     0  startup_stm32f407xx.o(.text)
    DMA2_Stream7_IRQHandler                  0x08000243   Thumb Code     0  startup_stm32f407xx.o(.text)
    ETH_IRQHandler                           0x08000243   Thumb Code     0  startup_stm32f407xx.o(.text)
    ETH_WKUP_IRQHandler                      0x08000243   Thumb Code     0  startup_stm32f407xx.o(.text)
    EXTI0_IRQHandler                         0x08000243   Thumb Code     0  startup_stm32f407xx.o(.text)
    EXTI1_IRQHandler                         0x08000243   Thumb Code     0  startup_stm32f407xx.o(.text)
    EXTI2_IRQHandler                         0x08000243   Thumb Code     0  startup_stm32f407xx.o(.text)
    EXTI3_IRQHandler                         0x08000243   Thumb Code     0  startup_stm32f407xx.o(.text)
    EXTI4_IRQHandler                         0x08000243   Thumb Code     0  startup_stm32f407xx.o(.text)
    EXTI9_5_IRQHandler                       0x08000243   Thumb Code     0  startup_stm32f407xx.o(.text)
    FLASH_IRQHandler                         0x08000243   Thumb Code     0  startup_stm32f407xx.o(.text)
    FMC_IRQHandler                           0x08000243   Thumb Code     0  startup_stm32f407xx.o(.text)
    FPU_IRQHandler                           0x08000243   Thumb Code     0  startup_stm32f407xx.o(.text)
    HASH_RNG_IRQHandler                      0x08000243   Thumb Code     0  startup_stm32f407xx.o(.text)
    I2C1_ER_IRQHandler                       0x08000243   Thumb Code     0  startup_stm32f407xx.o(.text)
    I2C1_EV_IRQHandler                       0x08000243   Thumb Code     0  startup_stm32f407xx.o(.text)
    I2C2_ER_IRQHandler                       0x08000243   Thumb Code     0  startup_stm32f407xx.o(.text)
    I2C2_EV_IRQHandler                       0x08000243   Thumb Code     0  startup_stm32f407xx.o(.text)
    I2C3_ER_IRQHandler                       0x08000243   Thumb Code     0  startup_stm32f407xx.o(.text)
    I2C3_EV_IRQHandler                       0x08000243   Thumb Code     0  startup_stm32f407xx.o(.text)
    OTG_FS_IRQHandler                        0x08000243   Thumb Code     0  startup_stm32f407xx.o(.text)
    OTG_FS_WKUP_IRQHandler                   0x08000243   Thumb Code     0  startup_stm32f407xx.o(.text)
    OTG_HS_EP1_IN_IRQHandler                 0x08000243   Thumb Code     0  startup_stm32f407xx.o(.text)
    OTG_HS_EP1_OUT_IRQHandler                0x08000243   Thumb Code     0  startup_stm32f407xx.o(.text)
    OTG_HS_IRQHandler                        0x08000243   Thumb Code     0  startup_stm32f407xx.o(.text)
    OTG_HS_WKUP_IRQHandler                   0x08000243   Thumb Code     0  startup_stm32f407xx.o(.text)
    PVD_IRQHandler                           0x08000243   Thumb Code     0  startup_stm32f407xx.o(.text)
    RCC_IRQHandler                           0x08000243   Thumb Code     0  startup_stm32f407xx.o(.text)
    RTC_Alarm_IRQHandler                     0x08000243   Thumb Code     0  startup_stm32f407xx.o(.text)
    RTC_WKUP_IRQHandler                      0x08000243   Thumb Code     0  startup_stm32f407xx.o(.text)
    SDIO_IRQHandler                          0x08000243   Thumb Code     0  startup_stm32f407xx.o(.text)
    SPI1_IRQHandler                          0x08000243   Thumb Code     0  startup_stm32f407xx.o(.text)
    SPI2_IRQHandler                          0x08000243   Thumb Code     0  startup_stm32f407xx.o(.text)
    SPI3_IRQHandler                          0x08000243   Thumb Code     0  startup_stm32f407xx.o(.text)
    TAMP_STAMP_IRQHandler                    0x08000243   Thumb Code     0  startup_stm32f407xx.o(.text)
    TIM1_BRK_TIM9_IRQHandler                 0x08000243   Thumb Code     0  startup_stm32f407xx.o(.text)
    TIM1_CC_IRQHandler                       0x08000243   Thumb Code     0  startup_stm32f407xx.o(.text)
    TIM1_TRG_COM_TIM11_IRQHandler            0x08000243   Thumb Code     0  startup_stm32f407xx.o(.text)
    TIM1_UP_TIM10_IRQHandler                 0x08000243   Thumb Code     0  startup_stm32f407xx.o(.text)
    TIM2_IRQHandler                          0x08000243   Thumb Code     0  startup_stm32f407xx.o(.text)
    TIM3_IRQHandler                          0x08000243   Thumb Code     0  startup_stm32f407xx.o(.text)
    TIM4_IRQHandler                          0x08000243   Thumb Code     0  startup_stm32f407xx.o(.text)
    TIM5_IRQHandler                          0x08000243   Thumb Code     0  startup_stm32f407xx.o(.text)
    TIM8_BRK_TIM12_IRQHandler                0x08000243   Thumb Code     0  startup_stm32f407xx.o(.text)
    TIM8_CC_IRQHandler                       0x08000243   Thumb Code     0  startup_stm32f407xx.o(.text)
    TIM8_TRG_COM_TIM14_IRQHandler            0x08000243   Thumb Code     0  startup_stm32f407xx.o(.text)
    TIM8_UP_TIM13_IRQHandler                 0x08000243   Thumb Code     0  startup_stm32f407xx.o(.text)
    UART4_IRQHandler                         0x08000243   Thumb Code     0  startup_stm32f407xx.o(.text)
    UART5_IRQHandler                         0x08000243   Thumb Code     0  startup_stm32f407xx.o(.text)
    USART3_IRQHandler                        0x08000243   Thumb Code     0  startup_stm32f407xx.o(.text)
    USART6_IRQHandler                        0x08000243   Thumb Code     0  startup_stm32f407xx.o(.text)
    WWDG_IRQHandler                          0x08000243   Thumb Code     0  startup_stm32f407xx.o(.text)
    __user_initial_stackheap                 0x08000245   Thumb Code     0  startup_stm32f407xx.o(.text)
    __aeabi_uldivmod                         0x08000269   Thumb Code     0  lludivv7m.o(.text)
    _ll_udiv                                 0x08000269   Thumb Code   240  lludivv7m.o(.text)
    __aeabi_memcpy                           0x08000359   Thumb Code     0  rt_memcpy_v6.o(.text)
    __rt_memcpy                              0x08000359   Thumb Code   138  rt_memcpy_v6.o(.text)
    _memcpy_lastbytes                        0x080003bf   Thumb Code     0  rt_memcpy_v6.o(.text)
    __aeabi_memcpy4                          0x080003e3   Thumb Code     0  rt_memcpy_w.o(.text)
    __aeabi_memcpy8                          0x080003e3   Thumb Code     0  rt_memcpy_w.o(.text)
    __rt_memcpy_w                            0x080003e3   Thumb Code   100  rt_memcpy_w.o(.text)
    _memcpy_lastbytes_aligned                0x0800042b   Thumb Code     0  rt_memcpy_w.o(.text)
    __aeabi_memset4                          0x08000447   Thumb Code    16  aeabi_memset4.o(.text)
    __aeabi_memset8                          0x08000447   Thumb Code     0  aeabi_memset4.o(.text)
    __aeabi_memclr4                          0x08000457   Thumb Code     0  rt_memclr_w.o(.text)
    __aeabi_memclr8                          0x08000457   Thumb Code     0  rt_memclr_w.o(.text)
    __rt_memclr_w                            0x08000457   Thumb Code     0  rt_memclr_w.o(.text)
    _memset_w                                0x0800045b   Thumb Code    74  rt_memclr_w.o(.text)
    __use_two_region_memory                  0x080004a5   Thumb Code     2  heapauxi.o(.text)
    __rt_heap_escrow$2region                 0x080004a7   Thumb Code     2  heapauxi.o(.text)
    __rt_heap_expand$2region                 0x080004a9   Thumb Code     2  heapauxi.o(.text)
    __user_libspace                          0x080004ad   Thumb Code     8  libspace.o(.text)
    __user_perproc_libspace                  0x080004ad   Thumb Code     0  libspace.o(.text)
    __user_perthread_libspace                0x080004ad   Thumb Code     0  libspace.o(.text)
    __user_setup_stackheap                   0x080004b5   Thumb Code    74  sys_stackheap_outer.o(.text)
    exit                                     0x080004ff   Thumb Code    18  exit.o(.text)
    _sys_exit                                0x08000511   Thumb Code     8  sys_exit.o(.text)
    __I$use$semihosting                      0x0800051d   Thumb Code     0  use_no_semi.o(.text)
    __use_no_semihosting_swi                 0x0800051d   Thumb Code     2  use_no_semi.o(.text)
    __semihosting_library_function           0x0800051f   Thumb Code     0  indicate_semi.o(.text)
    BusFault_Handler                         0x08000521   Thumb Code     2  stm32f4xx_it.o(.text.BusFault_Handler)
    CAN1_RX0_IRQHandler                      0x08000525   Thumb Code    16  stm32f4xx_it.o(.text.CAN1_RX0_IRQHandler)
    CAN_cmd_chassis                          0x08000535   Thumb Code   104  can_receive.o(.text.CAN_cmd_chassis)
    DMA1_Stream5_IRQHandler                  0x0800059d   Thumb Code    16  stm32f4xx_it.o(.text.DMA1_Stream5_IRQHandler)
    Data_Processing                          0x08000669   Thumb Code    24  idlenew.o(.text.Data_Processing)
    DebugMon_Handler                         0x08000681   Thumb Code     2  stm32f4xx_it.o(.text.DebugMon_Handler)
    EXTI15_10_IRQHandler                     0x08000685   Thumb Code    36  stm32f4xx_it.o(.text.EXTI15_10_IRQHandler)
    Error_Handler                            0x080006a9   Thumb Code    10  main.o(.text.Error_Handler)
    HAL_CAN_ActivateNotification             0x080006b5   Thumb Code    72  stm32f4xx_hal_can.o(.text.HAL_CAN_ActivateNotification)
    HAL_CAN_AddTxMessage                     0x080006fd   Thumb Code   322  stm32f4xx_hal_can.o(.text.HAL_CAN_AddTxMessage)
    HAL_CAN_ConfigFilter                     0x08000841   Thumb Code   440  stm32f4xx_hal_can.o(.text.HAL_CAN_ConfigFilter)
    HAL_CAN_ErrorCallback                    0x080009f9   Thumb Code     2  stm32f4xx_hal_can.o(.text.HAL_CAN_ErrorCallback)
    HAL_CAN_GetRxMessage                     0x080009fd   Thumb Code   326  stm32f4xx_hal_can.o(.text.HAL_CAN_GetRxMessage)
    HAL_CAN_IRQHandler                       0x08000b45   Thumb Code   570  stm32f4xx_hal_can.o(.text.HAL_CAN_IRQHandler)
    HAL_CAN_Init                             0x08000d81   Thumb Code   552  stm32f4xx_hal_can.o(.text.HAL_CAN_Init)
    HAL_CAN_MspInit                          0x08000fa9   Thumb Code   304  can.o(.text.HAL_CAN_MspInit)
    HAL_CAN_RxFifo0FullCallback              0x080010d9   Thumb Code     2  stm32f4xx_hal_can.o(.text.HAL_CAN_RxFifo0FullCallback)
    HAL_CAN_RxFifo0MsgPendingCallback        0x080010dd   Thumb Code   108  can_receive.o(.text.HAL_CAN_RxFifo0MsgPendingCallback)
    HAL_CAN_RxFifo1FullCallback              0x08001149   Thumb Code     2  stm32f4xx_hal_can.o(.text.HAL_CAN_RxFifo1FullCallback)
    HAL_CAN_RxFifo1MsgPendingCallback        0x0800114d   Thumb Code     2  stm32f4xx_hal_can.o(.text.HAL_CAN_RxFifo1MsgPendingCallback)
    HAL_CAN_SleepCallback                    0x08001151   Thumb Code     2  stm32f4xx_hal_can.o(.text.HAL_CAN_SleepCallback)
    HAL_CAN_Start                            0x08001155   Thumb Code    90  stm32f4xx_hal_can.o(.text.HAL_CAN_Start)
    HAL_CAN_TxMailbox0AbortCallback          0x080011b1   Thumb Code     2  stm32f4xx_hal_can.o(.text.HAL_CAN_TxMailbox0AbortCallback)
    HAL_CAN_TxMailbox0CompleteCallback       0x080011b5   Thumb Code     2  stm32f4xx_hal_can.o(.text.HAL_CAN_TxMailbox0CompleteCallback)
    HAL_CAN_TxMailbox1AbortCallback          0x080011b9   Thumb Code     2  stm32f4xx_hal_can.o(.text.HAL_CAN_TxMailbox1AbortCallback)
    HAL_CAN_TxMailbox1CompleteCallback       0x080011bd   Thumb Code     2  stm32f4xx_hal_can.o(.text.HAL_CAN_TxMailbox1CompleteCallback)
    HAL_CAN_TxMailbox2AbortCallback          0x080011c1   Thumb Code     2  stm32f4xx_hal_can.o(.text.HAL_CAN_TxMailbox2AbortCallback)
    HAL_CAN_TxMailbox2CompleteCallback       0x080011c5   Thumb Code     2  stm32f4xx_hal_can.o(.text.HAL_CAN_TxMailbox2CompleteCallback)
    HAL_CAN_WakeUpFromRxMsgCallback          0x080011c9   Thumb Code     2  stm32f4xx_hal_can.o(.text.HAL_CAN_WakeUpFromRxMsgCallback)
    HAL_DMA_Abort                            0x080011cd   Thumb Code   128  stm32f4xx_hal_dma.o(.text.HAL_DMA_Abort)
    HAL_DMA_Abort_IT                         0x0800124d   Thumb Code    36  stm32f4xx_hal_dma.o(.text.HAL_DMA_Abort_IT)
    HAL_DMA_IRQHandler                       0x08001271   Thumb Code   396  stm32f4xx_hal_dma.o(.text.HAL_DMA_IRQHandler)
    HAL_DMA_Init                             0x080013fd   Thumb Code   810  stm32f4xx_hal_dma.o(.text.HAL_DMA_Init)
    HAL_DMA_Start_IT                         0x08001729   Thumb Code   146  stm32f4xx_hal_dma.o(.text.HAL_DMA_Start_IT)
    HAL_Delay                                0x080017bd   Thumb Code    40  stm32f4xx_hal.o(.text.HAL_Delay)
    HAL_GPIO_EXTI_Callback                   0x080017e5   Thumb Code    74  main.o(.text.HAL_GPIO_EXTI_Callback)
    HAL_GPIO_EXTI_IRQHandler                 0x08001831   Thumb Code    26  stm32f4xx_hal_gpio.o(.text.HAL_GPIO_EXTI_IRQHandler)
    HAL_GPIO_Init                            0x0800184d   Thumb Code   676  stm32f4xx_hal_gpio.o(.text.HAL_GPIO_Init)
    HAL_GPIO_WritePin                        0x08001af1   Thumb Code    66  stm32f4xx_hal_gpio.o(.text.HAL_GPIO_WritePin)
    HAL_GetTick                              0x08001b35   Thumb Code    12  stm32f4xx_hal.o(.text.HAL_GetTick)
    HAL_IncTick                              0x08001b41   Thumb Code    26  stm32f4xx_hal.o(.text.HAL_IncTick)
    HAL_Init                                 0x08001b5d   Thumb Code    54  stm32f4xx_hal.o(.text.HAL_Init)
    HAL_InitTick                             0x08001b95   Thumb Code   174  stm32f4xx_hal_timebase_tim.o(.text.HAL_InitTick)
    HAL_MspInit                              0x08001c45   Thumb Code    70  stm32f4xx_hal_msp.o(.text.HAL_MspInit)
    HAL_NVIC_EnableIRQ                       0x08001c8d   Thumb Code    32  stm32f4xx_hal_cortex.o(.text.HAL_NVIC_EnableIRQ)
    HAL_NVIC_SetPriority                     0x08001cad   Thumb Code    66  stm32f4xx_hal_cortex.o(.text.HAL_NVIC_SetPriority)
    HAL_NVIC_SetPriorityGrouping             0x08001cf1   Thumb Code    32  stm32f4xx_hal_cortex.o(.text.HAL_NVIC_SetPriorityGrouping)
    HAL_RCC_CSSCallback                      0x08001d11   Thumb Code     2  stm32f4xx_hal_rcc.o(.text.HAL_RCC_CSSCallback)
    HAL_RCC_ClockConfig                      0x08001d15   Thumb Code   542  stm32f4xx_hal_rcc.o(.text.HAL_RCC_ClockConfig)
    HAL_RCC_EnableCSS                        0x08001f35   Thumb Code    12  stm32f4xx_hal_rcc.o(.text.HAL_RCC_EnableCSS)
    HAL_RCC_GetClockConfig                   0x08001f41   Thumb Code    62  stm32f4xx_hal_rcc.o(.text.HAL_RCC_GetClockConfig)
    HAL_RCC_GetHCLKFreq                      0x08001f81   Thumb Code    12  stm32f4xx_hal_rcc.o(.text.HAL_RCC_GetHCLKFreq)
    HAL_RCC_GetPCLK1Freq                     0x08001f8d   Thumb Code    34  stm32f4xx_hal_rcc.o(.text.HAL_RCC_GetPCLK1Freq)
    HAL_RCC_GetPCLK2Freq                     0x08001fb1   Thumb Code    34  stm32f4xx_hal_rcc.o(.text.HAL_RCC_GetPCLK2Freq)
    HAL_RCC_GetSysClockFreq                  0x08001fd5   Thumb Code   106  stm32f4xx_hal_rcc.o(.text.HAL_RCC_GetSysClockFreq)
    HAL_RCC_NMI_IRQHandler                   0x08002041   Thumb Code    28  stm32f4xx_hal_rcc.o(.text.HAL_RCC_NMI_IRQHandler)
    HAL_RCC_OscConfig                        0x0800205d   Thumb Code  1186  stm32f4xx_hal_rcc.o(.text.HAL_RCC_OscConfig)
    HAL_TIMEx_BreakCallback                  0x08002501   Thumb Code     2  stm32f4xx_hal_tim_ex.o(.text.HAL_TIMEx_BreakCallback)
    HAL_TIMEx_CommutCallback                 0x08002505   Thumb Code     2  stm32f4xx_hal_tim_ex.o(.text.HAL_TIMEx_CommutCallback)
    HAL_TIMEx_ConfigBreakDeadTime            0x08002509   Thumb Code   302  stm32f4xx_hal_tim_ex.o(.text.HAL_TIMEx_ConfigBreakDeadTime)
    HAL_TIMEx_MasterConfigSynchronization    0x08002639   Thumb Code   368  stm32f4xx_hal_tim_ex.o(.text.HAL_TIMEx_MasterConfigSynchronization)
    HAL_TIM_Base_Init                        0x080027a9   Thumb Code   416  stm32f4xx_hal_tim.o(.text.HAL_TIM_Base_Init)
    HAL_TIM_Base_MspInit                     0x08002949   Thumb Code   204  tim.o(.text.HAL_TIM_Base_MspInit)
    HAL_TIM_Base_Start_IT                    0x08002a15   Thumb Code   394  stm32f4xx_hal_tim.o(.text.HAL_TIM_Base_Start_IT)
    HAL_TIM_ConfigClockSource                0x08002ba1   Thumb Code  1720  stm32f4xx_hal_tim.o(.text.HAL_TIM_ConfigClockSource)
    HAL_TIM_Encoder_Init                     0x08003259   Thumb Code   646  stm32f4xx_hal_tim.o(.text.HAL_TIM_Encoder_Init)
    HAL_TIM_Encoder_MspInit                  0x080034e1   Thumb Code   232  tim.o(.text.HAL_TIM_Encoder_MspInit)
    HAL_TIM_IC_CaptureCallback               0x080035c9   Thumb Code     2  stm32f4xx_hal_tim.o(.text.HAL_TIM_IC_CaptureCallback)
    HAL_TIM_IRQHandler                       0x080035cd   Thumb Code   362  stm32f4xx_hal_tim.o(.text.HAL_TIM_IRQHandler)
    HAL_TIM_MspPostInit                      0x08003739   Thumb Code   366  tim.o(.text.HAL_TIM_MspPostInit)
    HAL_TIM_OC_DelayElapsedCallback          0x080038a9   Thumb Code     2  stm32f4xx_hal_tim.o(.text.HAL_TIM_OC_DelayElapsedCallback)
    HAL_TIM_PWM_ConfigChannel                0x080038ad   Thumb Code   796  stm32f4xx_hal_tim.o(.text.HAL_TIM_PWM_ConfigChannel)
    HAL_TIM_PWM_Init                         0x08003bc9   Thumb Code   416  stm32f4xx_hal_tim.o(.text.HAL_TIM_PWM_Init)
    HAL_TIM_PWM_MspInit                      0x08003d69   Thumb Code    54  tim.o(.text.HAL_TIM_PWM_MspInit)
    HAL_TIM_PWM_PulseFinishedCallback        0x08003da1   Thumb Code     2  stm32f4xx_hal_tim.o(.text.HAL_TIM_PWM_PulseFinishedCallback)
    HAL_TIM_PWM_Start                        0x08003da5   Thumb Code   678  stm32f4xx_hal_tim.o(.text.HAL_TIM_PWM_Start)
    HAL_TIM_PeriodElapsedCallback            0x0800404d   Thumb Code    22  main.o(.text.HAL_TIM_PeriodElapsedCallback)
    HAL_TIM_TriggerCallback                  0x08004065   Thumb Code     2  stm32f4xx_hal_tim.o(.text.HAL_TIM_TriggerCallback)
    HAL_UARTEx_RxEventCallback               0x08004069   Thumb Code     2  stm32f4xx_hal_uart.o(.text.HAL_UARTEx_RxEventCallback)
    HAL_UART_DMAStop                         0x0800406d   Thumb Code   120  stm32f4xx_hal_uart.o(.text.HAL_UART_DMAStop)
    HAL_UART_ErrorCallback                   0x080040e5   Thumb Code     2  stm32f4xx_hal_uart.o(.text.HAL_UART_ErrorCallback)
    HAL_UART_IRQHandler                      0x080040e9   Thumb Code   570  stm32f4xx_hal_uart.o(.text.HAL_UART_IRQHandler)
    HAL_UART_Init                            0x08004325   Thumb Code   360  stm32f4xx_hal_uart.o(.text.HAL_UART_Init)
    HAL_UART_MspInit                         0x0800448d   Thumb Code   296  usart.o(.text.HAL_UART_MspInit)
    HAL_UART_Receive_DMA                     0x080045b5   Thumb Code    56  stm32f4xx_hal_uart.o(.text.HAL_UART_Receive_DMA)
    HAL_UART_RxCpltCallback                  0x080045ed   Thumb Code     2  stm32f4xx_hal_uart.o(.text.HAL_UART_RxCpltCallback)
    HAL_UART_RxHalfCpltCallback              0x080045f1   Thumb Code     2  stm32f4xx_hal_uart.o(.text.HAL_UART_RxHalfCpltCallback)
    HAL_UART_TxCpltCallback                  0x080045f5   Thumb Code     2  stm32f4xx_hal_uart.o(.text.HAL_UART_TxCpltCallback)
    HardFault_Handler                        0x080045f9   Thumb Code     2  stm32f4xx_it.o(.text.HardFault_Handler)
    MX_CAN1_Init                             0x080045fd   Thumb Code    66  can.o(.text.MX_CAN1_Init)
    MX_CAN2_Init                             0x08004641   Thumb Code    50  can.o(.text.MX_CAN2_Init)
    MX_DMA_Init                              0x08004675   Thumb Code    54  dma.o(.text.MX_DMA_Init)
    MX_FREERTOS_Init                         0x080046ad   Thumb Code    92  freertos.o(.text.MX_FREERTOS_Init)
    MX_GPIO_Init                             0x08004709   Thumb Code   234  gpio.o(.text.MX_GPIO_Init)
    MX_TIM12_Init                            0x080047f5   Thumb Code   140  tim.o(.text.MX_TIM12_Init)
    MX_TIM1_Init                             0x08004881   Thumb Code   346  tim.o(.text.MX_TIM1_Init)
    MX_TIM2_Init                             0x080049dd   Thumb Code   114  tim.o(.text.MX_TIM2_Init)
    MX_TIM3_Init                             0x08004a51   Thumb Code   276  tim.o(.text.MX_TIM3_Init)
    MX_TIM4_Init                             0x08004b65   Thumb Code   278  tim.o(.text.MX_TIM4_Init)
    MX_TIM5_Init                             0x08004c7d   Thumb Code   118  tim.o(.text.MX_TIM5_Init)
    MX_TIM6_Init                             0x08004cf5   Thumb Code    82  tim.o(.text.MX_TIM6_Init)
    MX_USART1_UART_Init                      0x08004d49   Thumb Code    56  usart.o(.text.MX_USART1_UART_Init)
    MX_USART2_UART_Init                      0x08004d81   Thumb Code    56  usart.o(.text.MX_USART2_UART_Init)
    MemManage_Handler                        0x08004db9   Thumb Code     2  stm32f4xx_it.o(.text.MemManage_Handler)
    NMI_Handler                              0x08004dbd   Thumb Code     6  stm32f4xx_it.o(.text.NMI_Handler)
    PendSV_Handler                           0x08004df1   Thumb Code   100  port.o(.text.PendSV_Handler)
    SVC_Handler                              0x08004e61   Thumb Code    36  port.o(.text.SVC_Handler)
    SendCanTask                              0x08004e8d   Thumb Code    16  freertos.o(.text.SendCanTask)
    Shot_Control                             0x08004e9d   Thumb Code    40  motors.o(.text.Shot_Control)
    SysTick_Handler                          0x08004ec5   Thumb Code    26  cmsis_os2.o(.text.SysTick_Handler)
    SystemClock_Config                       0x08004ee1   Thumb Code   164  main.o(.text.SystemClock_Config)
    SystemInit                               0x08004f85   Thumb Code    18  system_stm32f4xx.o(.text.SystemInit)
    TIM6_DAC_IRQHandler                      0x08004f99   Thumb Code    16  stm32f4xx_it.o(.text.TIM6_DAC_IRQHandler)
    TIM7_IRQHandler                          0x08004fa9   Thumb Code    16  stm32f4xx_it.o(.text.TIM7_IRQHandler)
    TIM_Base_SetConfig                       0x08004fb9   Thumb Code   292  stm32f4xx_hal_tim.o(.text.TIM_Base_SetConfig)
    TIM_CCxChannelCmd                        0x080050dd   Thumb Code   256  stm32f4xx_hal_tim.o(.text.TIM_CCxChannelCmd)
    TIM_ETR_SetConfig                        0x080051dd   Thumb Code    22  stm32f4xx_hal_tim.o(.text.TIM_ETR_SetConfig)
    TIM_OC2_SetConfig                        0x080052cd   Thumb Code   204  stm32f4xx_hal_tim.o(.text.TIM_OC2_SetConfig)
    TaskAssignTask                           0x08005521   Thumb Code   116  freertos.o(.text.TaskAssignTask)
    UART_Start_Receive_DMA                   0x0800592d   Thumb Code   154  stm32f4xx_hal_uart.o(.text.UART_Start_Receive_DMA)
    USART1_IRQHandler                        0x08005a1d   Thumb Code    16  stm32f4xx_it.o(.text.USART1_IRQHandler)
    USART2_IRQHandler                        0x08005a2d   Thumb Code    24  stm32f4xx_it.o(.text.USART2_IRQHandler)
    USER_TIM_PWM_Init                        0x08005a45   Thumb Code   148  motors.o(.text.USER_TIM_PWM_Init)
    UsageFault_Handler                       0x08005ad9   Thumb Code     2  stm32f4xx_it.o(.text.UsageFault_Handler)
    Usart_Receive_Data                       0x08005add   Thumb Code   118  idlenew.o(.text.Usart_Receive_Data)
    assert_failed                            0x08005bd9   Thumb Code     2  main.o(.text.assert_failed)
    can_filter_init                          0x08005bdd   Thumb Code    60  bsp_can.o(.text.can_filter_init)
    chassis_changeSpeed                      0x08005c79   Thumb Code   176  chassis.o(.text.chassis_changeSpeed)
    chassis_init                             0x08005d29   Thumb Code   116  chassis.o(.text.chassis_init)
    chassis_pid                              0x08005d9d   Thumb Code     8  chassis.o(.text.chassis_pid)
    chassis_sendcan                          0x08005da5   Thumb Code     8  chassis.o(.text.chassis_sendcan)
    get_chassis_motor_measure_point          0x08005ea5   Thumb Code    22  can_receive.o(.text.get_chassis_motor_measure_point)
    main                                     0x08005ebd   Thumb Code   142  main.o(.text.main)
    osDelay                                  0x08005f4d   Thumb Code    32  cmsis_os2.o(.text.osDelay)
    osKernelInitialize                       0x08005f6d   Thumb Code    40  cmsis_os2.o(.text.osKernelInitialize)
    osKernelStart                            0x08005f95   Thumb Code    52  cmsis_os2.o(.text.osKernelStart)
    osThreadNew                              0x08005fc9   Thumb Code   180  cmsis_os2.o(.text.osThreadNew)
    pid_init                                 0x08006141   Thumb Code    30  pid.o(.text.pid_init)
    pvPortMalloc                             0x08006b69   Thumb Code   330  heap_4.o(.text.pvPortMalloc)
    pxPortInitialiseStack                    0x08006cb5   Thumb Code    40  port.o(.text.pxPortInitialiseStack)
    uxListRemove                             0x08006d25   Thumb Code    36  list.o(.text.uxListRemove)
    vApplicationGetIdleTaskMemory            0x08006d49   Thumb Code    26  cmsis_os2.o(.text.vApplicationGetIdleTaskMemory)
    vApplicationGetTimerTaskMemory           0x08006d65   Thumb Code    28  cmsis_os2.o(.text.vApplicationGetTimerTaskMemory)
    vListInitialise                          0x08006d81   Thumb Code    22  list.o(.text.vListInitialise)
    vListInitialiseItem                      0x08006d99   Thumb Code     6  list.o(.text.vListInitialiseItem)
    vListInsert                              0x08006da1   Thumb Code    58  list.o(.text.vListInsert)
    vListInsertEnd                           0x08006ddd   Thumb Code    28  list.o(.text.vListInsertEnd)
    vPortEnterCritical                       0x08006e0d   Thumb Code    70  port.o(.text.vPortEnterCritical)
    vPortExitCritical                        0x08006e55   Thumb Code    46  port.o(.text.vPortExitCritical)
    vPortFree                                0x08006e85   Thumb Code   138  heap_4.o(.text.vPortFree)
    vPortSetupTimerInterrupt                 0x08006f11   Thumb Code    52  port.o(.text.vPortSetupTimerInterrupt)
    vPortValidateInterruptPriority           0x08006f45   Thumb Code    98  port.o(.text.vPortValidateInterruptPriority)
    vQueueAddToRegistry                      0x08006fa9   Thumb Code    40  queue.o(.text.vQueueAddToRegistry)
    vQueueWaitForMessageRestricted           0x08006fd1   Thumb Code    68  queue.o(.text.vQueueWaitForMessageRestricted)
    vTaskDelay                               0x08007015   Thumb Code    84  tasks.o(.text.vTaskDelay)
    vTaskInternalSetTimeOutState             0x08007069   Thumb Code    26  tasks.o(.text.vTaskInternalSetTimeOutState)
    vTaskMissedYield                         0x08007085   Thumb Code    14  tasks.o(.text.vTaskMissedYield)
    vTaskPlaceOnEventList                    0x08007095   Thumb Code    50  tasks.o(.text.vTaskPlaceOnEventList)
    vTaskPlaceOnEventListRestricted          0x080070c9   Thumb Code    62  tasks.o(.text.vTaskPlaceOnEventListRestricted)
    vTaskStartScheduler                      0x08007109   Thumb Code   156  tasks.o(.text.vTaskStartScheduler)
    vTaskSuspend                             0x080071ad   Thumb Code   204  tasks.o(.text.vTaskSuspend)
    vTaskSuspendAll                          0x08007279   Thumb Code    16  tasks.o(.text.vTaskSuspendAll)
    vTaskSwitchContext                       0x08007289   Thumb Code   154  tasks.o(.text.vTaskSwitchContext)
    xPortStartScheduler                      0x08007325   Thumb Code   274  port.o(.text.xPortStartScheduler)
    xPortSysTickHandler                      0x08007439   Thumb Code    46  port.o(.text.xPortSysTickHandler)
    xQueueGenericCreateStatic                0x08007469   Thumb Code   150  queue.o(.text.xQueueGenericCreateStatic)
    xQueueGenericReset                       0x08007501   Thumb Code   126  queue.o(.text.xQueueGenericReset)
    xQueueGenericSend                        0x08007581   Thumb Code   418  queue.o(.text.xQueueGenericSend)
    xQueueGenericSendFromISR                 0x08007725   Thumb Code   206  queue.o(.text.xQueueGenericSendFromISR)
    xQueueReceive                            0x080077f5   Thumb Code   388  queue.o(.text.xQueueReceive)
    xTaskCheckForTimeOut                     0x08007979   Thumb Code   136  tasks.o(.text.xTaskCheckForTimeOut)
    xTaskCreate                              0x08007a01   Thumb Code   102  tasks.o(.text.xTaskCreate)
    xTaskCreateStatic                        0x08007a69   Thumb Code   118  tasks.o(.text.xTaskCreateStatic)
    xTaskGetSchedulerState                   0x08007ae1   Thumb Code    38  tasks.o(.text.xTaskGetSchedulerState)
    xTaskGetTickCount                        0x08007b09   Thumb Code    12  tasks.o(.text.xTaskGetTickCount)
    xTaskIncrementTick                       0x08007b15   Thumb Code   338  tasks.o(.text.xTaskIncrementTick)
    xTaskPriorityDisinherit                  0x08007c69   Thumb Code   146  tasks.o(.text.xTaskPriorityDisinherit)
    xTaskRemoveFromEventList                 0x08007cfd   Thumb Code   142  tasks.o(.text.xTaskRemoveFromEventList)
    xTaskResumeAll                           0x08007d8d   Thumb Code   276  tasks.o(.text.xTaskResumeAll)
    xTaskResumeFromISR                       0x08007ea1   Thumb Code   174  tasks.o(.text.xTaskResumeFromISR)
    xTimerCreateTimerTask                    0x08007f51   Thumb Code   108  timers.o(.text.xTimerCreateTimerTask)
    xTimerGenericCommand                     0x08007fc5   Thumb Code   104  timers.o(.text.xTimerGenericCommand)
    _fp_init                                 0x0800802d   Thumb Code    26  fpinit.o(x$fpl$fpinit)
    __fplib_config_fpu_vfp                   0x08008045   Thumb Code     0  fpinit.o(x$fpl$fpinit)
    __fplib_config_pureend_doubles           0x08008045   Thumb Code     0  fpinit.o(x$fpl$fpinit)
    AHBPrescTable                            0x08008046   Data          16  system_stm32f4xx.o(.rodata.AHBPrescTable)
    APBPrescTable                            0x08008056   Data           8  system_stm32f4xx.o(.rodata.APBPrescTable)
    mySendCan_attributes                     0x08008060   Data          36  freertos.o(.rodata.mySendCan_attributes)
    myTaskAssign_attributes                  0x08008084   Data          36  freertos.o(.rodata.myTaskAssign_attributes)
    Region$$Table$$Base                      0x08008288   Number         0  anon$$obj.o(Region$$Table)
    Region$$Table$$Limit                     0x080082a8   Number         0  anon$$obj.o(Region$$Table)
    SystemCoreClock                          0x20000000   Data           4  system_stm32f4xx.o(.data.SystemCoreClock)
    uwTickFreq                               0x20000004   Data           1  stm32f4xx_hal.o(.data.uwTickFreq)
    uwTickPrio                               0x20000008   Data           4  stm32f4xx_hal.o(.data.uwTickPrio)
    __libspace_start                         0x20000010   Data          96  libspace.o(.bss)
    __temporary_stack_top$libspace           0x20000070   Data           0  libspace.o(.bss)
    buffer                                   0x20000078   Data         255  main.o(.bss.buffer)
    drive_motor_pid                          0x20000198   Data         400  pid.o(.bss.drive_motor_pid)
    hcan1                                    0x20000328   Data          40  can.o(.bss.hcan1)
    hcan2                                    0x20000350   Data          40  can.o(.bss.hcan2)
    hdma_usart2_rx                           0x20000378   Data          96  usart.o(.bss.hdma_usart2_rx)
    htim1                                    0x200003d8   Data          72  tim.o(.bss.htim1)
    htim12                                   0x20000420   Data          72  tim.o(.bss.htim12)
    htim2                                    0x20000468   Data          72  tim.o(.bss.htim2)
    htim3                                    0x200004b0   Data          72  tim.o(.bss.htim3)
    htim4                                    0x200004f8   Data          72  tim.o(.bss.htim4)
    htim5                                    0x20000540   Data          72  tim.o(.bss.htim5)
    htim6                                    0x20000588   Data          72  tim.o(.bss.htim6)
    htim7                                    0x200005d0   Data          72  stm32f4xx_hal_timebase_tim.o(.bss.htim7)
    huart1                                   0x20000618   Data          68  usart.o(.bss.huart1)
    huart2                                   0x2000065c   Data          68  usart.o(.bss.huart2)
    lastRemote                               0x200006a0   Data          26  freertos.o(.bss.lastRemote)
    motor_data                               0x20000700   Data          16  chassis.o(.bss.motor_data)
    mySendCanHandle                          0x20000710   Data           4  freertos.o(.bss.mySendCanHandle)
    myTaskAssignHandle                       0x20000714   Data           4  freertos.o(.bss.myTaskAssignHandle)
    pxCurrentTCB                             0x2000080c   Data           4  tasks.o(.bss.pxCurrentTCB)
    remotedata                               0x20000c84   Data          26  freertos.o(.bss.remotedata)
    uwTick                                   0x200048a4   Data           4  stm32f4xx_hal.o(.bss.uwTick)
    vx                                       0x20004f74   Data           4  chassis.o(.bss.vx)
    vy                                       0x20004f78   Data           4  chassis.o(.bss.vy)
    wheel_speed                              0x20004f7c   Data          16  chassis.o(.bss.wheel_speed)
    wz                                       0x20004f8c   Data           4  chassis.o(.bss.wz)
    xQueueRegistry                           0x20005018   Data          64  queue.o(.bss.xQueueRegistry)



==============================================================================

Memory Map of the image

  Image Entry point : 0x08000189

  Load Region LR_IROM1 (Base: 0x08000000, Size: 0x000082b8, Max: 0x00100000, ABSOLUTE)

    Execution Region ER_IROM1 (Exec base: 0x08000000, Load base: 0x08000000, Size: 0x000082a8, Max: 0x00100000, ABSOLUTE)

    Exec Addr    Load Addr    Size         Type   Attr      Idx    E Section Name        Object

    0x08000000   0x08000000   0x00000188   Data   RO            3    RESET               startup_stm32f407xx.o
    0x08000188   0x08000188   0x00000008   Code   RO         3581  * !!!main             c_w.l(__main.o)
    0x08000190   0x08000190   0x00000034   Code   RO         3895    !!!scatter          c_w.l(__scatter.o)
    0x080001c4   0x080001c4   0x0000001a   Code   RO         3897    !!handler_copy      c_w.l(__scatter_copy.o)
    0x080001de   0x080001de   0x00000002   PAD
    0x080001e0   0x080001e0   0x0000001c   Code   RO         3899    !!handler_zi        c_w.l(__scatter_zi.o)
    0x080001fc   0x080001fc   0x00000002   Code   RO         3762    .ARM.Collect$$libinit$$00000000  c_w.l(libinit.o)
    0x080001fe   0x080001fe   0x00000004   Code   RO         3771    .ARM.Collect$$libinit$$00000001  c_w.l(libinit2.o)
    0x08000202   0x08000202   0x00000000   Code   RO         3774    .ARM.Collect$$libinit$$00000004  c_w.l(libinit2.o)
    0x08000202   0x08000202   0x00000000   Code   RO         3777    .ARM.Collect$$libinit$$0000000A  c_w.l(libinit2.o)
    0x08000202   0x08000202   0x00000000   Code   RO         3779    .ARM.Collect$$libinit$$0000000C  c_w.l(libinit2.o)
    0x08000202   0x08000202   0x00000000   Code   RO         3781    .ARM.Collect$$libinit$$0000000E  c_w.l(libinit2.o)
    0x08000202   0x08000202   0x00000000   Code   RO         3784    .ARM.Collect$$libinit$$00000011  c_w.l(libinit2.o)
    0x08000202   0x08000202   0x00000000   Code   RO         3786    .ARM.Collect$$libinit$$00000013  c_w.l(libinit2.o)
    0x08000202   0x08000202   0x00000000   Code   RO         3788    .ARM.Collect$$libinit$$00000015  c_w.l(libinit2.o)
    0x08000202   0x08000202   0x00000000   Code   RO         3790    .ARM.Collect$$libinit$$00000017  c_w.l(libinit2.o)
    0x08000202   0x08000202   0x00000000   Code   RO         3792    .ARM.Collect$$libinit$$00000019  c_w.l(libinit2.o)
    0x08000202   0x08000202   0x00000000   Code   RO         3794    .ARM.Collect$$libinit$$0000001B  c_w.l(libinit2.o)
    0x08000202   0x08000202   0x00000000   Code   RO         3796    .ARM.Collect$$libinit$$0000001D  c_w.l(libinit2.o)
    0x08000202   0x08000202   0x00000000   Code   RO         3798    .ARM.Collect$$libinit$$0000001F  c_w.l(libinit2.o)
    0x08000202   0x08000202   0x00000000   Code   RO         3800    .ARM.Collect$$libinit$$00000021  c_w.l(libinit2.o)
    0x08000202   0x08000202   0x00000000   Code   RO         3802    .ARM.Collect$$libinit$$00000023  c_w.l(libinit2.o)
    0x08000202   0x08000202   0x00000000   Code   RO         3804    .ARM.Collect$$libinit$$00000025  c_w.l(libinit2.o)
    0x08000202   0x08000202   0x00000000   Code   RO         3808    .ARM.Collect$$libinit$$0000002C  c_w.l(libinit2.o)
    0x08000202   0x08000202   0x00000000   Code   RO         3810    .ARM.Collect$$libinit$$0000002E  c_w.l(libinit2.o)
    0x08000202   0x08000202   0x00000000   Code   RO         3812    .ARM.Collect$$libinit$$00000030  c_w.l(libinit2.o)
    0x08000202   0x08000202   0x00000000   Code   RO         3814    .ARM.Collect$$libinit$$00000032  c_w.l(libinit2.o)
    0x08000202   0x08000202   0x00000002   Code   RO         3815    .ARM.Collect$$libinit$$00000033  c_w.l(libinit2.o)
    0x08000204   0x08000204   0x00000002   Code   RO         3850    .ARM.Collect$$libshutdown$$00000000  c_w.l(libshutdown.o)
    0x08000206   0x08000206   0x00000000   Code   RO         3878    .ARM.Collect$$libshutdown$$00000002  c_w.l(libshutdown2.o)
    0x08000206   0x08000206   0x00000000   Code   RO         3880    .ARM.Collect$$libshutdown$$00000004  c_w.l(libshutdown2.o)
    0x08000206   0x08000206   0x00000000   Code   RO         3883    .ARM.Collect$$libshutdown$$00000007  c_w.l(libshutdown2.o)
    0x08000206   0x08000206   0x00000000   Code   RO         3886    .ARM.Collect$$libshutdown$$0000000A  c_w.l(libshutdown2.o)
    0x08000206   0x08000206   0x00000000   Code   RO         3888    .ARM.Collect$$libshutdown$$0000000C  c_w.l(libshutdown2.o)
    0x08000206   0x08000206   0x00000000   Code   RO         3891    .ARM.Collect$$libshutdown$$0000000F  c_w.l(libshutdown2.o)
    0x08000206   0x08000206   0x00000002   Code   RO         3892    .ARM.Collect$$libshutdown$$00000010  c_w.l(libshutdown2.o)
    0x08000208   0x08000208   0x00000000   Code   RO         3661    .ARM.Collect$$rtentry$$00000000  c_w.l(__rtentry.o)
    0x08000208   0x08000208   0x00000000   Code   RO         3723    .ARM.Collect$$rtentry$$00000002  c_w.l(__rtentry2.o)
    0x08000208   0x08000208   0x00000006   Code   RO         3735    .ARM.Collect$$rtentry$$00000004  c_w.l(__rtentry4.o)
    0x0800020e   0x0800020e   0x00000000   Code   RO         3725    .ARM.Collect$$rtentry$$00000009  c_w.l(__rtentry2.o)
    0x0800020e   0x0800020e   0x00000004   Code   RO         3726    .ARM.Collect$$rtentry$$0000000A  c_w.l(__rtentry2.o)
    0x08000212   0x08000212   0x00000000   Code   RO         3728    .ARM.Collect$$rtentry$$0000000C  c_w.l(__rtentry2.o)
    0x08000212   0x08000212   0x00000008   Code   RO         3729    .ARM.Collect$$rtentry$$0000000D  c_w.l(__rtentry2.o)
    0x0800021a   0x0800021a   0x00000002   Code   RO         3763    .ARM.Collect$$rtexit$$00000000  c_w.l(rtexit.o)
    0x0800021c   0x0800021c   0x00000000   Code   RO         3821    .ARM.Collect$$rtexit$$00000002  c_w.l(rtexit2.o)
    0x0800021c   0x0800021c   0x00000004   Code   RO         3822    .ARM.Collect$$rtexit$$00000003  c_w.l(rtexit2.o)
    0x08000220   0x08000220   0x00000006   Code   RO         3823    .ARM.Collect$$rtexit$$00000004  c_w.l(rtexit2.o)
    0x08000226   0x08000226   0x00000002   PAD
    0x08000228   0x08000228   0x00000040   Code   RO            4    .text               startup_stm32f407xx.o
    0x08000268   0x08000268   0x000000f0   Code   RO         3563    .text               c_w.l(lludivv7m.o)
    0x08000358   0x08000358   0x0000008a   Code   RO         3567    .text               c_w.l(rt_memcpy_v6.o)
    0x080003e2   0x080003e2   0x00000064   Code   RO         3569    .text               c_w.l(rt_memcpy_w.o)
    0x08000446   0x08000446   0x00000010   Code   RO         3573    .text               c_w.l(aeabi_memset4.o)
    0x08000456   0x08000456   0x0000004e   Code   RO         3577    .text               c_w.l(rt_memclr_w.o)
    0x080004a4   0x080004a4   0x00000006   Code   RO         3579    .text               c_w.l(heapauxi.o)
    0x080004aa   0x080004aa   0x00000002   PAD
    0x080004ac   0x080004ac   0x00000008   Code   RO         3746    .text               c_w.l(libspace.o)
    0x080004b4   0x080004b4   0x0000004a   Code   RO         3749    .text               c_w.l(sys_stackheap_outer.o)
    0x080004fe   0x080004fe   0x00000012   Code   RO         3751    .text               c_w.l(exit.o)
    0x08000510   0x08000510   0x0000000c   Code   RO         3816    .text               c_w.l(sys_exit.o)
    0x0800051c   0x0800051c   0x00000002   Code   RO         3839    .text               c_w.l(use_no_semi.o)
    0x0800051e   0x0800051e   0x00000000   Code   RO         3841    .text               c_w.l(indicate_semi.o)
    0x0800051e   0x0800051e   0x00000002   PAD
    0x08000520   0x08000520   0x00000002   Code   RO          279    .text.BusFault_Handler  stm32f4xx_it.o
    0x08000522   0x08000522   0x00000002   PAD
    0x08000524   0x08000524   0x00000010   Code   RO          287    .text.CAN1_RX0_IRQHandler  stm32f4xx_it.o
    0x08000534   0x08000534   0x00000068   Code   RO           13    .text.CAN_cmd_chassis  can_receive.o
    0x0800059c   0x0800059c   0x00000010   Code   RO          285    .text.DMA1_Stream5_IRQHandler  stm32f4xx_it.o
    0x080005ac   0x080005ac   0x0000003c   Code   RO          601    .text.DMA_CalcBaseAndBitshift  stm32f4xx_hal_dma.o
    0x080005e8   0x080005e8   0x00000050   Code   RO          599    .text.DMA_CheckFifoParam  stm32f4xx_hal_dma.o
    0x08000638   0x08000638   0x00000030   Code   RO          607    .text.DMA_SetConfig  stm32f4xx_hal_dma.o
    0x08000668   0x08000668   0x00000018   Code   RO          103    .text.Data_Processing  idlenew.o
    0x08000680   0x08000680   0x00000002   Code   RO          283    .text.DebugMon_Handler  stm32f4xx_it.o
    0x08000682   0x08000682   0x00000002   PAD
    0x08000684   0x08000684   0x00000024   Code   RO          293    .text.EXTI15_10_IRQHandler  stm32f4xx_it.o
    0x080006a8   0x080006a8   0x0000000a   Code   RO          137    .text.Error_Handler  main.o
    0x080006b2   0x080006b2   0x00000002   PAD
    0x080006b4   0x080006b4   0x00000048   Code   RO          364    .text.HAL_CAN_ActivateNotification  stm32f4xx_hal_can.o
    0x080006fc   0x080006fc   0x00000142   Code   RO          350    .text.HAL_CAN_AddTxMessage  stm32f4xx_hal_can.o
    0x0800083e   0x0800083e   0x00000002   PAD
    0x08000840   0x08000840   0x000001b8   Code   RO          340    .text.HAL_CAN_ConfigFilter  stm32f4xx_hal_can.o
    0x080009f8   0x080009f8   0x00000002   Code   RO          394    .text.HAL_CAN_ErrorCallback  stm32f4xx_hal_can.o
    0x080009fa   0x080009fa   0x00000002   PAD
    0x080009fc   0x080009fc   0x00000146   Code   RO          360    .text.HAL_CAN_GetRxMessage  stm32f4xx_hal_can.o
    0x08000b42   0x08000b42   0x00000002   PAD
    0x08000b44   0x08000b44   0x0000023a   Code   RO          368    .text.HAL_CAN_IRQHandler  stm32f4xx_hal_can.o
    0x08000d7e   0x08000d7e   0x00000002   PAD
    0x08000d80   0x08000d80   0x00000228   Code   RO          330    .text.HAL_CAN_Init  stm32f4xx_hal_can.o
    0x08000fa8   0x08000fa8   0x00000130   Code   RO          187    .text.HAL_CAN_MspInit  can.o
    0x080010d8   0x080010d8   0x00000002   Code   RO          382    .text.HAL_CAN_RxFifo0FullCallback  stm32f4xx_hal_can.o
    0x080010da   0x080010da   0x00000002   PAD
    0x080010dc   0x080010dc   0x0000006c   Code   RO           11    .text.HAL_CAN_RxFifo0MsgPendingCallback  can_receive.o
    0x08001148   0x08001148   0x00000002   Code   RO          386    .text.HAL_CAN_RxFifo1FullCallback  stm32f4xx_hal_can.o
    0x0800114a   0x0800114a   0x00000002   PAD
    0x0800114c   0x0800114c   0x00000002   Code   RO          388    .text.HAL_CAN_RxFifo1MsgPendingCallback  stm32f4xx_hal_can.o
    0x0800114e   0x0800114e   0x00000002   PAD
    0x08001150   0x08001150   0x00000002   Code   RO          390    .text.HAL_CAN_SleepCallback  stm32f4xx_hal_can.o
    0x08001152   0x08001152   0x00000002   PAD
    0x08001154   0x08001154   0x0000005a   Code   RO          342    .text.HAL_CAN_Start  stm32f4xx_hal_can.o
    0x080011ae   0x080011ae   0x00000002   PAD
    0x080011b0   0x080011b0   0x00000002   Code   RO          372    .text.HAL_CAN_TxMailbox0AbortCallback  stm32f4xx_hal_can.o
    0x080011b2   0x080011b2   0x00000002   PAD
    0x080011b4   0x080011b4   0x00000002   Code   RO          370    .text.HAL_CAN_TxMailbox0CompleteCallback  stm32f4xx_hal_can.o
    0x080011b6   0x080011b6   0x00000002   PAD
    0x080011b8   0x080011b8   0x00000002   Code   RO          376    .text.HAL_CAN_TxMailbox1AbortCallback  stm32f4xx_hal_can.o
    0x080011ba   0x080011ba   0x00000002   PAD
    0x080011bc   0x080011bc   0x00000002   Code   RO          374    .text.HAL_CAN_TxMailbox1CompleteCallback  stm32f4xx_hal_can.o
    0x080011be   0x080011be   0x00000002   PAD
    0x080011c0   0x080011c0   0x00000002   Code   RO          380    .text.HAL_CAN_TxMailbox2AbortCallback  stm32f4xx_hal_can.o
    0x080011c2   0x080011c2   0x00000002   PAD
    0x080011c4   0x080011c4   0x00000002   Code   RO          378    .text.HAL_CAN_TxMailbox2CompleteCallback  stm32f4xx_hal_can.o
    0x080011c6   0x080011c6   0x00000002   PAD
    0x080011c8   0x080011c8   0x00000002   Code   RO          392    .text.HAL_CAN_WakeUpFromRxMsgCallback  stm32f4xx_hal_can.o
    0x080011ca   0x080011ca   0x00000002   PAD
    0x080011cc   0x080011cc   0x00000080   Code   RO          611    .text.HAL_DMA_Abort  stm32f4xx_hal_dma.o
    0x0800124c   0x0800124c   0x00000024   Code   RO          613    .text.HAL_DMA_Abort_IT  stm32f4xx_hal_dma.o
    0x08001270   0x08001270   0x0000018c   Code   RO          617    .text.HAL_DMA_IRQHandler  stm32f4xx_hal_dma.o
    0x080013fc   0x080013fc   0x0000032a   Code   RO          597    .text.HAL_DMA_Init  stm32f4xx_hal_dma.o
    0x08001726   0x08001726   0x00000002   PAD
    0x08001728   0x08001728   0x00000092   Code   RO          609    .text.HAL_DMA_Start_IT  stm32f4xx_hal_dma.o
    0x080017ba   0x080017ba   0x00000002   PAD
    0x080017bc   0x080017bc   0x00000028   Code   RO          792    .text.HAL_Delay     stm32f4xx_hal.o
    0x080017e4   0x080017e4   0x0000004a   Code   RO          131    .text.HAL_GPIO_EXTI_Callback  main.o
    0x0800182e   0x0800182e   0x00000002   PAD
    0x08001830   0x08001830   0x0000001a   Code   RO          567    .text.HAL_GPIO_EXTI_IRQHandler  stm32f4xx_hal_gpio.o
    0x0800184a   0x0800184a   0x00000002   PAD
    0x0800184c   0x0800184c   0x000002a4   Code   RO          555    .text.HAL_GPIO_Init  stm32f4xx_hal_gpio.o
    0x08001af0   0x08001af0   0x00000042   Code   RO          561    .text.HAL_GPIO_WritePin  stm32f4xx_hal_gpio.o
    0x08001b32   0x08001b32   0x00000002   PAD
    0x08001b34   0x08001b34   0x0000000c   Code   RO          784    .text.HAL_GetTick   stm32f4xx_hal.o
    0x08001b40   0x08001b40   0x0000001a   Code   RO          782    .text.HAL_IncTick   stm32f4xx_hal.o
    0x08001b5a   0x08001b5a   0x00000002   PAD
    0x08001b5c   0x08001b5c   0x00000036   Code   RO          772    .text.HAL_Init      stm32f4xx_hal.o
    0x08001b92   0x08001b92   0x00000002   PAD
    0x08001b94   0x08001b94   0x000000ae   Code   RO          315    .text.HAL_InitTick  stm32f4xx_hal_timebase_tim.o
    0x08001c42   0x08001c42   0x00000002   PAD
    0x08001c44   0x08001c44   0x00000046   Code   RO          306    .text.HAL_MspInit   stm32f4xx_hal_msp.o
    0x08001c8a   0x08001c8a   0x00000002   PAD
    0x08001c8c   0x08001c8c   0x00000020   Code   RO          711    .text.HAL_NVIC_EnableIRQ  stm32f4xx_hal_cortex.o
    0x08001cac   0x08001cac   0x00000042   Code   RO          703    .text.HAL_NVIC_SetPriority  stm32f4xx_hal_cortex.o
    0x08001cee   0x08001cee   0x00000002   PAD
    0x08001cf0   0x08001cf0   0x00000020   Code   RO          699    .text.HAL_NVIC_SetPriorityGrouping  stm32f4xx_hal_cortex.o
    0x08001d10   0x08001d10   0x00000002   Code   RO          437    .text.HAL_RCC_CSSCallback  stm32f4xx_hal_rcc.o
    0x08001d12   0x08001d12   0x00000002   PAD
    0x08001d14   0x08001d14   0x0000021e   Code   RO          415    .text.HAL_RCC_ClockConfig  stm32f4xx_hal_rcc.o
    0x08001f32   0x08001f32   0x00000002   PAD
    0x08001f34   0x08001f34   0x0000000c   Code   RO          421    .text.HAL_RCC_EnableCSS  stm32f4xx_hal_rcc.o
    0x08001f40   0x08001f40   0x0000003e   Code   RO          433    .text.HAL_RCC_GetClockConfig  stm32f4xx_hal_rcc.o
    0x08001f7e   0x08001f7e   0x00000002   PAD
    0x08001f80   0x08001f80   0x0000000c   Code   RO          425    .text.HAL_RCC_GetHCLKFreq  stm32f4xx_hal_rcc.o
    0x08001f8c   0x08001f8c   0x00000022   Code   RO          427    .text.HAL_RCC_GetPCLK1Freq  stm32f4xx_hal_rcc.o
    0x08001fae   0x08001fae   0x00000002   PAD
    0x08001fb0   0x08001fb0   0x00000022   Code   RO          429    .text.HAL_RCC_GetPCLK2Freq  stm32f4xx_hal_rcc.o
    0x08001fd2   0x08001fd2   0x00000002   PAD
    0x08001fd4   0x08001fd4   0x0000006a   Code   RO          417    .text.HAL_RCC_GetSysClockFreq  stm32f4xx_hal_rcc.o
    0x0800203e   0x0800203e   0x00000002   PAD
    0x08002040   0x08002040   0x0000001c   Code   RO          435    .text.HAL_RCC_NMI_IRQHandler  stm32f4xx_hal_rcc.o
    0x0800205c   0x0800205c   0x000004a2   Code   RO          413    .text.HAL_RCC_OscConfig  stm32f4xx_hal_rcc.o
    0x080024fe   0x080024fe   0x00000002   PAD
    0x08002500   0x08002500   0x00000002   Code   RO         1189    .text.HAL_TIMEx_BreakCallback  stm32f4xx_hal_tim_ex.o
    0x08002502   0x08002502   0x00000002   PAD
    0x08002504   0x08002504   0x00000002   Code   RO         1185    .text.HAL_TIMEx_CommutCallback  stm32f4xx_hal_tim_ex.o
    0x08002506   0x08002506   0x00000002   PAD
    0x08002508   0x08002508   0x0000012e   Code   RO         1181    .text.HAL_TIMEx_ConfigBreakDeadTime  stm32f4xx_hal_tim_ex.o
    0x08002636   0x08002636   0x00000002   PAD
    0x08002638   0x08002638   0x00000170   Code   RO         1179    .text.HAL_TIMEx_MasterConfigSynchronization  stm32f4xx_hal_tim_ex.o
    0x080027a8   0x080027a8   0x000001a0   Code   RO          864    .text.HAL_TIM_Base_Init  stm32f4xx_hal_tim.o
    0x08002948   0x08002948   0x000000cc   Code   RO          227    .text.HAL_TIM_Base_MspInit  tim.o
    0x08002a14   0x08002a14   0x0000018a   Code   RO          878    .text.HAL_TIM_Base_Start_IT  stm32f4xx_hal_tim.o
    0x08002b9e   0x08002b9e   0x00000002   PAD
    0x08002ba0   0x08002ba0   0x000006b8   Code   RO         1056    .text.HAL_TIM_ConfigClockSource  stm32f4xx_hal_tim.o
    0x08003258   0x08003258   0x00000286   Code   RO          978    .text.HAL_TIM_Encoder_Init  stm32f4xx_hal_tim.o
    0x080034de   0x080034de   0x00000002   PAD
    0x080034e0   0x080034e0   0x000000e8   Code   RO          229    .text.HAL_TIM_Encoder_MspInit  tim.o
    0x080035c8   0x080035c8   0x00000002   Code   RO         1000    .text.HAL_TIM_IC_CaptureCallback  stm32f4xx_hal_tim.o
    0x080035ca   0x080035ca   0x00000002   PAD
    0x080035cc   0x080035cc   0x0000016a   Code   RO          998    .text.HAL_TIM_IRQHandler  stm32f4xx_hal_tim.o
    0x08003736   0x08003736   0x00000002   PAD
    0x08003738   0x08003738   0x0000016e   Code   RO          213    .text.HAL_TIM_MspPostInit  tim.o
    0x080038a6   0x080038a6   0x00000002   PAD
    0x080038a8   0x080038a8   0x00000002   Code   RO         1002    .text.HAL_TIM_OC_DelayElapsedCallback  stm32f4xx_hal_tim.o
    0x080038aa   0x080038aa   0x00000002   PAD
    0x080038ac   0x080038ac   0x0000031c   Code   RO         1030    .text.HAL_TIM_PWM_ConfigChannel  stm32f4xx_hal_tim.o
    0x08003bc8   0x08003bc8   0x000001a0   Code   RO          918    .text.HAL_TIM_PWM_Init  stm32f4xx_hal_tim.o
    0x08003d68   0x08003d68   0x00000036   Code   RO          231    .text.HAL_TIM_PWM_MspInit  tim.o
    0x08003d9e   0x08003d9e   0x00000002   PAD
    0x08003da0   0x08003da0   0x00000002   Code   RO         1004    .text.HAL_TIM_PWM_PulseFinishedCallback  stm32f4xx_hal_tim.o
    0x08003da2   0x08003da2   0x00000002   PAD
    0x08003da4   0x08003da4   0x000002a6   Code   RO          926    .text.HAL_TIM_PWM_Start  stm32f4xx_hal_tim.o
    0x0800404a   0x0800404a   0x00000002   PAD
    0x0800404c   0x0800404c   0x00000016   Code   RO          139    .text.HAL_TIM_PeriodElapsedCallback  main.o
    0x08004062   0x08004062   0x00000002   PAD
    0x08004064   0x08004064   0x00000002   Code   RO         1008    .text.HAL_TIM_TriggerCallback  stm32f4xx_hal_tim.o
    0x08004066   0x08004066   0x00000002   PAD
    0x08004068   0x08004068   0x00000002   Code   RO         1294    .text.HAL_UARTEx_RxEventCallback  stm32f4xx_hal_uart.o
    0x0800406a   0x0800406a   0x00000002   PAD
    0x0800406c   0x0800406c   0x00000078   Code   RO         1248    .text.HAL_UART_DMAStop  stm32f4xx_hal_uart.o
    0x080040e4   0x080040e4   0x00000002   Code   RO         1292    .text.HAL_UART_ErrorCallback  stm32f4xx_hal_uart.o
    0x080040e6   0x080040e6   0x00000002   PAD
    0x080040e8   0x080040e8   0x0000023a   Code   RO         1286    .text.HAL_UART_IRQHandler  stm32f4xx_hal_uart.o
    0x08004322   0x08004322   0x00000002   PAD
    0x08004324   0x08004324   0x00000168   Code   RO         1204    .text.HAL_UART_Init  stm32f4xx_hal_uart.o
    0x0800448c   0x0800448c   0x00000128   Code   RO          258    .text.HAL_UART_MspInit  usart.o
    0x080045b4   0x080045b4   0x00000038   Code   RO         1240    .text.HAL_UART_Receive_DMA  stm32f4xx_hal_uart.o
    0x080045ec   0x080045ec   0x00000002   Code   RO         1304    .text.HAL_UART_RxCpltCallback  stm32f4xx_hal_uart.o
    0x080045ee   0x080045ee   0x00000002   PAD
    0x080045f0   0x080045f0   0x00000002   Code   RO         1306    .text.HAL_UART_RxHalfCpltCallback  stm32f4xx_hal_uart.o
    0x080045f2   0x080045f2   0x00000002   PAD
    0x080045f4   0x080045f4   0x00000002   Code   RO         1300    .text.HAL_UART_TxCpltCallback  stm32f4xx_hal_uart.o
    0x080045f6   0x080045f6   0x00000002   PAD
    0x080045f8   0x080045f8   0x00000002   Code   RO          275    .text.HardFault_Handler  stm32f4xx_it.o
    0x080045fa   0x080045fa   0x00000002   PAD
    0x080045fc   0x080045fc   0x00000042   Code   RO          183    .text.MX_CAN1_Init  can.o
    0x0800463e   0x0800463e   0x00000002   PAD
    0x08004640   0x08004640   0x00000032   Code   RO          185    .text.MX_CAN2_Init  can.o
    0x08004672   0x08004672   0x00000002   PAD
    0x08004674   0x08004674   0x00000036   Code   RO          202    .text.MX_DMA_Init   dma.o
    0x080046aa   0x080046aa   0x00000002   PAD
    0x080046ac   0x080046ac   0x0000005c   Code   RO          162    .text.MX_FREERTOS_Init  freertos.o
    0x08004708   0x08004708   0x000000ea   Code   RO          153    .text.MX_GPIO_Init  gpio.o
    0x080047f2   0x080047f2   0x00000002   PAD
    0x080047f4   0x080047f4   0x0000008c   Code   RO          225    .text.MX_TIM12_Init  tim.o
    0x08004880   0x08004880   0x0000015a   Code   RO          211    .text.MX_TIM1_Init  tim.o
    0x080049da   0x080049da   0x00000002   PAD
    0x080049dc   0x080049dc   0x00000072   Code   RO          215    .text.MX_TIM2_Init  tim.o
    0x08004a4e   0x08004a4e   0x00000002   PAD
    0x08004a50   0x08004a50   0x00000114   Code   RO          217    .text.MX_TIM3_Init  tim.o
    0x08004b64   0x08004b64   0x00000116   Code   RO          219    .text.MX_TIM4_Init  tim.o
    0x08004c7a   0x08004c7a   0x00000002   PAD
    0x08004c7c   0x08004c7c   0x00000076   Code   RO          221    .text.MX_TIM5_Init  tim.o
    0x08004cf2   0x08004cf2   0x00000002   PAD
    0x08004cf4   0x08004cf4   0x00000052   Code   RO          223    .text.MX_TIM6_Init  tim.o
    0x08004d46   0x08004d46   0x00000002   PAD
    0x08004d48   0x08004d48   0x00000038   Code   RO          254    .text.MX_USART1_UART_Init  usart.o
    0x08004d80   0x08004d80   0x00000038   Code   RO          256    .text.MX_USART2_UART_Init  usart.o
    0x08004db8   0x08004db8   0x00000002   Code   RO          277    .text.MemManage_Handler  stm32f4xx_it.o
    0x08004dba   0x08004dba   0x00000002   PAD
    0x08004dbc   0x08004dbc   0x00000006   Code   RO          273    .text.NMI_Handler   stm32f4xx_it.o
    0x08004dc2   0x08004dc2   0x00000002   PAD
    0x08004dc4   0x08004dc4   0x0000002c   Code   RO          709    .text.NVIC_EncodePriority  stm32f4xx_hal_cortex.o
    0x08004df0   0x08004df0   0x00000064   Code   RO         2010    .text.PendSV_Handler  port.o
    0x08004e54   0x08004e54   0x0000000c   PAD
    0x08004e60   0x08004e60   0x00000024   Code   RO         1994    .text.SVC_Handler   port.o
    0x08004e84   0x08004e84   0x00000008   Code   RO         1788    .text.SVC_Setup     cmsis_os2.o
    0x08004e8c   0x08004e8c   0x00000010   Code   RO          164    .text.SendCanTask   freertos.o
    0x08004e9c   0x08004e9c   0x00000028   Code   RO          117    .text.Shot_Control  motors.o
    0x08004ec4   0x08004ec4   0x0000001a   Code   RO         1778    .text.SysTick_Handler  cmsis_os2.o
    0x08004ede   0x08004ede   0x00000002   PAD
    0x08004ee0   0x08004ee0   0x000000a4   Code   RO          135    .text.SystemClock_Config  main.o
    0x08004f84   0x08004f84   0x00000012   Code   RO         1335    .text.SystemInit    system_stm32f4xx.o
    0x08004f96   0x08004f96   0x00000002   PAD
    0x08004f98   0x08004f98   0x00000010   Code   RO          295    .text.TIM6_DAC_IRQHandler  stm32f4xx_it.o
    0x08004fa8   0x08004fa8   0x00000010   Code   RO          297    .text.TIM7_IRQHandler  stm32f4xx_it.o
    0x08004fb8   0x08004fb8   0x00000124   Code   RO          868    .text.TIM_Base_SetConfig  stm32f4xx_hal_tim.o
    0x080050dc   0x080050dc   0x00000100   Code   RO          902    .text.TIM_CCxChannelCmd  stm32f4xx_hal_tim.o
    0x080051dc   0x080051dc   0x00000016   Code   RO         1054    .text.TIM_ETR_SetConfig  stm32f4xx_hal_tim.o
    0x080051f2   0x080051f2   0x00000002   PAD
    0x080051f4   0x080051f4   0x00000010   Code   RO         1060    .text.TIM_ITRx_SetConfig  stm32f4xx_hal_tim.o
    0x08005204   0x08005204   0x000000c6   Code   RO         1012    .text.TIM_OC1_SetConfig  stm32f4xx_hal_tim.o
    0x080052ca   0x080052ca   0x00000002   PAD
    0x080052cc   0x080052cc   0x000000cc   Code   RO         1014    .text.TIM_OC2_SetConfig  stm32f4xx_hal_tim.o
    0x08005398   0x08005398   0x000000cc   Code   RO         1016    .text.TIM_OC3_SetConfig  stm32f4xx_hal_tim.o
    0x08005464   0x08005464   0x00000074   Code   RO         1018    .text.TIM_OC4_SetConfig  stm32f4xx_hal_tim.o
    0x080054d8   0x080054d8   0x00000022   Code   RO         1058    .text.TIM_TI1_ConfigInputStage  stm32f4xx_hal_tim.o
    0x080054fa   0x080054fa   0x00000002   PAD
    0x080054fc   0x080054fc   0x00000024   Code   RO         1062    .text.TIM_TI2_ConfigInputStage  stm32f4xx_hal_tim.o
    0x08005520   0x08005520   0x00000074   Code   RO          166    .text.TaskAssignTask  freertos.o
    0x08005594   0x08005594   0x00000010   Code   RO         1290    .text.UART_DMAAbortOnError  stm32f4xx_hal_uart.o
    0x080055a4   0x080055a4   0x0000004c   Code   RO         1238    .text.UART_DMAError  stm32f4xx_hal_uart.o
    0x080055f0   0x080055f0   0x00000080   Code   RO         1322    .text.UART_DMAReceiveCplt  stm32f4xx_hal_uart.o
    0x08005670   0x08005670   0x0000001a   Code   RO         1324    .text.UART_DMARxHalfCplt  stm32f4xx_hal_uart.o
    0x0800568a   0x0800568a   0x00000002   PAD
    0x0800568c   0x0800568c   0x00000050   Code   RO         1252    .text.UART_EndRxTransfer  stm32f4xx_hal_uart.o
    0x080056dc   0x080056dc   0x00000018   Code   RO         1298    .text.UART_EndTransmit_IT  stm32f4xx_hal_uart.o
    0x080056f4   0x080056f4   0x0000001c   Code   RO         1250    .text.UART_EndTxTransfer  stm32f4xx_hal_uart.o
    0x08005710   0x08005710   0x000000c4   Code   RO         1288    .text.UART_Receive_IT  stm32f4xx_hal_uart.o
    0x080057d4   0x080057d4   0x00000156   Code   RO         1208    .text.UART_SetConfig  stm32f4xx_hal_uart.o
    0x0800592a   0x0800592a   0x00000002   PAD
    0x0800592c   0x0800592c   0x0000009a   Code   RO         1242    .text.UART_Start_Receive_DMA  stm32f4xx_hal_uart.o
    0x080059c6   0x080059c6   0x00000002   PAD
    0x080059c8   0x080059c8   0x00000052   Code   RO         1296    .text.UART_Transmit_IT  stm32f4xx_hal_uart.o
    0x08005a1a   0x08005a1a   0x00000002   PAD
    0x08005a1c   0x08005a1c   0x00000010   Code   RO          289    .text.USART1_IRQHandler  stm32f4xx_it.o
    0x08005a2c   0x08005a2c   0x00000018   Code   RO          291    .text.USART2_IRQHandler  stm32f4xx_it.o
    0x08005a44   0x08005a44   0x00000094   Code   RO          115    .text.USER_TIM_PWM_Init  motors.o
    0x08005ad8   0x08005ad8   0x00000002   Code   RO          281    .text.UsageFault_Handler  stm32f4xx_it.o
    0x08005ada   0x08005ada   0x00000002   PAD
    0x08005adc   0x08005adc   0x00000076   Code   RO          101    .text.Usart_Receive_Data  idlenew.o
    0x08005b52   0x08005b52   0x00000002   PAD
    0x08005b54   0x08005b54   0x00000020   Code   RO          713    .text.__NVIC_EnableIRQ  stm32f4xx_hal_cortex.o
    0x08005b74   0x08005b74   0x00000010   Code   RO          705    .text.__NVIC_GetPriorityGrouping  stm32f4xx_hal_cortex.o
    0x08005b84   0x08005b84   0x00000022   Code   RO          707    .text.__NVIC_SetPriority  stm32f4xx_hal_cortex.o
    0x08005ba6   0x08005ba6   0x00000002   PAD
    0x08005ba8   0x08005ba8   0x0000000e   Code   RO         1942    .text.__NVIC_SetPriority  cmsis_os2.o
    0x08005bb6   0x08005bb6   0x00000002   PAD
    0x08005bb8   0x08005bb8   0x00000020   Code   RO          701    .text.__NVIC_SetPriorityGrouping  stm32f4xx_hal_cortex.o
    0x08005bd8   0x08005bd8   0x00000002   Code   RO          141    .text.assert_failed  main.o
    0x08005bda   0x08005bda   0x00000002   PAD
    0x08005bdc   0x08005bdc   0x0000003c   Code   RO           40    .text.can_filter_init  bsp_can.o
    0x08005c18   0x08005c18   0x00000060   Code   RO           85    .text.change_speed  chassis.o
    0x08005c78   0x08005c78   0x000000b0   Code   RO           83    .text.chassis_changeSpeed  chassis.o
    0x08005d28   0x08005d28   0x00000074   Code   RO           65    .text.chassis_init  chassis.o
    0x08005d9c   0x08005d9c   0x00000008   Code   RO           75    .text.chassis_pid   chassis.o
    0x08005da4   0x08005da4   0x00000008   Code   RO           79    .text.chassis_sendcan  chassis.o
    0x08005dac   0x08005dac   0x00000068   Code   RO           69    .text.chassis_vector_to_mecanum_wheel_speed  chassis.o
    0x08005e14   0x08005e14   0x00000090   Code   RO           77    .text.compute_pid   chassis.o
    0x08005ea4   0x08005ea4   0x00000016   Code   RO           21    .text.get_chassis_motor_measure_point  can_receive.o
    0x08005eba   0x08005eba   0x00000002   PAD
    0x08005ebc   0x08005ebc   0x0000008e   Code   RO          133    .text.main          main.o
    0x08005f4a   0x08005f4a   0x00000002   PAD
    0x08005f4c   0x08005f4c   0x00000020   Code   RO         1846    .text.osDelay       cmsis_os2.o
    0x08005f6c   0x08005f6c   0x00000028   Code   RO         1780    .text.osKernelInitialize  cmsis_os2.o
    0x08005f94   0x08005f94   0x00000034   Code   RO         1786    .text.osKernelStart  cmsis_os2.o
    0x08005fc8   0x08005fc8   0x000000b4   Code   RO         1810    .text.osThreadNew   cmsis_os2.o
    0x0800607c   0x0800607c   0x000000c4   Code   RO           54    .text.pid_calculate  pid.o
    0x08006140   0x08006140   0x0000001e   Code   RO           48    .text.pid_init      pid.o
    0x0800615e   0x0800615e   0x00000002   PAD
    0x08006160   0x08006160   0x0000005a   Code   RO           50    .text.pid_param_init  pid.o
    0x080061ba   0x080061ba   0x00000002   PAD
    0x080061bc   0x080061bc   0x00000008   Code   RO           52    .text.pid_reset     pid.o
    0x080061c4   0x080061c4   0x00000080   Code   RO         1572    .text.prvAddCurrentTaskToDelayedList  tasks.o
    0x08006244   0x08006244   0x000000ac   Code   RO         1558    .text.prvAddNewTaskToReadyList  tasks.o
    0x080062f0   0x080062f0   0x0000007c   Code   RO         1709    .text.prvCheckForValidListAndQueue  timers.o
    0x0800636c   0x0800636c   0x0000004e   Code   RO         1676    .text.prvCheckTasksWaitingTermination  tasks.o
    0x080063ba   0x080063ba   0x00000002   PAD
    0x080063bc   0x080063bc   0x00000026   Code   RO         1449    .text.prvCopyDataFromQueue  queue.o
    0x080063e2   0x080063e2   0x00000002   PAD
    0x080063e4   0x080063e4   0x0000007a   Code   RO         1437    .text.prvCopyDataToQueue  queue.o
    0x0800645e   0x0800645e   0x00000002   PAD
    0x08006460   0x08006460   0x00000036   Code   RO         1564    .text.prvDeleteTCB  tasks.o
    0x08006496   0x08006496   0x00000002   PAD
    0x08006498   0x08006498   0x00000020   Code   RO         1747    .text.prvGetNextExpireTime  timers.o
    0x080064b8   0x080064b8   0x00000076   Code   RO         1960    .text.prvHeapInit   heap_4.o
    0x0800652e   0x0800652e   0x00000002   PAD
    0x08006530   0x08006530   0x0000002a   Code   RO         1598    .text.prvIdleTask   tasks.o
    0x0800655a   0x0800655a   0x00000002   PAD
    0x0800655c   0x0800655c   0x00000020   Code   RO         1411    .text.prvInitialiseNewQueue  queue.o
    0x0800657c   0x0800657c   0x00000098   Code   RO         1556    .text.prvInitialiseNewTask  tasks.o
    0x08006614   0x08006614   0x00000070   Code   RO         1674    .text.prvInitialiseTaskLists  tasks.o
    0x08006684   0x08006684   0x0000005a   Code   RO         1962    .text.prvInsertBlockIntoFreeList  heap_4.o
    0x080066de   0x080066de   0x00000002   PAD
    0x080066e0   0x080066e0   0x00000040   Code   RO         1759    .text.prvInsertTimerInActiveList  timers.o
    0x08006720   0x08006720   0x00000018   Code   RO         1451    .text.prvIsQueueEmpty  queue.o
    0x08006738   0x08006738   0x0000001c   Code   RO         1439    .text.prvIsQueueFull  queue.o
    0x08006754   0x08006754   0x00000028   Code   RO         2002    .text.prvPortStartFirstTask  port.o
    0x0800677c   0x0800677c   0x0000006e   Code   RO         1755    .text.prvProcessExpiredTimer  timers.o
    0x080067ea   0x080067ea   0x00000002   PAD
    0x080067ec   0x080067ec   0x00000122   Code   RO         1751    .text.prvProcessReceivedCommands  timers.o
    0x0800690e   0x0800690e   0x00000002   PAD
    0x08006910   0x08006910   0x00000080   Code   RO         1749    .text.prvProcessTimerOrBlockTask  timers.o
    0x08006990   0x08006990   0x00000028   Code   RO         1566    .text.prvResetNextTaskUnblockTime  tasks.o
    0x080069b8   0x080069b8   0x0000002a   Code   RO         1753    .text.prvSampleTimeNow  timers.o
    0x080069e2   0x080069e2   0x00000002   PAD
    0x080069e4   0x080069e4   0x0000008e   Code   RO         1757    .text.prvSwitchTimerLists  timers.o
    0x08006a72   0x08006a72   0x00000002   PAD
    0x08006a74   0x08006a74   0x00000032   Code   RO         1992    .text.prvTaskExitError  port.o
    0x08006aa6   0x08006aa6   0x00000002   PAD
    0x08006aa8   0x08006aa8   0x00000032   Code   RO         1592    .text.prvTaskIsTaskSuspended  tasks.o
    0x08006ada   0x08006ada   0x00000002   PAD
    0x08006adc   0x08006adc   0x00000016   Code   RO         1711    .text.prvTimerTask  timers.o
    0x08006af2   0x08006af2   0x00000002   PAD
    0x08006af4   0x08006af4   0x00000072   Code   RO         1441    .text.prvUnlockQueue  queue.o
    0x08006b66   0x08006b66   0x00000002   PAD
    0x08006b68   0x08006b68   0x0000014a   Code   RO         1958    .text.pvPortMalloc  heap_4.o
    0x08006cb2   0x08006cb2   0x00000002   PAD
    0x08006cb4   0x08006cb4   0x00000028   Code   RO         1990    .text.pxPortInitialiseStack  port.o
    0x08006cdc   0x08006cdc   0x00000046   Code   RO           81    .text.send_can      chassis.o
    0x08006d22   0x08006d22   0x00000002   PAD
    0x08006d24   0x08006d24   0x00000024   Code   RO         1397    .text.uxListRemove  list.o
    0x08006d48   0x08006d48   0x0000001a   Code   RO         1938    .text.vApplicationGetIdleTaskMemory  cmsis_os2.o
    0x08006d62   0x08006d62   0x00000002   PAD
    0x08006d64   0x08006d64   0x0000001c   Code   RO         1940    .text.vApplicationGetTimerTaskMemory  cmsis_os2.o
    0x08006d80   0x08006d80   0x00000016   Code   RO         1389    .text.vListInitialise  list.o
    0x08006d96   0x08006d96   0x00000002   PAD
    0x08006d98   0x08006d98   0x00000006   Code   RO         1391    .text.vListInitialiseItem  list.o
    0x08006d9e   0x08006d9e   0x00000002   PAD
    0x08006da0   0x08006da0   0x0000003a   Code   RO         1395    .text.vListInsert   list.o
    0x08006dda   0x08006dda   0x00000002   PAD
    0x08006ddc   0x08006ddc   0x0000001c   Code   RO         1393    .text.vListInsertEnd  list.o
    0x08006df8   0x08006df8   0x00000014   Code   RO         2000    .text.vPortEnableVFP  port.o
    0x08006e0c   0x08006e0c   0x00000046   Code   RO         2006    .text.vPortEnterCritical  port.o
    0x08006e52   0x08006e52   0x00000002   PAD
    0x08006e54   0x08006e54   0x0000002e   Code   RO         2008    .text.vPortExitCritical  port.o
    0x08006e82   0x08006e82   0x00000002   PAD
    0x08006e84   0x08006e84   0x0000008a   Code   RO         1964    .text.vPortFree     heap_4.o
    0x08006f0e   0x08006f0e   0x00000002   PAD
    0x08006f10   0x08006f10   0x00000034   Code   RO         1998    .text.vPortSetupTimerInterrupt  port.o
    0x08006f44   0x08006f44   0x00000062   Code   RO         2014    .text.vPortValidateInterruptPriority  port.o
    0x08006fa6   0x08006fa6   0x00000002   PAD
    0x08006fa8   0x08006fa8   0x00000028   Code   RO         1481    .text.vQueueAddToRegistry  queue.o
    0x08006fd0   0x08006fd0   0x00000044   Code   RO         1485    .text.vQueueWaitForMessageRestricted  queue.o
    0x08007014   0x08007014   0x00000054   Code   RO         1576    .text.vTaskDelay    tasks.o
    0x08007068   0x08007068   0x0000001a   Code   RO         1630    .text.vTaskInternalSetTimeOutState  tasks.o
    0x08007082   0x08007082   0x00000002   PAD
    0x08007084   0x08007084   0x0000000e   Code   RO         1634    .text.vTaskMissedYield  tasks.o
    0x08007092   0x08007092   0x00000002   PAD
    0x08007094   0x08007094   0x00000032   Code   RO         1618    .text.vTaskPlaceOnEventList  tasks.o
    0x080070c6   0x080070c6   0x00000002   PAD
    0x080070c8   0x080070c8   0x0000003e   Code   RO         1622    .text.vTaskPlaceOnEventListRestricted  tasks.o
    0x08007106   0x08007106   0x00000002   PAD
    0x08007108   0x08007108   0x000000a4   Code   RO         1596    .text.vTaskStartScheduler  tasks.o
    0x080071ac   0x080071ac   0x000000cc   Code   RO         1586    .text.vTaskSuspend  tasks.o
    0x08007278   0x08007278   0x00000010   Code   RO         1570    .text.vTaskSuspendAll  tasks.o
    0x08007288   0x08007288   0x0000009a   Code   RO         1588    .text.vTaskSwitchContext  tasks.o
    0x08007322   0x08007322   0x00000002   PAD
    0x08007324   0x08007324   0x00000112   Code   RO         1996    .text.xPortStartScheduler  port.o
    0x08007436   0x08007436   0x00000002   PAD
    0x08007438   0x08007438   0x0000002e   Code   RO         2012    .text.xPortSysTickHandler  port.o
    0x08007466   0x08007466   0x00000002   PAD
    0x08007468   0x08007468   0x00000096   Code   RO         1409    .text.xQueueGenericCreateStatic  queue.o
    0x080074fe   0x080074fe   0x00000002   PAD
    0x08007500   0x08007500   0x0000007e   Code   RO         1407    .text.xQueueGenericReset  queue.o
    0x0800757e   0x0800757e   0x00000002   PAD
    0x08007580   0x08007580   0x000001a2   Code   RO         1427    .text.xQueueGenericSend  queue.o
    0x08007722   0x08007722   0x00000002   PAD
    0x08007724   0x08007724   0x000000ce   Code   RO         1443    .text.xQueueGenericSendFromISR  queue.o
    0x080077f2   0x080077f2   0x00000002   PAD
    0x080077f4   0x080077f4   0x00000184   Code   RO         1447    .text.xQueueReceive  queue.o
    0x08007978   0x08007978   0x00000088   Code   RO         1632    .text.xTaskCheckForTimeOut  tasks.o
    0x08007a00   0x08007a00   0x00000066   Code   RO         1560    .text.xTaskCreate   tasks.o
    0x08007a66   0x08007a66   0x00000002   PAD
    0x08007a68   0x08007a68   0x00000076   Code   RO         1554    .text.xTaskCreateStatic  tasks.o
    0x08007ade   0x08007ade   0x00000002   PAD
    0x08007ae0   0x08007ae0   0x00000026   Code   RO         1648    .text.xTaskGetSchedulerState  tasks.o
    0x08007b06   0x08007b06   0x00000002   PAD
    0x08007b08   0x08007b08   0x0000000c   Code   RO         1604    .text.xTaskGetTickCount  tasks.o
    0x08007b14   0x08007b14   0x00000152   Code   RO         1602    .text.xTaskIncrementTick  tasks.o
    0x08007c66   0x08007c66   0x00000002   PAD
    0x08007c68   0x08007c68   0x00000092   Code   RO         1652    .text.xTaskPriorityDisinherit  tasks.o
    0x08007cfa   0x08007cfa   0x00000002   PAD
    0x08007cfc   0x08007cfc   0x0000008e   Code   RO         1624    .text.xTaskRemoveFromEventList  tasks.o
    0x08007d8a   0x08007d8a   0x00000002   PAD
    0x08007d8c   0x08007d8c   0x00000114   Code   RO         1574    .text.xTaskResumeAll  tasks.o
    0x08007ea0   0x08007ea0   0x000000ae   Code   RO         1594    .text.xTaskResumeFromISR  tasks.o
    0x08007f4e   0x08007f4e   0x00000002   PAD
    0x08007f50   0x08007f50   0x00000074   Code   RO         1707    .text.xTimerCreateTimerTask  timers.o
    0x08007fc4   0x08007fc4   0x00000068   Code   RO         1719    .text.xTimerGenericCommand  timers.o
    0x0800802c   0x0800802c   0x0000001a   Code   RO         3833    x$fpl$fpinit        fz_wm.l(fpinit.o)
    0x08008046   0x08008046   0x00000010   Data   RO         1340    .rodata.AHBPrescTable  system_stm32f4xx.o
    0x08008056   0x08008056   0x00000008   Data   RO         1341    .rodata.APBPrescTable  system_stm32f4xx.o
    0x0800805e   0x0800805e   0x00000002   PAD
    0x08008060   0x08008060   0x00000024   Data   RO          169    .rodata.mySendCan_attributes  freertos.o
    0x08008084   0x08008084   0x00000024   Data   RO          170    .rodata.myTaskAssign_attributes  freertos.o
    0x080080a8   0x080080a8   0x00000017   Data   RO          168    .rodata.str1.1      freertos.o
    0x080080bf   0x080080bf   0x00000038   Data   RO          402    .rodata.str1.1      stm32f4xx_hal_can.o
    0x080080f7   0x080080f7   0x00000038   Data   RO          439    .rodata.str1.1      stm32f4xx_hal_rcc.o
    0x0800812f   0x0800812f   0x00000039   Data   RO          571    .rodata.str1.1      stm32f4xx_hal_gpio.o
    0x08008168   0x08008168   0x00000038   Data   RO          627    .rodata.str1.1      stm32f4xx_hal_dma.o
    0x080081a0   0x080081a0   0x0000003b   Data   RO          763    .rodata.str1.1      stm32f4xx_hal_cortex.o
    0x080081db   0x080081db   0x00000038   Data   RO         1102    .rodata.str1.1      stm32f4xx_hal_tim.o
    0x08008213   0x08008213   0x0000003b   Data   RO         1195    .rodata.str1.1      stm32f4xx_hal_tim_ex.o
    0x0800824e   0x0800824e   0x00000039   Data   RO         1326    .rodata.str1.1      stm32f4xx_hal_uart.o
    0x08008287   0x08008287   0x00000001   PAD
    0x08008288   0x08008288   0x00000020   Data   RO         3894    Region$$Table       anon$$obj.o


    Execution Region RW_IRAM1 (Exec base: 0x20000000, Load base: 0x080082a8, Size: 0x00005ca0, Max: 0x00020000, ABSOLUTE)

    Exec Addr    Load Addr    Size         Type   Attr      Idx    E Section Name        Object

    0x20000000   0x080082a8   0x00000004   Data   RW         1339    .data.SystemCoreClock  system_stm32f4xx.o
    0x20000004   0x080082ac   0x00000001   Data   RW          827    .data.uwTickFreq    stm32f4xx_hal.o
    0x20000005   0x080082ad   0x00000003   PAD
    0x20000008   0x080082b0   0x00000004   Data   RW          826    .data.uwTickPrio    stm32f4xx_hal.o
    0x2000000c   0x080082b4   0x00000004   Data   RW         2018    .data.uxCriticalNesting  port.o
    0x20000010        -       0x00000060   Zero   RW         3747    .bss                c_w.l(libspace.o)
    0x20000070        -       0x00000004   Zero   RW          193    .bss.HAL_RCC_CAN1_CLK_ENABLED  can.o
    0x20000074        -       0x00000004   Zero   RW         1944    .bss.KernelState    cmsis_os2.o
    0x20000078        -       0x000000ff   Zero   RW          143    .bss.buffer         main.o
    0x20000177   0x080082b8   0x00000001   PAD
    0x20000178        -       0x00000008   Zero   RW           29    .bss.chassis_can_send_data  can_receive.o
    0x20000180        -       0x00000018   Zero   RW           28    .bss.chassis_tx_message  can_receive.o
    0x20000198        -       0x00000190   Zero   RW           56    .bss.drive_motor_pid  pid.o
    0x20000328        -       0x00000028   Zero   RW          191    .bss.hcan1          can.o
    0x20000350        -       0x00000028   Zero   RW          192    .bss.hcan2          can.o
    0x20000378        -       0x00000060   Zero   RW          264    .bss.hdma_usart2_rx  usart.o
    0x200003d8        -       0x00000048   Zero   RW          239    .bss.htim1          tim.o
    0x20000420        -       0x00000048   Zero   RW          245    .bss.htim12         tim.o
    0x20000468        -       0x00000048   Zero   RW          240    .bss.htim2          tim.o
    0x200004b0        -       0x00000048   Zero   RW          241    .bss.htim3          tim.o
    0x200004f8        -       0x00000048   Zero   RW          242    .bss.htim4          tim.o
    0x20000540        -       0x00000048   Zero   RW          243    .bss.htim5          tim.o
    0x20000588        -       0x00000048   Zero   RW          244    .bss.htim6          tim.o
    0x200005d0        -       0x00000048   Zero   RW          321    .bss.htim7          stm32f4xx_hal_timebase_tim.o
    0x20000618        -       0x00000044   Zero   RW          262    .bss.huart1         usart.o
    0x2000065c        -       0x00000044   Zero   RW          263    .bss.huart2         usart.o
    0x200006a0        -       0x0000001a   Zero   RW          171    .bss.lastRemote     freertos.o
    0x200006ba        -       0x00000046   Zero   RW           27    .bss.motor_chassis  can_receive.o
    0x20000700        -       0x00000010   Zero   RW           91    .bss.motor_data     chassis.o
    0x20000710        -       0x00000004   Zero   RW          172    .bss.mySendCanHandle  freertos.o
    0x20000714        -       0x00000004   Zero   RW          173    .bss.myTaskAssignHandle  freertos.o
    0x20000718        -       0x000000a0   Zero   RW         1769    .bss.prvCheckForValidListAndQueue.ucStaticTimerQueueStorage  timers.o
    0x200007b8        -       0x00000050   Zero   RW         1768    .bss.prvCheckForValidListAndQueue.xStaticTimerQueue  timers.o
    0x20000808        -       0x00000004   Zero   RW         1765    .bss.prvSampleTimeNow.xLastTime  timers.o
    0x2000080c        -       0x00000004   Zero   RW         1678    .bss.pxCurrentTCB   tasks.o
    0x20000810        -       0x00000004   Zero   RW         1763    .bss.pxCurrentTimerList  timers.o
    0x20000814        -       0x00000004   Zero   RW         1686    .bss.pxDelayedTaskList  tasks.o
    0x20000818        -       0x00000004   Zero   RW         1974    .bss.pxEnd          heap_4.o
    0x2000081c        -       0x00000004   Zero   RW         1687    .bss.pxOverflowDelayedTaskList  tasks.o
    0x20000820        -       0x00000004   Zero   RW         1764    .bss.pxOverflowTimerList  timers.o
    0x20000824        -       0x00000460   Zero   RW         1689    .bss.pxReadyTasksLists  tasks.o
    0x20000c84        -       0x0000001a   Zero   RW          174    .bss.remotedata     freertos.o
    0x20000c9e        -       0x00003c00   Zero   RW         1981    .bss.ucHeap         heap_4.o
    0x2000489e        -       0x00000001   Zero   RW         2016    .bss.ucMaxSysCallPriority  port.o
    0x2000489f   0x080082b8   0x00000001   PAD
    0x200048a0        -       0x00000004   Zero   RW         2017    .bss.ulMaxPRIGROUPValue  port.o
    0x200048a4        -       0x00000004   Zero   RW          828    .bss.uwTick         stm32f4xx_hal.o
    0x200048a8        -       0x00000004   Zero   RW         1682    .bss.uxCurrentNumberOfTasks  tasks.o
    0x200048ac        -       0x00000004   Zero   RW         1681    .bss.uxDeletedTasksWaitingCleanUp  tasks.o
    0x200048b0        -       0x00000004   Zero   RW         1684    .bss.uxSchedulerSuspended  tasks.o
    0x200048b4        -       0x00000004   Zero   RW         1679    .bss.uxTaskNumber   tasks.o
    0x200048b8        -       0x00000004   Zero   RW         1690    .bss.uxTopReadyPriority  tasks.o
    0x200048bc        -       0x00000200   Zero   RW         1947    .bss.vApplicationGetIdleTaskMemory.Idle_Stack  cmsis_os2.o
    0x20004abc        -       0x0000005c   Zero   RW         1946    .bss.vApplicationGetIdleTaskMemory.Idle_TCB  cmsis_os2.o
    0x20004b18        -       0x00000400   Zero   RW         1949    .bss.vApplicationGetTimerTaskMemory.Timer_Stack  cmsis_os2.o
    0x20004f18        -       0x0000005c   Zero   RW         1948    .bss.vApplicationGetTimerTaskMemory.Timer_TCB  cmsis_os2.o
    0x20004f74        -       0x00000004   Zero   RW           87    .bss.vx             chassis.o
    0x20004f78        -       0x00000004   Zero   RW           88    .bss.vy             chassis.o
    0x20004f7c        -       0x00000010   Zero   RW           90    .bss.wheel_speed    chassis.o
    0x20004f8c        -       0x00000004   Zero   RW           89    .bss.wz             chassis.o
    0x20004f90        -       0x00000014   Zero   RW         1766    .bss.xActiveTimerList1  timers.o
    0x20004fa4        -       0x00000014   Zero   RW         1767    .bss.xActiveTimerList2  timers.o
    0x20004fb8        -       0x00000001   Zero   RW         1975    .bss.xBlockAllocatedBit  heap_4.o
    0x20004fb9   0x080082b8   0x00000003   PAD
    0x20004fbc        -       0x00000014   Zero   RW         1697    .bss.xDelayedTaskList1  tasks.o
    0x20004fd0        -       0x00000014   Zero   RW         1698    .bss.xDelayedTaskList2  tasks.o
    0x20004fe4        -       0x00000004   Zero   RW         1976    .bss.xFreeBytesRemaining  heap_4.o
    0x20004fe8        -       0x00000004   Zero   RW         1692    .bss.xIdleTaskHandle  tasks.o
    0x20004fec        -       0x00000004   Zero   RW         1978    .bss.xMinimumEverFreeBytesRemaining  heap_4.o
    0x20004ff0        -       0x00000004   Zero   RW         1693    .bss.xNextTaskUnblockTime  tasks.o
    0x20004ff4        -       0x00000004   Zero   RW         1696    .bss.xNumOfOverflows  tasks.o
    0x20004ff8        -       0x00000004   Zero   RW         1979    .bss.xNumberOfSuccessfulAllocations  heap_4.o
    0x20004ffc        -       0x00000004   Zero   RW         1980    .bss.xNumberOfSuccessfulFrees  heap_4.o
    0x20005000        -       0x00000004   Zero   RW         1695    .bss.xPendedTicks   tasks.o
    0x20005004        -       0x00000014   Zero   RW         1691    .bss.xPendingReadyList  tasks.o
    0x20005018        -       0x00000040   Zero   RW         1487    .bss.xQueueRegistry  queue.o
    0x20005058        -       0x00000004   Zero   RW         1683    .bss.xSchedulerRunning  tasks.o
    0x2000505c        -       0x00000008   Zero   RW         1977    .bss.xStart         heap_4.o
    0x20005064        -       0x00000014   Zero   RW         1688    .bss.xSuspendedTaskList  tasks.o
    0x20005078        -       0x00000014   Zero   RW         1680    .bss.xTasksWaitingTermination  tasks.o
    0x2000508c        -       0x00000004   Zero   RW         1685    .bss.xTickCount     tasks.o
    0x20005090        -       0x00000004   Zero   RW         1761    .bss.xTimerQueue    timers.o
    0x20005094        -       0x00000004   Zero   RW         1762    .bss.xTimerTaskHandle  timers.o
    0x20005098        -       0x00000004   Zero   RW         1694    .bss.xYieldPending  tasks.o
    0x2000509c   0x080082b8   0x00000004   PAD
    0x200050a0        -       0x00000400   Zero   RW            2    HEAP                startup_stm32f407xx.o
    0x200054a0        -       0x00000800   Zero   RW            1    STACK               startup_stm32f407xx.o


==============================================================================

Image component sizes


      Code (inc. data)   RO Data    RW Data    ZI Data      Debug   Object Name

        60          0          0          0          0       1350   bsp_can.o
       420          0          0          0         84       6475   can.o
       234          0          0          0        102       5412   can_receive.o
       722         40          0          0         44       3489   chassis.o
       406          0          0          0       1724      42782   cmsis_os2.o
        54          0          0          0          0       3276   dma.o
       224          0         95          0         60       3287   freertos.o
       234          0          0          0          0       4050   gpio.o
       676          0          0          0      15389       4699   heap_4.o
       142          0          0          0          0       4224   idlenew.o
       150          0          0          0          0       2201   list.o
       414          0          0          0        255       6899   main.o
       188          0          0          0          0       2057   motors.o
       324          0          0          0        400       2793   pid.o
       872         16          0          4          5       3911   port.o
      1754          0          0          0         64      22643   queue.o
        64         26        392          0       3072        820   startup_stm32f407xx.o
       132          0          0          5          4       7298   stm32f4xx_hal.o
      2396          6         56          0          0      12835   stm32f4xx_hal_can.o
       288          0         59          0          0      10778   stm32f4xx_hal_cortex.o
      1704         12         56          0          0       9612   stm32f4xx_hal_dma.o
       768          0         57          0          0       5693   stm32f4xx_hal_gpio.o
        70          0          0          0          0       3338   stm32f4xx_hal_msp.o
      2018          0         56          0          0       7532   stm32f4xx_hal_rcc.o
      6814          4         56          0          0      53432   stm32f4xx_hal_tim.o
       674          0         59          0          0      19884   stm32f4xx_hal_tim_ex.o
       174          0          0          0         72       7215   stm32f4xx_hal_timebase_tim.o
      2268          0         57          0          0      25316   stm32f4xx_hal_uart.o
       156          0          0          0          0       3026   stm32f4xx_it.o
        18          0         24          4          0       2614   system_stm32f4xx.o
      3084          8          0          0       1280      29952   tasks.o
      2210          0          0          0        504      11595   tim.o
      1174         26          0          0        300      14787   timers.o
       408          0          0          0        232       7055   usart.o

    ----------------------------------------------------------------------
     31564        150       1002         16      23600     352330   Object Totals
         0          0         32          0          0          0   (incl. Generated)
       270         12          3          3          9          0   (incl. Padding)

    ----------------------------------------------------------------------

      Code (inc. data)   RO Data    RW Data    ZI Data      Debug   Library Member Name

         8          0          0          0          0         68   __main.o
         0          0          0          0          0          0   __rtentry.o
        12          0          0          0          0          0   __rtentry2.o
         6          0          0          0          0          0   __rtentry4.o
        52          8          0          0          0          0   __scatter.o
        26          0          0          0          0          0   __scatter_copy.o
        28          0          0          0          0          0   __scatter_zi.o
        16          0          0          0          0         68   aeabi_memset4.o
        18          0          0          0          0         80   exit.o
         6          0          0          0          0        152   heapauxi.o
         0          0          0          0          0          0   indicate_semi.o
         2          0          0          0          0          0   libinit.o
         6          0          0          0          0          0   libinit2.o
         2          0          0          0          0          0   libshutdown.o
         2          0          0          0          0          0   libshutdown2.o
         8          4          0          0         96         68   libspace.o
       240          0          0          0          0        100   lludivv7m.o
        78          0          0          0          0         80   rt_memclr_w.o
       138          0          0          0          0         68   rt_memcpy_v6.o
       100          0          0          0          0         80   rt_memcpy_w.o
         2          0          0          0          0          0   rtexit.o
        10          0          0          0          0          0   rtexit2.o
        12          4          0          0          0         68   sys_exit.o
        74          0          0          0          0         80   sys_stackheap_outer.o
         2          0          0          0          0         68   use_no_semi.o
        26          0          0          0          0        116   fpinit.o

    ----------------------------------------------------------------------
       882         16          0          0         96       1096   Library Totals
         8          0          0          0          0          0   (incl. Padding)

    ----------------------------------------------------------------------

      Code (inc. data)   RO Data    RW Data    ZI Data      Debug   Library Name

       848         16          0          0         96        980   c_w.l
        26          0          0          0          0        116   fz_wm.l

    ----------------------------------------------------------------------
       882         16          0          0         96       1096   Library Totals

    ----------------------------------------------------------------------

==============================================================================


      Code (inc. data)   RO Data    RW Data    ZI Data      Debug   

     32446        166       1002         16      23696     352370   Grand Totals
     32446        166       1002         16      23696     352370   ELF Image Totals
     32446        166       1002         16          0          0   ROM Totals

==============================================================================

    Total RO  Size (Code + RO Data)                33448 (  32.66kB)
    Total RW  Size (RW Data + ZI Data)             23712 (  23.16kB)
    Total ROM Size (Code + RO Data + RW Data)      33464 (  32.68kB)

==============================================================================

