Component: ARM Compiler 5.06 update 7 (build 960) Tool: armlink [4d3601]

==============================================================================

Section Cross References

    startup_stm32f407xx.o(RESET) refers to startup_stm32f407xx.o(STACK) for __initial_sp
    startup_stm32f407xx.o(RESET) refers to startup_stm32f407xx.o(.text) for Reset_Handler
    startup_stm32f407xx.o(RESET) refers to stm32f4xx_it.o(i.NMI_Handler) for NMI_Handler
    startup_stm32f407xx.o(RESET) refers to stm32f4xx_it.o(i.HardFault_Handler) for HardFault_Handler
    startup_stm32f407xx.o(RESET) refers to stm32f4xx_it.o(i.MemManage_Handler) for MemManage_Handler
    startup_stm32f407xx.o(RESET) refers to stm32f4xx_it.o(i.BusFault_Handler) for BusFault_Handler
    startup_stm32f407xx.o(RESET) refers to stm32f4xx_it.o(i.UsageFault_Handler) for UsageFault_Handler
    startup_stm32f407xx.o(RESET) refers to port.o(.emb_text) for SVC_Handler
    startup_stm32f407xx.o(RESET) refers to stm32f4xx_it.o(i.DebugMon_Handler) for DebugMon_Handler
    startup_stm32f407xx.o(RESET) refers to port.o(i.SysTick_Handler) for SysTick_Handler
    startup_stm32f407xx.o(RESET) refers to stm32f4xx_it.o(i.DMA1_Stream1_IRQHandler) for DMA1_Stream1_IRQHandler
    startup_stm32f407xx.o(RESET) refers to stm32f4xx_it.o(i.CAN1_TX_IRQHandler) for CAN1_TX_IRQHandler
    startup_stm32f407xx.o(RESET) refers to stm32f4xx_it.o(i.CAN1_RX0_IRQHandler) for CAN1_RX0_IRQHandler
    startup_stm32f407xx.o(RESET) refers to stm32f4xx_it.o(i.USART3_IRQHandler) for USART3_IRQHandler
    startup_stm32f407xx.o(RESET) refers to stm32f4xx_it.o(i.TIM6_DAC_IRQHandler) for TIM6_DAC_IRQHandler
    startup_stm32f407xx.o(RESET) refers to stm32f4xx_it.o(i.TIM7_IRQHandler) for TIM7_IRQHandler
    startup_stm32f407xx.o(.text) refers to system_stm32f4xx.o(i.SystemInit) for SystemInit
    startup_stm32f407xx.o(.text) refers to entry.o(.ARM.Collect$$$$00000000) for __main
    bsp_can.o(i.CAN_cmd_chassis) refers to stm32f4xx_hal_can.o(i.HAL_CAN_AddTxMessage) for HAL_CAN_AddTxMessage
    bsp_can.o(i.CAN_cmd_chassis) refers to bsp_can.o(.bss) for .bss
    bsp_can.o(i.CAN_cmd_chassis) refers to bsp_can.o(.data) for .data
    bsp_can.o(i.CAN_cmd_chassis) refers to can.o(.bss) for hcan1
    bsp_can.o(i.CAN_cmd_chassis_reset_ID) refers to stm32f4xx_hal_can.o(i.HAL_CAN_AddTxMessage) for HAL_CAN_AddTxMessage
    bsp_can.o(i.CAN_cmd_chassis_reset_ID) refers to bsp_can.o(.bss) for .bss
    bsp_can.o(i.CAN_cmd_chassis_reset_ID) refers to bsp_can.o(.data) for .data
    bsp_can.o(i.CAN_cmd_chassis_reset_ID) refers to can.o(.bss) for hcan1
    bsp_can.o(i.HAL_CAN_RxFifo0MsgPendingCallback) refers to stm32f4xx_hal_can.o(i.HAL_CAN_GetRxMessage) for HAL_CAN_GetRxMessage
    bsp_can.o(i.HAL_CAN_RxFifo0MsgPendingCallback) refers to stm32f4xx_hal_can.o(i.HAL_CAN_ActivateNotification) for HAL_CAN_ActivateNotification
    bsp_can.o(i.HAL_CAN_RxFifo0MsgPendingCallback) refers to bsp_can.o(.data) for .data
    bsp_can.o(i.HAL_CAN_RxFifo0MsgPendingCallback) refers to bsp_can.o(.bss) for .bss
    bsp_can.o(i.HAL_CAN_RxFifo0MsgPendingCallback) refers to can.o(.bss) for hcan1
    bsp_can.o(i.can_filter_init) refers to stm32f4xx_hal_can.o(i.HAL_CAN_ConfigFilter) for HAL_CAN_ConfigFilter
    bsp_can.o(i.can_filter_init) refers to stm32f4xx_hal_can.o(i.HAL_CAN_Start) for HAL_CAN_Start
    bsp_can.o(i.can_filter_init) refers to stm32f4xx_hal_can.o(i.HAL_CAN_ActivateNotification) for HAL_CAN_ActivateNotification
    bsp_can.o(i.can_filter_init) refers to can.o(.bss) for hcan1
    bsp_can.o(i.get_chassis_motor_measure_point) refers to bsp_can.o(.bss) for .bss
    chassis.o(i.chassis_control_loop) refers to bsp_can.o(i.CAN_cmd_chassis) for CAN_cmd_chassis
    chassis.o(i.chassis_control_loop) refers to chassis.o(.bss) for .bss
    chassis.o(i.chassis_control_loop) refers to bsp_can.o(.bss) for motor_data
    chassis.o(i.chassis_init) refers to pid.o(i.pid_init) for pid_init
    chassis.o(i.chassis_init) refers to chassis.o(.bss) for .bss
    chassis.o(i.chassis_state_update) refers to bsp_can.o(i.get_chassis_motor_measure_point) for get_chassis_motor_measure_point
    chassis.o(i.chassis_state_update) refers to bsp_can.o(.bss) for motor_data
    chassis.o(i.compute_pid) refers to bsp_can.o(i.get_chassis_motor_measure_point) for get_chassis_motor_measure_point
    chassis.o(i.compute_pid) refers to bsp_can.o(.bss) for motor_data
    chassis.o(i.compute_pid) refers to chassis.o(.bss) for .bss
    chassis.o(i.send_can) refers to bsp_can.o(i.CAN_cmd_chassis) for CAN_cmd_chassis
    chassis.o(i.send_can) refers to chassis.o(.bss) for .bss
    friction.o(i.FRICTION_InitMotor) refers to memseta.o(.text) for __aeabi_memclr4
    friction.o(i.FRICTION_InitMotor) refers to memcpya.o(.text) for __aeabi_memcpy4
    friction.o(i.FRICTION_InitMotor) refers to friction.o(.bss) for .bss
    pick.o(i.PICK_InitMotor) refers to main.o(i.assert_failed) for assert_failed
[...]
    i.TIM_OC2_SetConfig                      0x08005fe0   Section        0  stm32f4xx_hal_tim.o(i.TIM_OC2_SetConfig)
    i.TIM_OC3_SetConfig                      0x080060cc   Section        0  stm32f4xx_hal_tim.o(i.TIM_OC3_SetConfig)
    TIM_OC3_SetConfig                        0x080060cd   Thumb Code   170  stm32f4xx_hal_tim.o(i.TIM_OC3_SetConfig)
    i.TIM_OC4_SetConfig                      0x080061b8   Section        0  stm32f4xx_hal_tim.o(i.TIM_OC4_SetConfig)
    TIM_OC4_SetConfig                        0x080061b9   Thumb Code   100  stm32f4xx_hal_tim.o(i.TIM_OC4_SetConfig)
    i.TIM_SlaveTimer_SetConfig               0x0800625c   Section        0  stm32f4xx_hal_tim.o(i.TIM_SlaveTimer_SetConfig)
    TIM_SlaveTimer_SetConfig                 0x0800625d   Thumb Code   628  stm32f4xx_hal_tim.o(i.TIM_SlaveTimer_SetConfig)
    i.TIM_TI1_ConfigInputStage               0x08006534   Section        0  stm32f4xx_hal_tim.o(i.TIM_TI1_ConfigInputStage)
    TIM_TI1_ConfigInputStage                 0x08006535   Thumb Code    34  stm32f4xx_hal_tim.o(i.TIM_TI1_ConfigInputStage)
    i.TIM_TI1_SetConfig                      0x08006558   Section        0  stm32f4xx_hal_tim.o(i.TIM_TI1_SetConfig)
    i.TIM_TI2_ConfigInputStage               0x080065d8   Section        0  stm32f4xx_hal_tim.o(i.TIM_TI2_ConfigInputStage)
    TIM_TI2_ConfigInputStage                 0x080065d9   Thumb Code    36  stm32f4xx_hal_tim.o(i.TIM_TI2_ConfigInputStage)
    i.TIM_TI2_SetConfig                      0x080065fc   Section        0  stm32f4xx_hal_tim.o(i.TIM_TI2_SetConfig)
    TIM_TI2_SetConfig                        0x080065fd   Thumb Code    54  stm32f4xx_hal_tim.o(i.TIM_TI2_SetConfig)
    i.UART_DMAAbortOnError                   0x08006632   Section        0  stm32f4xx_hal_uart.o(i.UART_DMAAbortOnError)
    UART_DMAAbortOnError                     0x08006633   Thumb Code    16  stm32f4xx_hal_uart.o(i.UART_DMAAbortOnError)
    i.UART_DMAError                          0x08006642   Section        0  stm32f4xx_hal_uart.o(i.UART_DMAError)
    UART_DMAError                            0x08006643   Thumb Code    74  stm32f4xx_hal_uart.o(i.UART_DMAError)
    i.UART_DMAReceiveCplt                    0x0800668c   Section        0  stm32f4xx_hal_uart.o(i.UART_DMAReceiveCplt)
    UART_DMAReceiveCplt                      0x0800668d   Thumb Code   130  stm32f4xx_hal_uart.o(i.UART_DMAReceiveCplt)
    i.UART_DMARxHalfCplt                     0x0800670e   Section        0  stm32f4xx_hal_uart.o(i.UART_DMARxHalfCplt)
    UART_DMARxHalfCplt                       0x0800670f   Thumb Code    26  stm32f4xx_hal_uart.o(i.UART_DMARxHalfCplt)
    i.UART_EndRxTransfer                     0x08006728   Section        0  stm32f4xx_hal_uart.o(i.UART_EndRxTransfer)
    UART_EndRxTransfer                       0x08006729   Thumb Code    78  stm32f4xx_hal_uart.o(i.UART_EndRxTransfer)
    i.UART_EndTxTransfer                     0x08006776   Section        0  stm32f4xx_hal_uart.o(i.UART_EndTxTransfer)
    UART_EndTxTransfer                       0x08006777   Thumb Code    28  stm32f4xx_hal_uart.o(i.UART_EndTxTransfer)
    i.UART_Receive_IT                        0x08006792   Section        0  stm32f4xx_hal_uart.o(i.UART_Receive_IT)
    UART_Receive_IT                          0x08006793   Thumb Code   192  stm32f4xx_hal_uart.o(i.UART_Receive_IT)
    i.UART_SetConfig                         0x08006854   Section        0  stm32f4xx_hal_uart.o(i.UART_SetConfig)
    UART_SetConfig                           0x08006855   Thumb Code   344  stm32f4xx_hal_uart.o(i.UART_SetConfig)
    i.UART_Start_Receive_DMA                 0x080069f4   Section        0  stm32f4xx_hal_uart.o(i.UART_Start_Receive_DMA)
    i.USART3_IRQHandler                      0x08006a88   Section        0  stm32f4xx_it.o(i.USART3_IRQHandler)
    i.UsageFault_Handler                     0x08006ad4   Section        0  stm32f4xx_it.o(i.UsageFault_Handler)
    i.__NVIC_SetPriority                     0x08006ad6   Section        0  stm32f4xx_hal_cortex.o(i.__NVIC_SetPriority)
    __NVIC_SetPriority                       0x08006ad7   Thumb Code    32  stm32f4xx_hal_cortex.o(i.__NVIC_SetPriority)
    i.__hardfp_sqrt                          0x08006af6   Section        0  sqrt.o(i.__hardfp_sqrt)
    i.__scatterload_copy                     0x08006b70   Section       14  handlers.o(i.__scatterload_copy)
    i.__scatterload_null                     0x08006b7e   Section        2  handlers.o(i.__scatterload_null)
    i.__scatterload_zeroinit                 0x08006b80   Section       14  handlers.o(i.__scatterload_zeroinit)
    i.__set_errno                            0x08006b90   Section        0  errno.o(i.__set_errno)
    i.assert_failed                          0x08006b9c   Section        0  main.o(i.assert_failed)
    i.can_filter_init                        0x08006ba0   Section        0  bsp_can.o(i.can_filter_init)
    i.chassis_control_loop                   0x08006bd8   Section        0  chassis.o(i.chassis_control_loop)
    i.chassis_init                           0x08006ca4   Section        0  chassis.o(i.chassis_init)
    i.chassis_state_update                   0x08006d18   Section        0  chassis.o(i.chassis_state_update)
    i.chassis_vector_to_mecanum_wheel_speed  0x08006d44   Section        0  chassis.o(i.chassis_vector_to_mecanum_wheel_speed)
    i.filter_array                           0x08006d7c   Section        0  freertos.o(i.filter_array)
    i.get_chassis_motor_measure_point        0x08006dd4   Section        0  bsp_can.o(i.get_chassis_motor_measure_point)
    i.main                                   0x08006de8   Section        0  main.o(i.main)
    i.makeFreeRtosPriority                   0x080070cc   Section        0  cmsis_os.o(i.makeFreeRtosPriority)
    makeFreeRtosPriority                     0x080070cd   Thumb Code    12  cmsis_os.o(i.makeFreeRtosPriority)
    i.map_fire                               0x080070d8   Section        0  freertos.o(i.map_fire)
    i.map_value                              0x08007102   Section        0  freertos.o(i.map_value)
    i.my_abs                                 0x08007120   Section        0  freertos.o(i.my_abs)
    i.osDelay                                0x0800714c   Section        0  cmsis_os.o(i.osDelay)
    i.osKernelStart                          0x0800715a   Section        0  cmsis_os.o(i.osKernelStart)
    i.osThreadCreate                         0x08007164   Section        0  cmsis_os.o(i.osThreadCreate)
    i.pid_calculate                          0x080071b8   Section        0  pid.o(i.pid_calculate)
    pid_calculate                            0x080071b9   Thumb Code   228  pid.o(i.pid_calculate)
    i.pid_init                               0x080072a0   Section        0  pid.o(i.pid_init)
    i.pid_param_init                         0x080072bc   Section        0  pid.o(i.pid_param_init)
    pid_param_init                           0x080072bd   Thumb Code    82  pid.o(i.pid_param_init)
    i.pid_pitch_control                      0x08007314   Section        0  pitch_init.o(i.pid_pitch_control)
    i.pid_reset                              0x0800746c   Section        0  pid.o(i.pid_reset)
    pid_reset                                0x0800746d   Thumb Code     8  pid.o(i.pid_reset)
    i.pitch_init                             0x08007474   Section        0  pitch_init.o(i.pitch_init)
    i.prvAddCurrentTaskToDelayedList         0x080074b8   Section        0  tasks.o(i.prvAddCurrentTaskToDelayedList)
    prvAddCurrentTaskToDelayedList           0x080074b9   Thumb Code   102  tasks.o(i.prvAddCurrentTaskToDelayedList)
    i.prvAddNewTaskToReadyList               0x08007528   Section        0  tasks.o(i.prvAddNewTaskToReadyList)
    prvAddNewTaskToReadyList                 0x08007529   Thumb Code   194  tasks.o(i.prvAddNewTaskToReadyList)
    i.prvDeleteTCB                           0x080075f8   Section        0  tasks.o(i.prvDeleteTCB)
    prvDeleteTCB                             0x080075f9   Thumb Code    52  tasks.o(i.prvDeleteTCB)
    i.prvHeapInit                            0x0800762c   Section        0  heap_4.o(i.prvHeapInit)
    prvHeapInit                              0x0800762d   Thumb Code    66  heap_4.o(i.prvHeapInit)
    i.prvIdleTask                            0x08007678   Section        0  tasks.o(i.prvIdleTask)
    prvIdleTask                              0x08007679   Thumb Code    82  tasks.o(i.prvIdleTask)
    i.prvInitialiseNewTask                   0x080076d8   Section        0  tasks.o(i.prvInitialiseNewTask)
    prvInitialiseNewTask                     0x080076d9   Thumb Code   152  tasks.o(i.prvInitialiseNewTask)
    i.prvInsertBlockIntoFreeList             0x08007770   Section        0  heap_4.o(i.prvInsertBlockIntoFreeList)
    prvInsertBlockIntoFreeList               0x08007771   Thumb Code    72  heap_4.o(i.prvInsertBlockIntoFreeList)
    i.prvResetNextTaskUnblockTime            0x080077bc   Section        0  tasks.o(i.prvResetNextTaskUnblockTime)
    prvResetNextTaskUnblockTime              0x080077bd   Thumb Code    26  tasks.o(i.prvResetNextTaskUnblockTime)
    i.prvTaskExitError                       0x080077dc   Section        0  port.o(i.prvTaskExitError)
    prvTaskExitError                         0x080077dd   Thumb Code    36  port.o(i.prvTaskExitError)
    i.pvPortMalloc                           0x08007804   Section        0  heap_4.o(i.pvPortMalloc)
    i.pxPortInitialiseStack                  0x080078e0   Section        0  port.o(i.pxPortInitialiseStack)
    i.uxListRemove                           0x0800790c   Section        0  list.o(i.uxListRemove)
    i.vApplicationGetIdleTaskMemory          0x08007934   Section        0  freertos.o(i.vApplicationGetIdleTaskMemory)
    i.vListInitialise                        0x08007948   Section        0  list.o(i.vListInitialise)
    i.vListInitialiseItem                    0x0800795e   Section        0  list.o(i.vListInitialiseItem)
    i.vListInsert                            0x08007964   Section        0  list.o(i.vListInsert)
    i.vListInsertEnd                         0x08007994   Section        0  list.o(i.vListInsertEnd)
    i.vPortEnterCritical                     0x080079ac   Section        0  port.o(i.vPortEnterCritical)
    i.vPortExitCritical                      0x080079ec   Section        0  port.o(i.vPortExitCritical)
    i.vPortFree                              0x08007a14   Section        0  heap_4.o(i.vPortFree)
    i.vPortSetupTimerInterrupt               0x08007a78   Section        0  port.o(i.vPortSetupTimerInterrupt)
    i.vTaskDelay                             0x08007a9c   Section        0  tasks.o(i.vTaskDelay)
    i.vTaskStartScheduler                    0x08007ae8   Section        0  tasks.o(i.vTaskStartScheduler)
    i.vTaskSuspendAll                        0x08007b54   Section        0  tasks.o(i.vTaskSuspendAll)
    i.vTaskSwitchContext                     0x08007b64   Section        0  tasks.o(i.vTaskSwitchContext)
    i.xPortStartScheduler                    0x08007bc0   Section        0  port.o(i.xPortStartScheduler)
    i.xTaskCreate                            0x08007cb4   Section        0  tasks.o(i.xTaskCreate)
    i.xTaskCreateStatic                      0x08007d0e   Section        0  tasks.o(i.xTaskCreateStatic)
    i.xTaskIncrementTick                     0x08007d64   Section        0  tasks.o(i.xTaskIncrementTick)
    i.xTaskResumeAll                         0x08007e30   Section        0  tasks.o(i.xTaskResumeAll)
    .constdata                               0x08007ef4   Section      140  freertos.o(.constdata)
    .constdata                               0x08007f80   Section        8  stm32f4xx_hal_dma.o(.constdata)
    flagBitshiftOffset                       0x08007f80   Data           8  stm32f4xx_hal_dma.o(.constdata)
    .constdata                               0x08007f88   Section       16  system_stm32f4xx.o(.constdata)
    .constdata                               0x08007f98   Section        8  system_stm32f4xx.o(.constdata)
    .conststring                             0x08007fa0   Section       60  freertos.o(.conststring)
    .data                                    0x20000000   Section        9  bsp_can.o(.data)
    i                                        0x20000000   Data           1  bsp_can.o(.data)
    chassis_can_send_data                    0x20000001   Data           8  bsp_can.o(.data)
    .data                                    0x2000000c   Section        4  chassis.o(.data)
    .data                                    0x20000010   Section        4  chassis.o(.data)
    .data                                    0x20000014   Section        4  chassis.o(.data)
    .data                                    0x20000018   Section        4  pitch.o(.data)
    .data                                    0x2000001c   Section       12  main.o(.data)
    .data                                    0x20000028   Section       68  freertos.o(.data)
    .data                                    0x2000006c   Section       12  stm32f4xx_hal.o(.data)
    .data                                    0x20000078   Section        4  system_stm32f4xx.o(.data)
    .data                                    0x2000007c   Section       60  tasks.o(.data)
    uxDeletedTasksWaitingCleanUp             0x20000080   Data           4  tasks.o(.data)
    uxCurrentNumberOfTasks                   0x20000084   Data           4  tasks.o(.data)
    xTickCount                               0x20000088   Data           4  tasks.o(.data)
    uxTopReadyPriority                       0x2000008c   Data           4  tasks.o(.data)
    xSchedulerRunning                        0x20000090   Data           4  tasks.o(.data)
    xPendedTicks                             0x20000094   Data           4  tasks.o(.data)
    xYieldPending                            0x20000098   Data           4  tasks.o(.data)
    xNumOfOverflows                          0x2000009c   Data           4  tasks.o(.data)
    uxTaskNumber                             0x200000a0   Data           4  tasks.o(.data)
    xNextTaskUnblockTime                     0x200000a4   Data           4  tasks.o(.data)
    xIdleTaskHandle                          0x200000a8   Data           4  tasks.o(.data)
    uxSchedulerSuspended                     0x200000ac   Data           4  tasks.o(.data)
    pxDelayedTaskList                        0x200000b0   Data           4  tasks.o(.data)
    pxOverflowDelayedTaskList                0x200000b4   Data           4  tasks.o(.data)
    .data                                    0x200000b8   Section       32  heap_4.o(.data)
    pxEnd                                    0x200000b8   Data           4  heap_4.o(.data)
    xFreeBytesRemaining                      0x200000bc   Data           4  heap_4.o(.data)
    xMinimumEverFreeBytesRemaining           0x200000c0   Data           4  heap_4.o(.data)
    xNumberOfSuccessfulAllocations           0x200000c4   Data           4  heap_4.o(.data)
    xNumberOfSuccessfulFrees                 0x200000c8   Data           4  heap_4.o(.data)
    xBlockAllocatedBit                       0x200000cc   Data           4  heap_4.o(.data)
    xStart                                   0x200000d0   Data           8  heap_4.o(.data)
    .data                                    0x200000d8   Section       12  port.o(.data)
    ucMaxSysCallPriority                     0x200000d8   Data           1  port.o(.data)
    uxCriticalNesting                        0x200000dc   Data           4  port.o(.data)
    ulMaxPRIGROUPValue                       0x200000e0   Data           4  port.o(.data)
    .data                                    0x200000e4   Section        4  errno.o(.data)
    _errno                                   0x200000e4   Data           4  errno.o(.data)
    .bss                                     0x200000e8   Section       96  bsp_can.o(.bss)
    motor_chassis                            0x200000e8   Data          70  bsp_can.o(.bss)
    chassis_tx_message                       0x20000130   Data          24  bsp_can.o(.bss)
    .bss                                     0x20000148   Section       16  bsp_can.o(.bss)
    .bss                                     0x20000158   Section       16  chassis.o(.bss)
    .bss                                     0x20000168   Section      416  chassis.o(.bss)
    .bss                                     0x20000308   Section       40  friction.o(.bss)
    .bss                                     0x20000330   Section       60  pick.o(.bss)
    .bss                                     0x2000036c   Section       60  pitch.o(.bss)
    .bss                                     0x200003a8   Section      104  pitch_init.o(.bss)
    .bss                                     0x20000410   Section      628  freertos.o(.bss)
    xIdleTaskTCBBuffer                       0x20000430   Data          84  freertos.o(.bss)
    xIdleStack                               0x20000484   Data         512  freertos.o(.bss)
    .bss                                     0x20000684   Section       40  can.o(.bss)
    .bss                                     0x200006ac   Section       12  iwdg.o(.bss)
    .bss                                     0x200006b8   Section      504  tim.o(.bss)
    .bss                                     0x200008b0   Section      164  usart.o(.bss)
    .bss                                     0x20000954   Section       72  stm32f4xx_hal_timebase_tim.o(.bss)
    .bss                                     0x2000099c   Section      240  tasks.o(.bss)
    pxReadyTasksLists                        0x2000099c   Data         140  tasks.o(.bss)
    xDelayedTaskList1                        0x20000a28   Data          20  tasks.o(.bss)
    xDelayedTaskList2                        0x20000a3c   Data          20  tasks.o(.bss)
    xPendingReadyList                        0x20000a50   Data          20  tasks.o(.bss)
    xTasksWaitingTermination                 0x20000a64   Data          20  tasks.o(.bss)
    xSuspendedTaskList                       0x20000a78   Data          20  tasks.o(.bss)
    .bss                                     0x20000a8c   Section    15360  heap_4.o(.bss)
    ucHeap                                   0x20000a8c   Data       15360  heap_4.o(.bss)
    STACK                                    0x20004690   Section     1024  startup_stm32f407xx.o(STACK)

    Global Symbols

    Symbol Name                              Value     Ov Type        Size  Object(Section)

    BuildAttributes$$THM_ISAv4$E$P$D$K$B$S$7EM$VFPi3$EXTD16$VFPS$VFMA$PE$A:L22UL41UL21$X:L11$S22US41US21$IEEE1$IW$USESV6$~STKCKD$USESV7$~SHL$OTIME$ROPI$IEEEJ$EBA8$MICROLIB$REQ8$PRES8$EABIv2 0x00000000   Number         0  anon$$obj.o ABSOLUTE
    __ARM_use_no_argv                        0x00000000   Number         0  main.o ABSOLUTE
    __arm_fini_                               - Undefined Weak Reference
    __cpp_initialize__aeabi_                  - Undefined Weak Reference
    __cxa_finalize                            - Undefined Weak Reference
    __decompress                              - Undefined Weak Reference
    _clock_init                               - Undefined Weak Reference
    _microlib_exit                            - Undefined Weak Reference
    __Vectors_Size                           0x00000188   Number         0  startup_stm32f407xx.o ABSOLUTE
    __Vectors                                0x08000000   Data           4  startup_stm32f407xx.o(RESET)
    __Vectors_End                            0x08000188   Data           0  startup_stm32f407xx.o(RESET)
    __main                                   0x08000189   Thumb Code     0  entry.o(.ARM.Collect$$$$00000000)
    _main_stk                                0x08000189   Thumb Code     0  entry2.o(.ARM.Collect$$$$00000001)
    _main_scatterload                        0x0800018d   Thumb Code     0  entry5.o(.ARM.Collect$$$$00000004)
    __main_after_scatterload                 0x08000191   Thumb Code     0  entry5.o(.ARM.Collect$$$$00000004)
    _main_clock                              0x08000191   Thumb Code     0  entry7b.o(.ARM.Collect$$$$00000008)
    _main_cpp_init                           0x08000191   Thumb Code     0  entry8b.o(.ARM.Collect$$$$0000000A)
    _main_init                               0x08000191   Thumb Code     0  entry9a.o(.ARM.Collect$$$$0000000B)
    __rt_lib_shutdown_fini                   0x08000199   Thumb Code     0  entry12b.o(.ARM.Collect$$$$0000000E)
    __rt_final_cpp                           0x0800019d   Thumb Code     0  entry10a.o(.ARM.Collect$$$$0000000F)
    __rt_final_exit                          0x0800019d   Thumb Code     0  entry11a.o(.ARM.Collect$$$$00000011)
    SVC_Handler                              0x080001a1   Thumb Code    28  port.o(.emb_text)
    __asm___6_port_c_39a90d8d__prvStartFirstTask 0x080001c1   Thumb Code    36  port.o(.emb_text)
    __asm___6_port_c_39a90d8d__prvEnableVFP  0x080001e9   Thumb Code    16  port.o(.emb_text)
    PendSV_Handler                           0x080001fd   Thumb Code    88  port.o(.emb_text)
    vPortGetIPSR                             0x08000259   Thumb Code     6  port.o(.emb_text)
    Reset_Handler                            0x08000261   Thumb Code     8  startup_stm32f407xx.o(.text)
    ADC_IRQHandler                           0x0800027b   Thumb Code     0  startup_stm32f407xx.o(.text)
    CAN1_RX1_IRQHandler                      0x0800027b   Thumb Code     0  startup_stm32f407xx.o(.text)
    CAN1_SCE_IRQHandler                      0x0800027b   Thumb Code     0  startup_stm32f407xx.o(.text)
    CAN2_RX0_IRQHandler                      0x0800027b   Thumb Code     0  startup_stm32f407xx.o(.text)
    CAN2_RX1_IRQHandler                      0x0800027b   Thumb Code     0  startup_stm32f407xx.o(.text)
    CAN2_SCE_IRQHandler                      0x0800027b   Thumb Code     0  startup_stm32f407xx.o(.text)
    CAN2_TX_IRQHandler                       0x0800027b   Thumb Code     0  startup_stm32f407xx.o(.text)
    DCMI_IRQHandler                          0x0800027b   Thumb Code     0  startup_stm32f407xx.o(.text)
    DMA1_Stream0_IRQHandler                  0x0800027b   Thumb Code     0  startup_stm32f407xx.o(.text)
    DMA1_Stream2_IRQHandler                  0x0800027b   Thumb Code     0  startup_stm32f407xx.o(.text)
    DMA1_Stream3_IRQHandler                  0x0800027b   Thumb Code     0  startup_stm32f407xx.o(.text)
    DMA1_Stream4_IRQHandler                  0x0800027b   Thumb Code     0  startup_stm32f407xx.o(.text)
    DMA1_Stream5_IRQHandler                  0x0800027b   Thumb Code     0  startup_stm32f407xx.o(.text)
    DMA1_Stream6_IRQHandler                  0x0800027b   Thumb Code     0  startup_stm32f407xx.o(.text)
    DMA1_Stream7_IRQHandler                  0x0800027b   Thumb Code     0  startup_stm32f407xx.o(.text)
    DMA2_Stream0_IRQHandler                  0x0800027b   Thumb Code     0  startup_stm32f407xx.o(.text)
    DMA2_Stream1_IRQHandler                  0x0800027b   Thumb Code     0  startup_stm32f407xx.o(.text)
    DMA2_Stream2_IRQHandler                  0x0800027b   Thumb Code     0  startup_stm32f407xx.o(.text)
    DMA2_Stream3_IRQHandler                  0x0800027b   Thumb Code     0  startup_stm32f407xx.o(.text)
    DMA2_Stream4_IRQHandler                  0x0800027b   Thumb Code     0  startup_stm32f407xx.o(.text)
    DMA2_Stream5_IRQHandler                  0x0800027b   Thumb Code     0  startup_stm32f407xx.o(.text)
    DMA2_Stream6_IRQHandler                  0x0800027b   Thumb Code     0  startup_stm32f407xx.o(.text)
    DMA2_Stream7_IRQHandler                  0x0800027b   Thumb Code     0  startup_stm32f407xx.o(.text)
    ETH_IRQHandler                           0x0800027b   Thumb Code     0  startup_stm32f407xx.o(.text)
    ETH_WKUP_IRQHandler                      0x0800027b   Thumb Code     0  startup_stm32f407xx.o(.text)
    EXTI0_IRQHandler                         0x0800027b   Thumb Code     0  startup_stm32f407xx.o(.text)
    EXTI15_10_IRQHandler                     0x0800027b   Thumb Code     0  startup_stm32f407xx.o(.text)
    EXTI1_IRQHandler                         0x0800027b   Thumb Code     0  startup_stm32f407xx.o(.text)
    EXTI2_IRQHandler                         0x0800027b   Thumb Code     0  startup_stm32f407xx.o(.text)
    EXTI3_IRQHandler                         0x0800027b   Thumb Code     0  startup_stm32f407xx.o(.text)
    EXTI4_IRQHandler                         0x0800027b   Thumb Code     0  startup_stm32f407xx.o(.text)
    EXTI9_5_IRQHandler                       0x0800027b   Thumb Code     0  startup_stm32f407xx.o(.text)
    FLASH_IRQHandler                         0x0800027b   Thumb Code     0  startup_stm32f407xx.o(.text)
    FMC_IRQHandler                           0x0800027b   Thumb Code     0  startup_stm32f407xx.o(.text)
    FPU_IRQHandler                           0x0800027b   Thumb Code     0  startup_stm32f407xx.o(.text)
    HASH_RNG_IRQHandler                      0x0800027b   Thumb Code     0  startup_stm32f407xx.o(.text)
    I2C1_ER_IRQHandler                       0x0800027b   Thumb Code     0  startup_stm32f407xx.o(.text)
    I2C1_EV_IRQHandler                       0x0800027b   Thumb Code     0  startup_stm32f407xx.o(.text)
    I2C2_ER_IRQHandler                       0x0800027b   Thumb Code     0  startup_stm32f407xx.o(.text)
    I2C2_EV_IRQHandler                       0x0800027b   Thumb Code     0  startup_stm32f407xx.o(.text)
    I2C3_ER_IRQHandler                       0x0800027b   Thumb Code     0  startup_stm32f407xx.o(.text)
    I2C3_EV_IRQHandler                       0x0800027b   Thumb Code     0  startup_stm32f407xx.o(.text)
    OTG_FS_IRQHandler                        0x0800027b   Thumb Code     0  startup_stm32f407xx.o(.text)
    OTG_FS_WKUP_IRQHandler                   0x0800027b   Thumb Code     0  startup_stm32f407xx.o(.text)
    OTG_HS_EP1_IN_IRQHandler                 0x0800027b   Thumb Code     0  startup_stm32f407xx.o(.text)
    OTG_HS_EP1_OUT_IRQHandler                0x0800027b   Thumb Code     0  startup_stm32f407xx.o(.text)
    OTG_HS_IRQHandler                        0x0800027b   Thumb Code     0  startup_stm32f407xx.o(.text)
    OTG_HS_WKUP_IRQHandler                   0x0800027b   Thumb Code     0  startup_stm32f407xx.o(.text)
    PVD_IRQHandler                           0x0800027b   Thumb Code     0  startup_stm32f407xx.o(.text)
    RCC_IRQHandler                           0x0800027b   Thumb Code     0  startup_stm32f407xx.o(.text)
    RTC_Alarm_IRQHandler                     0x0800027b   Thumb Code     0  startup_stm32f407xx.o(.text)
    RTC_WKUP_IRQHandler                      0x0800027b   Thumb Code     0  startup_stm32f407xx.o(.text)
    SDIO_IRQHandler                          0x0800027b   Thumb Code     0  startup_stm32f407xx.o(.text)
    SPI1_IRQHandler                          0x0800027b   Thumb Code     0  startup_stm32f407xx.o(.text)
    SPI2_IRQHandler                          0x0800027b   Thumb Code     0  startup_stm32f407xx.o(.text)
    SPI3_IRQHandler                          0x0800027b   Thumb Code     0  startup_stm32f407xx.o(.text)
    TAMP_STAMP_IRQHandler                    0x0800027b   Thumb Code     0  startup_stm32f407xx.o(.text)
    TIM1_BRK_TIM9_IRQHandler                 0x0800027b   Thumb Code     0  startup_stm32f407xx.o(.text)
    TIM1_CC_IRQHandler                       0x0800027b   Thumb Code     0  startup_stm32f407xx.o(.text)
    TIM1_TRG_COM_TIM11_IRQHandler            0x0800027b   Thumb Code     0  startup_stm32f407xx.o(.text)
    TIM1_UP_TIM10_IRQHandler                 0x0800027b   Thumb Code     0  startup_stm32f407xx.o(.text)
    TIM2_IRQHandler                          0x0800027b   Thumb Code     0  startup_stm32f407xx.o(.text)
    TIM3_IRQHandler                          0x0800027b   Thumb Code     0  startup_stm32f407xx.o(.text)
    TIM4_IRQHandler                          0x0800027b   Thumb Code     0  startup_stm32f407xx.o(.text)
    TIM5_IRQHandler                          0x0800027b   Thumb Code     0  startup_stm32f407xx.o(.text)
    TIM8_BRK_TIM12_IRQHandler                0x0800027b   Thumb Code     0  startup_stm32f407xx.o(.text)
    TIM8_CC_IRQHandler                       0x0800027b   Thumb Code     0  startup_stm32f407xx.o(.text)
    TIM8_TRG_COM_TIM14_IRQHandler            0x0800027b   Thumb Code     0  startup_stm32f407xx.o(.text)
    TIM8_UP_TIM13_IRQHandler                 0x0800027b   Thumb Code     0  startup_stm32f407xx.o(.text)
    UART4_IRQHandler                         0x0800027b   Thumb Code     0  startup_stm32f407xx.o(.text)
    UART5_IRQHandler                         0x0800027b   Thumb Code     0  startup_stm32f407xx.o(.text)
    USART1_IRQHandler                        0x0800027b   Thumb Code     0  startup_stm32f407xx.o(.text)
    USART2_IRQHandler                        0x0800027b   Thumb Code     0  startup_stm32f407xx.o(.text)
    USART6_IRQHandler                        0x0800027b   Thumb Code     0  startup_stm32f407xx.o(.text)
    WWDG_IRQHandler                          0x0800027b   Thumb Code     0  startup_stm32f407xx.o(.text)
    __aeabi_uldivmod                         0x08000285   Thumb Code    98  uldiv.o(.text)
    __aeabi_memcpy                           0x080002e7   Thumb Code    36  memcpya.o(.text)
    __aeabi_memcpy4                          0x080002e7   Thumb Code     0  memcpya.o(.text)
    __aeabi_memcpy8                          0x080002e7   Thumb Code     0  memcpya.o(.text)
    __aeabi_memset                           0x0800030b   Thumb Code    14  memseta.o(.text)
    __aeabi_memset4                          0x0800030b   Thumb Code     0  memseta.o(.text)
    __aeabi_memset8                          0x0800030b   Thumb Code     0  memseta.o(.text)
    __aeabi_memclr                           0x08000319   Thumb Code     4  memseta.o(.text)
    __aeabi_memclr4                          0x08000319   Thumb Code     0  memseta.o(.text)
    __aeabi_memclr8                          0x08000319   Thumb Code     0  memseta.o(.text)
    memset                                   0x0800031d   Thumb Code    18  memseta.o(.text)
    __aeabi_fadd                             0x0800032f   Thumb Code   164  fadd.o(.text)
    __aeabi_fsub                             0x080003d3   Thumb Code     6  fadd.o(.text)
    __aeabi_frsub                            0x080003d9   Thumb Code     6  fadd.o(.text)
    __aeabi_fmul                             0x080003df   Thumb Code   100  fmul.o(.text)
    __aeabi_dmul                             0x08000443   Thumb Code   228  dmul.o(.text)
    __aeabi_ddiv                             0x08000527   Thumb Code   222  ddiv.o(.text)
    __aeabi_i2d                              0x08000605   Thumb Code    34  dflti.o(.text)
    __aeabi_d2iz                             0x08000627   Thumb Code    62  dfixi.o(.text)
    __aeabi_d2f                              0x08000665   Thumb Code    56  d2f.o(.text)
    __aeabi_llsl                             0x0800069d   Thumb Code    30  llshl.o(.text)
    _ll_shift_l                              0x0800069d   Thumb Code     0  llshl.o(.text)
    __aeabi_llsr                             0x080006bb   Thumb Code    32  llushr.o(.text)
    _ll_ushift_r                             0x080006bb   Thumb Code     0  llushr.o(.text)
    __I$use$fp                               0x080006db   Thumb Code     0  iusefp.o(.text)
    _float_round                             0x080006db   Thumb Code    18  fepilogue.o(.text)
    _float_epilogue                          0x080006ed   Thumb Code    92  fepilogue.o(.text)
    _double_round                            0x08000749   Thumb Code    30  depilogue.o(.text)
    _double_epilogue                         0x08000767   Thumb Code   156  depilogue.o(.text)
    _dsqrt                                   0x08000803   Thumb Code   162  dsqrt.o(.text)
    __scatterload                            0x080008a5   Thumb Code    28  init.o(.text)
    __scatterload_rt2                        0x080008a5   Thumb Code     0  init.o(.text)
    arm_pid_init_f32                         0x080008c9   Thumb Code    68  arm_pid_init_f32.o(.text.arm_pid_init_f32)
    BusFault_Handler                         0x0800090d   Thumb Code     2  stm32f4xx_it.o(i.BusFault_Handler)
    CAN1_RX0_IRQHandler                      0x08000911   Thumb Code     6  stm32f4xx_it.o(i.CAN1_RX0_IRQHandler)
    CAN1_TX_IRQHandler                       0x0800091d   Thumb Code     6  stm32f4xx_it.o(i.CAN1_TX_IRQHandler)
    CAN_cmd_chassis                          0x08000929   Thumb Code    60  bsp_can.o(i.CAN_cmd_chassis)
    DMA1_Stream1_IRQHandler                  0x08000971   Thumb Code     6  stm32f4xx_it.o(i.DMA1_Stream1_IRQHandler)
    DebugMon_Handler                         0x08000a21   Thumb Code     2  stm32f4xx_it.o(i.DebugMon_Handler)
    Error_Handler                            0x08000a23   Thumb Code     4  main.o(i.Error_Handler)
    FRICTION_InitMotor                       0x08000a29   Thumb Code    54  friction.o(i.FRICTION_InitMotor)
    HAL_CAN_ActivateNotification             0x08000a65   Thumb Code    58  stm32f4xx_hal_can.o(i.HAL_CAN_ActivateNotification)
    HAL_CAN_AddTxMessage                     0x08000add   Thumb Code   346  stm32f4xx_hal_can.o(i.HAL_CAN_AddTxMessage)
    HAL_CAN_ConfigFilter                     0x08000c71   Thumb Code   438  stm32f4xx_hal_can.o(i.HAL_CAN_ConfigFilter)
    HAL_CAN_ErrorCallback                    0x08000e65   Thumb Code    14  can.o(i.HAL_CAN_ErrorCallback)
    HAL_CAN_GetRxMessage                     0x08000e79   Thumb Code   264  stm32f4xx_hal_can.o(i.HAL_CAN_GetRxMessage)
    HAL_CAN_IRQHandler                       0x08000fb9   Thumb Code   508  stm32f4xx_hal_can.o(i.HAL_CAN_IRQHandler)
    HAL_CAN_Init                             0x080011b5   Thumb Code   662  stm32f4xx_hal_can.o(i.HAL_CAN_Init)
    HAL_CAN_MspInit                          0x0800148d   Thumb Code   122  can.o(i.HAL_CAN_MspInit)
    HAL_CAN_RxFifo0FullCallback              0x08001515   Thumb Code     2  stm32f4xx_hal_can.o(i.HAL_CAN_RxFifo0FullCallback)
    HAL_CAN_RxFifo0MsgPendingCallback        0x08001519   Thumb Code    90  bsp_can.o(i.HAL_CAN_RxFifo0MsgPendingCallback)
    HAL_CAN_RxFifo1FullCallback              0x08001581   Thumb Code     2  stm32f4xx_hal_can.o(i.HAL_CAN_RxFifo1FullCallback)
    HAL_CAN_RxFifo1MsgPendingCallback        0x08001583   Thumb Code     2  stm32f4xx_hal_can.o(i.HAL_CAN_RxFifo1MsgPendingCallback)
    HAL_CAN_SleepCallback                    0x08001585   Thumb Code     2  stm32f4xx_hal_can.o(i.HAL_CAN_SleepCallback)
    HAL_CAN_Start                            0x08001589   Thumb Code    88  stm32f4xx_hal_can.o(i.HAL_CAN_Start)
    HAL_CAN_TxMailbox0AbortCallback          0x080015e1   Thumb Code     2  stm32f4xx_hal_can.o(i.HAL_CAN_TxMailbox0AbortCallback)
    HAL_CAN_TxMailbox0CompleteCallback       0x080015e3   Thumb Code     2  stm32f4xx_hal_can.o(i.HAL_CAN_TxMailbox0CompleteCallback)
    HAL_CAN_TxMailbox1AbortCallback          0x080015e5   Thumb Code     2  stm32f4xx_hal_can.o(i.HAL_CAN_TxMailbox1AbortCallback)
    HAL_CAN_TxMailbox1CompleteCallback       0x080015e7   Thumb Code     2  stm32f4xx_hal_can.o(i.HAL_CAN_TxMailbox1CompleteCallback)
    HAL_CAN_TxMailbox2AbortCallback          0x080015e9   Thumb Code     2  stm32f4xx_hal_can.o(i.HAL_CAN_TxMailbox2AbortCallback)
    HAL_CAN_TxMailbox2CompleteCallback       0x080015eb   Thumb Code     2  stm32f4xx_hal_can.o(i.HAL_CAN_TxMailbox2CompleteCallback)
    HAL_CAN_WakeUpFromRxMsgCallback          0x080015ed   Thumb Code     2  stm32f4xx_hal_can.o(i.HAL_CAN_WakeUpFromRxMsgCallback)
    HAL_DMA_Abort                            0x080015ef   Thumb Code   146  stm32f4xx_hal_dma.o(i.HAL_DMA_Abort)
    HAL_DMA_Abort_IT                         0x08001681   Thumb Code    36  stm32f4xx_hal_dma.o(i.HAL_DMA_Abort_IT)
    HAL_DMA_IRQHandler                       0x080016a5   Thumb Code   412  stm32f4xx_hal_dma.o(i.HAL_DMA_IRQHandler)
    HAL_DMA_Init                             0x08001845   Thumb Code   666  stm32f4xx_hal_dma.o(i.HAL_DMA_Init)
    HAL_DMA_Start_IT                         0x08001b25   Thumb Code   142  stm32f4xx_hal_dma.o(i.HAL_DMA_Start_IT)
    HAL_GPIO_Init                            0x08001bed   Thumb Code   654  stm32f4xx_hal_gpio.o(i.HAL_GPIO_Init)
    HAL_GetTick                              0x08001ee9   Thumb Code     6  stm32f4xx_hal.o(i.HAL_GetTick)
    HAL_IWDG_Init                            0x08001ef5   Thumb Code   158  stm32f4xx_hal_iwdg.o(i.HAL_IWDG_Init)
    HAL_IWDG_Refresh                         0x08001fd5   Thumb Code    12  stm32f4xx_hal_iwdg.o(i.HAL_IWDG_Refresh)
    HAL_IncTick                              0x08001fe1   Thumb Code    12  stm32f4xx_hal.o(i.HAL_IncTick)
    HAL_Init                                 0x08001ff1   Thumb Code    48  stm32f4xx_hal.o(i.HAL_Init)
    HAL_InitTick                             0x08002025   Thumb Code   132  stm32f4xx_hal_timebase_tim.o(i.HAL_InitTick)
    HAL_MspInit                              0x080020bd   Thumb Code    52  stm32f4xx_hal_msp.o(i.HAL_MspInit)
    HAL_NVIC_EnableIRQ                       0x080020f5   Thumb Code    40  stm32f4xx_hal_cortex.o(i.HAL_NVIC_EnableIRQ)
    HAL_NVIC_SetPriority                     0x08002159   Thumb Code    94  stm32f4xx_hal_cortex.o(i.HAL_NVIC_SetPriority)
    HAL_NVIC_SetPriorityGrouping             0x080021f9   Thumb Code    58  stm32f4xx_hal_cortex.o(i.HAL_NVIC_SetPriorityGrouping)
    HAL_RCC_CSSCallback                      0x08002279   Thumb Code     2  stm32f4xx_hal_rcc.o(i.HAL_RCC_CSSCallback)
    HAL_RCC_ClockConfig                      0x0800227d   Thumb Code   512  stm32f4xx_hal_rcc.o(i.HAL_RCC_ClockConfig)
    HAL_RCC_EnableCSS                        0x080024c9   Thumb Code     8  stm32f4xx_hal_rcc.o(i.HAL_RCC_EnableCSS)
    HAL_RCC_GetClockConfig                   0x080024d5   Thumb Code    54  stm32f4xx_hal_rcc.o(i.HAL_RCC_GetClockConfig)
    HAL_RCC_GetPCLK1Freq                     0x08002515   Thumb Code    20  stm32f4xx_hal_rcc.o(i.HAL_RCC_GetPCLK1Freq)
    HAL_RCC_GetPCLK2Freq                     0x08002535   Thumb Code    20  stm32f4xx_hal_rcc.o(i.HAL_RCC_GetPCLK2Freq)
    HAL_RCC_GetSysClockFreq                  0x08002555   Thumb Code    88  stm32f4xx_hal_rcc.o(i.HAL_RCC_GetSysClockFreq)
    HAL_RCC_NMI_IRQHandler                   0x080025b5   Thumb Code    24  stm32f4xx_hal_rcc.o(i.HAL_RCC_NMI_IRQHandler)
    HAL_RCC_OscConfig                        0x080025d1   Thumb Code  1192  stm32f4xx_hal_rcc.o(i.HAL_RCC_OscConfig)
    HAL_TIMEx_BreakCallback                  0x08002a79   Thumb Code     2  stm32f4xx_hal_tim_ex.o(i.HAL_TIMEx_BreakCallback)
    HAL_TIMEx_CommutCallback                 0x08002a7b   Thumb Code     2  stm32f4xx_hal_tim_ex.o(i.HAL_TIMEx_CommutCallback)
    HAL_TIMEx_ConfigBreakDeadTime            0x08002a7d   Thumb Code   260  stm32f4xx_hal_tim_ex.o(i.HAL_TIMEx_ConfigBreakDeadTime)
    HAL_TIMEx_MasterConfigSynchronization    0x08002bc5   Thumb Code   242  stm32f4xx_hal_tim_ex.o(i.HAL_TIMEx_MasterConfigSynchronization)
    HAL_TIM_Base_Init                        0x08002d15   Thumb Code   260  stm32f4xx_hal_tim.o(i.HAL_TIM_Base_Init)
    HAL_TIM_Base_MspInit                     0x08002e85   Thumb Code   240  tim.o(i.HAL_TIM_Base_MspInit)
    HAL_TIM_Base_Start_IT                    0x08002f95   Thumb Code   200  stm32f4xx_hal_tim.o(i.HAL_TIM_Base_Start_IT)
    HAL_TIM_ConfigClockSource                0x080030c5   Thumb Code   930  stm32f4xx_hal_tim.o(i.HAL_TIM_ConfigClockSource)
    HAL_TIM_IC_CaptureCallback               0x080034d5   Thumb Code     2  stm32f4xx_hal_tim.o(i.HAL_TIM_IC_CaptureCallback)
    HAL_TIM_IC_ConfigChannel                 0x080034d9   Thumb Code   594  stm32f4xx_hal_tim.o(i.HAL_TIM_IC_ConfigChannel)
    HAL_TIM_IC_Init                          0x08003791   Thumb Code   260  stm32f4xx_hal_tim.o(i.HAL_TIM_IC_Init)
    HAL_TIM_IC_MspInit                       0x08003901   Thumb Code     2  stm32f4xx_hal_tim.o(i.HAL_TIM_IC_MspInit)
    HAL_TIM_IC_Start_IT                      0x08003905   Thumb Code   450  stm32f4xx_hal_tim.o(i.HAL_TIM_IC_Start_IT)
    HAL_TIM_IRQHandler                       0x08003b2d   Thumb Code   358  stm32f4xx_hal_tim.o(i.HAL_TIM_IRQHandler)
    HAL_TIM_MspPostInit                      0x08003c95   Thumb Code   264  tim.o(i.HAL_TIM_MspPostInit)
    HAL_TIM_OC_DelayElapsedCallback          0x08003dc5   Thumb Code     2  stm32f4xx_hal_tim.o(i.HAL_TIM_OC_DelayElapsedCallback)
    HAL_TIM_PWM_ConfigChannel                0x08003dc9   Thumb Code   516  stm32f4xx_hal_tim.o(i.HAL_TIM_PWM_ConfigChannel)
    HAL_TIM_PWM_Init                         0x08004031   Thumb Code   260  stm32f4xx_hal_tim.o(i.HAL_TIM_PWM_Init)
    HAL_TIM_PWM_MspInit                      0x080041a1   Thumb Code     2  stm32f4xx_hal_tim.o(i.HAL_TIM_PWM_MspInit)
    HAL_TIM_PWM_PulseFinishedCallback        0x080041a3   Thumb Code     2  stm32f4xx_hal_tim.o(i.HAL_TIM_PWM_PulseFinishedCallback)
    HAL_TIM_PWM_Start                        0x080041a5   Thumb Code   374  stm32f4xx_hal_tim.o(i.HAL_TIM_PWM_Start)
    HAL_TIM_PeriodElapsedCallback            0x08004381   Thumb Code    52  main.o(i.HAL_TIM_PeriodElapsedCallback)
    HAL_TIM_ReadCapturedValue                0x080043c1   Thumb Code   254  stm32f4xx_hal_tim.o(i.HAL_TIM_ReadCapturedValue)
    HAL_TIM_SlaveConfigSynchro               0x08004525   Thumb Code   222  stm32f4xx_hal_tim.o(i.HAL_TIM_SlaveConfigSynchro)
    HAL_TIM_TriggerCallback                  0x08004659   Thumb Code     2  stm32f4xx_hal_tim.o(i.HAL_TIM_TriggerCallback)
    HAL_UARTEx_RxEventCallback               0x0800465b   Thumb Code     2  stm32f4xx_hal_uart.o(i.HAL_UARTEx_RxEventCallback)
    HAL_UART_DMAStop                         0x0800465d   Thumb Code   112  stm32f4xx_hal_uart.o(i.HAL_UART_DMAStop)
    HAL_UART_ErrorCallback                   0x080046cd   Thumb Code     2  stm32f4xx_hal_uart.o(i.HAL_UART_ErrorCallback)
    HAL_UART_IRQHandler                      0x080046d1   Thumb Code   610  stm32f4xx_hal_uart.o(i.HAL_UART_IRQHandler)
    HAL_UART_Init                            0x08004939   Thumb Code   246  stm32f4xx_hal_uart.o(i.HAL_UART_Init)
    HAL_UART_MspInit                         0x08004a85   Thumb Code   192  usart.o(i.HAL_UART_MspInit)
    HAL_UART_Receive_DMA                     0x08004b59   Thumb Code    42  stm32f4xx_hal_uart.o(i.HAL_UART_Receive_DMA)
    HAL_UART_RxCpltCallback                  0x08004b83   Thumb Code     2  stm32f4xx_hal_uart.o(i.HAL_UART_RxCpltCallback)
    HAL_UART_RxHalfCpltCallback              0x08004b85   Thumb Code     2  stm32f4xx_hal_uart.o(i.HAL_UART_RxHalfCpltCallback)
    HAL_UART_TxCpltCallback                  0x08004b87   Thumb Code     2  stm32f4xx_hal_uart.o(i.HAL_UART_TxCpltCallback)
    HardFault_Handler                        0x08004b89   Thumb Code     2  stm32f4xx_it.o(i.HardFault_Handler)
    MX_CAN1_Init                             0x08004b8d   Thumb Code    62  can.o(i.MX_CAN1_Init)
    MX_DMA_Init                              0x08004bd5   Thumb Code    40  dma.o(i.MX_DMA_Init)
    MX_FREERTOS_Init                         0x08004c01   Thumb Code   118  freertos.o(i.MX_FREERTOS_Init)
    MX_GPIO_Init                             0x08004c81   Thumb Code   272  gpio.o(i.MX_GPIO_Init)
    MX_IWDG_Init                             0x08004db1   Thumb Code    36  iwdg.o(i.MX_IWDG_Init)
    MX_TIM1_Init                             0x08004ddd   Thumb Code   224  tim.o(i.MX_TIM1_Init)
    MX_TIM2_Init                             0x08004ec5   Thumb Code   164  tim.o(i.MX_TIM2_Init)
    MX_TIM3_Init                             0x08004f6d   Thumb Code   196  tim.o(i.MX_TIM3_Init)
    MX_TIM4_Init                             0x08005039   Thumb Code   178  tim.o(i.MX_TIM4_Init)
    MX_TIM6_Init                             0x080050f5   Thumb Code    60  tim.o(i.MX_TIM6_Init)
    MX_TIM8_Init                             0x08005139   Thumb Code   208  tim.o(i.MX_TIM8_Init)
    MX_TIM9_Init                             0x08005211   Thumb Code   124  tim.o(i.MX_TIM9_Init)
    MX_USART3_UART_Init                      0x08005295   Thumb Code    48  usart.o(i.MX_USART3_UART_Init)
    MemManage_Handler                        0x080052cd   Thumb Code     2  stm32f4xx_it.o(i.MemManage_Handler)
    NMI_Handler                              0x080052cf   Thumb Code     6  stm32f4xx_it.o(i.NMI_Handler)
    PICK_InitMotor                           0x080052d5   Thumb Code    48  pick.o(i.PICK_InitMotor)
    Pitch_Get_Position                       0x08005311   Thumb Code   128  pitch.o(i.Pitch_Get_Position)
    Pitch_InitMotor                          0x080053b1   Thumb Code   134  pitch.o(i.Pitch_InitMotor)
    StartDefaultTask                         0x08005449   Thumb Code   280  freertos.o(i.StartDefaultTask)
    StartTask02                              0x08005589   Thumb Code  1486  freertos.o(i.StartTask02)
    StartTask03                              0x08005b5d   Thumb Code    96  freertos.o(i.StartTask03)
    StartTask04                              0x08005be1   Thumb Code    30  freertos.o(i.StartTask04)
    StartTask05                              0x08005c09   Thumb Code    28  freertos.o(i.StartTask05)
    SysTick_Handler                          0x08005c2d   Thumb Code    38  port.o(i.SysTick_Handler)
    SystemClock_Config                       0x08005c59   Thumb Code   146  main.o(i.SystemClock_Config)
    SystemInit                               0x08005cf5   Thumb Code    12  system_stm32f4xx.o(i.SystemInit)
    TIM6_DAC_IRQHandler                      0x08005d05   Thumb Code     6  stm32f4xx_it.o(i.TIM6_DAC_IRQHandler)
    TIM7_IRQHandler                          0x08005d11   Thumb Code     6  stm32f4xx_it.o(i.TIM7_IRQHandler)
    TIM_Base_SetConfig                       0x08005d1d   Thumb Code   156  stm32f4xx_hal_tim.o(i.TIM_Base_SetConfig)
    TIM_CCxChannelCmd                        0x08005de5   Thumb Code   142  stm32f4xx_hal_tim.o(i.TIM_CCxChannelCmd)
    TIM_ETR_SetConfig                        0x08005ed9   Thumb Code    20  stm32f4xx_hal_tim.o(i.TIM_ETR_SetConfig)
    TIM_OC2_SetConfig                        0x08005fe1   Thumb Code   170  stm32f4xx_hal_tim.o(i.TIM_OC2_SetConfig)
    TIM_TI1_SetConfig                        0x08006559   Thumb Code   100  stm32f4xx_hal_tim.o(i.TIM_TI1_SetConfig)
    UART_Start_Receive_DMA                   0x080069f5   Thumb Code   134  stm32f4xx_hal_uart.o(i.UART_Start_Receive_DMA)
    USART3_IRQHandler                        0x08006a89   Thumb Code    60  stm32f4xx_it.o(i.USART3_IRQHandler)
    UsageFault_Handler                       0x08006ad5   Thumb Code     2  stm32f4xx_it.o(i.UsageFault_Handler)
    __hardfp_sqrt                            0x08006af7   Thumb Code   122  sqrt.o(i.__hardfp_sqrt)
    __scatterload_copy                       0x08006b71   Thumb Code    14  handlers.o(i.__scatterload_copy)
    __scatterload_null                       0x08006b7f   Thumb Code     2  handlers.o(i.__scatterload_null)
    __scatterload_zeroinit                   0x08006b81   Thumb Code    14  handlers.o(i.__scatterload_zeroinit)
    __set_errno                              0x08006b91   Thumb Code     6  errno.o(i.__set_errno)
    assert_failed                            0x08006b9d   Thumb Code     2  main.o(i.assert_failed)
    can_filter_init                          0x08006ba1   Thumb Code    52  bsp_can.o(i.can_filter_init)
    chassis_control_loop                     0x08006bd9   Thumb Code   194  chassis.o(i.chassis_control_loop)
    chassis_init                             0x08006ca5   Thumb Code   104  chassis.o(i.chassis_init)
    chassis_state_update                     0x08006d19   Thumb Code    38  chassis.o(i.chassis_state_update)
    chassis_vector_to_mecanum_wheel_speed    0x08006d45   Thumb Code    54  chassis.o(i.chassis_vector_to_mecanum_wheel_speed)
    filter_array                             0x08006d7d   Thumb Code    82  freertos.o(i.filter_array)
    get_chassis_motor_measure_point          0x08006dd5   Thumb Code    16  bsp_can.o(i.get_chassis_motor_measure_point)
    main                                     0x08006de9   Thumb Code   686  main.o(i.main)
    map_fire                                 0x080070d9   Thumb Code    42  freertos.o(i.map_fire)
    map_value                                0x08007103   Thumb Code    30  freertos.o(i.map_value)
    my_abs                                   0x08007121   Thumb Code    44  freertos.o(i.my_abs)
    osDelay                                  0x0800714d   Thumb Code    14  cmsis_os.o(i.osDelay)
    osKernelStart                            0x0800715b   Thumb Code    10  cmsis_os.o(i.osKernelStart)
    osThreadCreate                           0x08007165   Thumb Code    84  cmsis_os.o(i.osThreadCreate)
    pid_init                                 0x080072a1   Thumb Code    14  pid.o(i.pid_init)
    pid_pitch_control                        0x08007315   Thumb Code   318  pitch_init.o(i.pid_pitch_control)
    pitch_init                               0x08007475   Thumb Code    56  pitch_init.o(i.pitch_init)
    pvPortMalloc                             0x08007805   Thumb Code   216  heap_4.o(i.pvPortMalloc)
    pxPortInitialiseStack                    0x080078e1   Thumb Code    40  port.o(i.pxPortInitialiseStack)
    uxListRemove                             0x0800790d   Thumb Code    38  list.o(i.uxListRemove)
    vApplicationGetIdleTaskMemory            0x08007935   Thumb Code    16  freertos.o(i.vApplicationGetIdleTaskMemory)
    vListInitialise                          0x08007949   Thumb Code    22  list.o(i.vListInitialise)
    vListInitialiseItem                      0x0800795f   Thumb Code     6  list.o(i.vListInitialiseItem)
    vListInsert                              0x08007965   Thumb Code    48  list.o(i.vListInsert)
    vListInsertEnd                           0x08007995   Thumb Code    24  list.o(i.vListInsertEnd)
    vPortEnterCritical                       0x080079ad   Thumb Code    54  port.o(i.vPortEnterCritical)
    vPortExitCritical                        0x080079ed   Thumb Code    34  port.o(i.vPortExitCritical)
    vPortFree                                0x08007a15   Thumb Code    94  heap_4.o(i.vPortFree)
    vPortSetupTimerInterrupt                 0x08007a79   Thumb Code    32  port.o(i.vPortSetupTimerInterrupt)
    vTaskDelay                               0x08007a9d   Thumb Code    66  tasks.o(i.vTaskDelay)
    vTaskStartScheduler                      0x08007ae9   Thumb Code    90  tasks.o(i.vTaskStartScheduler)
    vTaskSuspendAll                          0x08007b55   Thumb Code    10  tasks.o(i.vTaskSuspendAll)
    vTaskSwitchContext                       0x08007b65   Thumb Code    82  tasks.o(i.vTaskSwitchContext)
    xPortStartScheduler                      0x08007bc1   Thumb Code   222  port.o(i.xPortStartScheduler)
    xTaskCreate                              0x08007cb5   Thumb Code    90  tasks.o(i.xTaskCreate)
    xTaskCreateStatic                        0x08007d0f   Thumb Code    86  tasks.o(i.xTaskCreateStatic)
    xTaskIncrementTick                       0x08007d65   Thumb Code   194  tasks.o(i.xTaskIncrementTick)
    xTaskResumeAll                           0x08007e31   Thumb Code   182  tasks.o(i.xTaskResumeAll)
    AHBPrescTable                            0x08007f88   Data          16  system_stm32f4xx.o(.constdata)
    APBPrescTable                            0x08007f98   Data           8  system_stm32f4xx.o(.constdata)
    Region$$Table$$Base                      0x08007fdc   Number         0  anon$$obj.o(Region$$Table)
    Region$$Table$$Limit                     0x08007ffc   Number         0  anon$$obj.o(Region$$Table)
    vx                                       0x2000000c   Data           4  chassis.o(.data)
    vy                                       0x20000010   Data           4  chassis.o(.data)
    wz                                       0x20000014   Data           4  chassis.o(.data)
    duty                                     0x20000018   Data           4  pitch.o(.data)
    state                                    0x2000001c   Data           4  main.o(.data)
    receive_buff                             0x20000020   Data           8  main.o(.data)
    n                                        0x20000028   Data           4  freertos.o(.data)
    Position                                 0x2000002c   Data           4  freertos.o(.data)
    target_position                          0x20000030   Data           4  freertos.o(.data)
    speed_fire                               0x20000034   Data           4  freertos.o(.data)
    state_reload                             0x20000038   Data           4  freertos.o(.data)
    state_last_reload                        0x2000003c   Data           4  freertos.o(.data)
    state_upload                             0x20000040   Data           4  freertos.o(.data)
    state_catch                              0x20000044   Data           4  freertos.o(.data)
    state_last_catch                         0x20000048   Data           4  freertos.o(.data)
    state_maxload                            0x2000004c   Data           4  freertos.o(.data)
    catch_delay                              0x20000050   Data           4  freertos.o(.data)
    reload_time                              0x20000054   Data           4  freertos.o(.data)
    defaultTaskHandle                        0x20000058   Data           4  freertos.o(.data)
    myTask02Handle                           0x2000005c   Data           4  freertos.o(.data)
    myTask03Handle                           0x20000060   Data           4  freertos.o(.data)
    myTask04Handle                           0x20000064   Data           4  freertos.o(.data)
    myTask05Handle                           0x20000068   Data           4  freertos.o(.data)
    uwTickFreq                               0x2000006c   Data           1  stm32f4xx_hal.o(.data)
    uwTickPrio                               0x20000070   Data           4  stm32f4xx_hal.o(.data)
    uwTick                                   0x20000074   Data           4  stm32f4xx_hal.o(.data)
    SystemCoreClock                          0x20000078   Data           4  system_stm32f4xx.o(.data)
    pxCurrentTCB                             0x2000007c   Data           4  tasks.o(.data)
    motor_data                               0x20000148   Data          16  bsp_can.o(.bss)
    wheel_speed                              0x20000158   Data          16  chassis.o(.bss)
    drive_motor_pid                          0x20000168   Data         416  chassis.o(.bss)
    FRICTION_Motors                          0x20000308   Data          40  friction.o(.bss)
    PICK_Motors                              0x20000330   Data          60  pick.o(.bss)
    Pitch_Motors                             0x2000036c   Data          60  pitch.o(.bss)
    drive_pitch_pid                          0x200003a8   Data         104  pitch_init.o(.bss)
    filter_buff                              0x20000410   Data          32  freertos.o(.bss)
    hcan1                                    0x20000684   Data          40  can.o(.bss)
    hiwdg                                    0x200006ac   Data          12  iwdg.o(.bss)
    htim1                                    0x200006b8   Data          72  tim.o(.bss)
    htim2                                    0x20000700   Data          72  tim.o(.bss)
    htim3                                    0x20000748   Data          72  tim.o(.bss)
    htim4                                    0x20000790   Data          72  tim.o(.bss)
    htim6                                    0x200007d8   Data          72  tim.o(.bss)
    htim8                                    0x20000820   Data          72  tim.o(.bss)
    htim9                                    0x20000868   Data          72  tim.o(.bss)
    huart3                                   0x200008b0   Data          68  usart.o(.bss)
    hdma_usart3_rx                           0x200008f4   Data          96  usart.o(.bss)
    htim7                                    0x20000954   Data          72  stm32f4xx_hal_timebase_tim.o(.bss)
    __initial_sp                             0x20004a90   Data           0  startup_stm32f407xx.o(STACK)



==============================================================================

Memory Map of the image

  Image Entry point : 0x08000189

  Load Region LR_IROM1 (Base: 0x08000000, Size: 0x000080e4, Max: 0x00100000, ABSOLUTE)

    Execution Region ER_IROM1 (Exec base: 0x08000000, Load base: 0x08000000, Size: 0x00007ffc, Max: 0x00100000, ABSOLUTE)

    Exec Addr    Load Addr    Size         Type   Attr      Idx    E Section Name        Object

    0x08000000   0x08000000   0x00000188   Data   RO            3    RESET               startup_stm32f407xx.o
    0x08000188   0x08000188   0x00000000   Code   RO         5428  * .ARM.Collect$$$$00000000  mc_w.l(entry.o)
    0x08000188   0x08000188   0x00000004   Code   RO         5455    .ARM.Collect$$$$00000001  mc_w.l(entry2.o)
    0x0800018c   0x0800018c   0x00000004   Code   RO         5458    .ARM.Collect$$$$00000004  mc_w.l(entry5.o)
    0x08000190   0x08000190   0x00000000   Code   RO         5460    .ARM.Collect$$$$00000008  mc_w.l(entry7b.o)
    0x08000190   0x08000190   0x00000000   Code   RO         5462    .ARM.Collect$$$$0000000A  mc_w.l(entry8b.o)
    0x08000190   0x08000190   0x00000008   Code   RO         5463    .ARM.Collect$$$$0000000B  mc_w.l(entry9a.o)
    0x08000198   0x08000198   0x00000004   Code   RO         5470    .ARM.Collect$$$$0000000E  mc_w.l(entry12b.o)
    0x0800019c   0x0800019c   0x00000000   Code   RO         5465    .ARM.Collect$$$$0000000F  mc_w.l(entry10a.o)
    0x0800019c   0x0800019c   0x00000000   Code   RO         5467    .ARM.Collect$$$$00000011  mc_w.l(entry11a.o)
    0x0800019c   0x0800019c   0x00000004   Code   RO         5456    .ARM.Collect$$$$00002712  mc_w.l(entry2.o)
    0x080001a0   0x080001a0   0x000000be   Code   RO         5329    .emb_text           port.o
    0x0800025e   0x0800025e   0x00000002   PAD
    0x08000260   0x08000260   0x00000024   Code   RO            4    .text               startup_stm32f407xx.o
    0x08000284   0x08000284   0x00000062   Code   RO         5431    .text               mc_w.l(uldiv.o)
    0x080002e6   0x080002e6   0x00000024   Code   RO         5433    .text               mc_w.l(memcpya.o)
    0x0800030a   0x0800030a   0x00000024   Code   RO         5437    .text               mc_w.l(memseta.o)
    0x0800032e   0x0800032e   0x000000b0   Code   RO         5441    .text               mf_w.l(fadd.o)
    0x080003de   0x080003de   0x00000064   Code   RO         5443    .text               mf_w.l(fmul.o)
    0x08000442   0x08000442   0x000000e4   Code   RO         5445    .text               mf_w.l(dmul.o)
    0x08000526   0x08000526   0x000000de   Code   RO         5447    .text               mf_w.l(ddiv.o)
    0x08000604   0x08000604   0x00000022   Code   RO         5449    .text               mf_w.l(dflti.o)
    0x08000626   0x08000626   0x0000003e   Code   RO         5451    .text               mf_w.l(dfixi.o)
    0x08000664   0x08000664   0x00000038   Code   RO         5453    .text               mf_w.l(d2f.o)
    0x0800069c   0x0800069c   0x0000001e   Code   RO         5471    .text               mc_w.l(llshl.o)
    0x080006ba   0x080006ba   0x00000020   Code   RO         5473    .text               mc_w.l(llushr.o)
    0x080006da   0x080006da   0x00000000   Code   RO         5482    .text               mc_w.l(iusefp.o)
    0x080006da   0x080006da   0x0000006e   Code   RO         5483    .text               mf_w.l(fepilogue.o)
    0x08000748   0x08000748   0x000000ba   Code   RO         5485    .text               mf_w.l(depilogue.o)
    0x08000802   0x08000802   0x000000a2   Code   RO         5487    .text               mf_w.l(dsqrt.o)
    0x080008a4   0x080008a4   0x00000024   Code   RO         5491    .text               mc_w.l(init.o)
    0x080008c8   0x080008c8   0x00000044   Code   RO         5407    .text.arm_pid_init_f32  arm_cortexM4l_math.lib(arm_pid_init_f32.o)
    0x0800090c   0x0800090c   0x00000002   Code   RO         1138    i.BusFault_Handler  stm32f4xx_it.o
    0x0800090e   0x0800090e   0x00000002   PAD
    0x08000910   0x08000910   0x0000000c   Code   RO         1139    i.CAN1_RX0_IRQHandler  stm32f4xx_it.o
    0x0800091c   0x0800091c   0x0000000c   Code   RO         1140    i.CAN1_TX_IRQHandler  stm32f4xx_it.o
    0x08000928   0x08000928   0x00000048   Code   RO           13    i.CAN_cmd_chassis   bsp_can.o
    0x08000970   0x08000970   0x0000000c   Code   RO         1141    i.DMA1_Stream1_IRQHandler  stm32f4xx_it.o
    0x0800097c   0x0800097c   0x00000028   Code   RO         2003    i.DMA_CalcBaseAndBitshift  stm32f4xx_hal_dma.o
    0x080009a4   0x080009a4   0x00000054   Code   RO         2004    i.DMA_CheckFifoParam  stm32f4xx_hal_dma.o
    0x080009f8   0x080009f8   0x00000028   Code   RO         2005    i.DMA_SetConfig     stm32f4xx_hal_dma.o
    0x08000a20   0x08000a20   0x00000002   Code   RO         1142    i.DebugMon_Handler  stm32f4xx_it.o
    0x08000a22   0x08000a22   0x00000004   Code   RO          632    i.Error_Handler     main.o
    0x08000a26   0x08000a26   0x00000002   PAD
    0x08000a28   0x08000a28   0x0000003c   Code   RO          241    i.FRICTION_InitMotor  friction.o
    0x08000a64   0x08000a64   0x00000078   Code   RO         1296    i.HAL_CAN_ActivateNotification  stm32f4xx_hal_can.o
    0x08000adc   0x08000adc   0x00000194   Code   RO         1297    i.HAL_CAN_AddTxMessage  stm32f4xx_hal_can.o
    0x08000c70   0x08000c70   0x000001f4   Code   RO         1298    i.HAL_CAN_ConfigFilter  stm32f4xx_hal_can.o
    0x08000e64   0x08000e64   0x00000014   Code   RO          907    i.HAL_CAN_ErrorCallback  can.o
    0x08000e78   0x08000e78   0x00000140   Code   RO         1304    i.HAL_CAN_GetRxMessage  stm32f4xx_hal_can.o
    0x08000fb8   0x08000fb8   0x000001fc   Code   RO         1308    i.HAL_CAN_IRQHandler  stm32f4xx_hal_can.o
    0x080011b4   0x080011b4   0x000002d8   Code   RO         1309    i.HAL_CAN_Init      stm32f4xx_hal_can.o
    0x0800148c   0x0800148c   0x00000088   Code   RO          909    i.HAL_CAN_MspInit   can.o
    0x08001514   0x08001514   0x00000002   Code   RO         1316    i.HAL_CAN_RxFifo0FullCallback  stm32f4xx_hal_can.o
    0x08001516   0x08001516   0x00000002   PAD
    0x08001518   0x08001518   0x00000068   Code   RO           15    i.HAL_CAN_RxFifo0MsgPendingCallback  bsp_can.o
    0x08001580   0x08001580   0x00000002   Code   RO         1318    i.HAL_CAN_RxFifo1FullCallback  stm32f4xx_hal_can.o
    0x08001582   0x08001582   0x00000002   Code   RO         1319    i.HAL_CAN_RxFifo1MsgPendingCallback  stm32f4xx_hal_can.o
    0x08001584   0x08001584   0x00000002   Code   RO         1320    i.HAL_CAN_SleepCallback  stm32f4xx_hal_can.o
    0x08001586   0x08001586   0x00000002   PAD
    0x08001588   0x08001588   0x00000058   Code   RO         1321    i.HAL_CAN_Start     stm32f4xx_hal_can.o
    0x080015e0   0x080015e0   0x00000002   Code   RO         1323    i.HAL_CAN_TxMailbox0AbortCallback  stm32f4xx_hal_can.o
    0x080015e2   0x080015e2   0x00000002   Code   RO         1324    i.HAL_CAN_TxMailbox0CompleteCallback  stm32f4xx_hal_can.o
    0x080015e4   0x080015e4   0x00000002   Code   RO         1325    i.HAL_CAN_TxMailbox1AbortCallback  stm32f4xx_hal_can.o
    0x080015e6   0x080015e6   0x00000002   Code   RO         1326    i.HAL_CAN_TxMailbox1CompleteCallback  stm32f4xx_hal_can.o
    0x080015e8   0x080015e8   0x00000002   Code   RO         1327    i.HAL_CAN_TxMailbox2AbortCallback  stm32f4xx_hal_can.o
    0x080015ea   0x080015ea   0x00000002   Code   RO         1328    i.HAL_CAN_TxMailbox2CompleteCallback  stm32f4xx_hal_can.o
    0x080015ec   0x080015ec   0x00000002   Code   RO         1330    i.HAL_CAN_WakeUpFromRxMsgCallback  stm32f4xx_hal_can.o
    0x080015ee   0x080015ee   0x00000092   Code   RO         2006    i.HAL_DMA_Abort     stm32f4xx_hal_dma.o
    0x08001680   0x08001680   0x00000024   Code   RO         2007    i.HAL_DMA_Abort_IT  stm32f4xx_hal_dma.o
    0x080016a4   0x080016a4   0x000001a0   Code   RO         2011    i.HAL_DMA_IRQHandler  stm32f4xx_hal_dma.o
    0x08001844   0x08001844   0x000002e0   Code   RO         2012    i.HAL_DMA_Init      stm32f4xx_hal_dma.o
    0x08001b24   0x08001b24   0x000000c8   Code   RO         2016    i.HAL_DMA_Start_IT  stm32f4xx_hal_dma.o
    0x08001bec   0x08001bec   0x000002fc   Code   RO         1899    i.HAL_GPIO_Init     stm32f4xx_hal_gpio.o
    0x08001ee8   0x08001ee8   0x0000000c   Code   RO         2431    i.HAL_GetTick       stm32f4xx_hal.o
    0x08001ef4   0x08001ef4   0x000000e0   Code   RO         2676    i.HAL_IWDG_Init     stm32f4xx_hal_iwdg.o
    0x08001fd4   0x08001fd4   0x0000000c   Code   RO         2677    i.HAL_IWDG_Refresh  stm32f4xx_hal_iwdg.o
    0x08001fe0   0x08001fe0   0x00000010   Code   RO         2437    i.HAL_IncTick       stm32f4xx_hal.o
    0x08001ff0   0x08001ff0   0x00000034   Code   RO         2438    i.HAL_Init          stm32f4xx_hal.o
    0x08002024   0x08002024   0x00000098   Code   RO         1256    i.HAL_InitTick      stm32f4xx_hal_timebase_tim.o
    0x080020bc   0x080020bc   0x00000038   Code   RO         1232    i.HAL_MspInit       stm32f4xx_hal_msp.o
    0x080020f4   0x080020f4   0x00000064   Code   RO         2288    i.HAL_NVIC_EnableIRQ  stm32f4xx_hal_cortex.o
    0x08002158   0x08002158   0x000000a0   Code   RO         2294    i.HAL_NVIC_SetPriority  stm32f4xx_hal_cortex.o
    0x080021f8   0x080021f8   0x00000080   Code   RO         2295    i.HAL_NVIC_SetPriorityGrouping  stm32f4xx_hal_cortex.o
    0x08002278   0x08002278   0x00000002   Code   RO         1529    i.HAL_RCC_CSSCallback  stm32f4xx_hal_rcc.o
    0x0800227a   0x0800227a   0x00000002   PAD
    0x0800227c   0x0800227c   0x0000024c   Code   RO         1530    i.HAL_RCC_ClockConfig  stm32f4xx_hal_rcc.o
    0x080024c8   0x080024c8   0x0000000c   Code   RO         1533    i.HAL_RCC_EnableCSS  stm32f4xx_hal_rcc.o
    0x080024d4   0x080024d4   0x00000040   Code   RO         1534    i.HAL_RCC_GetClockConfig  stm32f4xx_hal_rcc.o
    0x08002514   0x08002514   0x00000020   Code   RO         1537    i.HAL_RCC_GetPCLK1Freq  stm32f4xx_hal_rcc.o
    0x08002534   0x08002534   0x00000020   Code   RO         1538    i.HAL_RCC_GetPCLK2Freq  stm32f4xx_hal_rcc.o
    0x08002554   0x08002554   0x00000060   Code   RO         1539    i.HAL_RCC_GetSysClockFreq  stm32f4xx_hal_rcc.o
    0x080025b4   0x080025b4   0x0000001c   Code   RO         1541    i.HAL_RCC_NMI_IRQHandler  stm32f4xx_hal_rcc.o
    0x080025d0   0x080025d0   0x000004a8   Code   RO         1542    i.HAL_RCC_OscConfig  stm32f4xx_hal_rcc.o
    0x08002a78   0x08002a78   0x00000002   Code   RO         3413    i.HAL_TIMEx_BreakCallback  stm32f4xx_hal_tim_ex.o
    0x08002a7a   0x08002a7a   0x00000002   Code   RO         3414    i.HAL_TIMEx_CommutCallback  stm32f4xx_hal_tim_ex.o
    0x08002a7c   0x08002a7c   0x00000148   Code   RO         3416    i.HAL_TIMEx_ConfigBreakDeadTime  stm32f4xx_hal_tim_ex.o
    0x08002bc4   0x08002bc4   0x00000150   Code   RO         3432    i.HAL_TIMEx_MasterConfigSynchronization  stm32f4xx_hal_tim_ex.o
    0x08002d14   0x08002d14   0x00000170   Code   RO         2708    i.HAL_TIM_Base_Init  stm32f4xx_hal_tim.o
    0x08002e84   0x08002e84   0x00000110   Code   RO         1013    i.HAL_TIM_Base_MspInit  tim.o
    0x08002f94   0x08002f94   0x00000130   Code   RO         2713    i.HAL_TIM_Base_Start_IT  stm32f4xx_hal_tim.o
    0x080030c4   0x080030c4   0x00000410   Code   RO         2717    i.HAL_TIM_ConfigClockSource  stm32f4xx_hal_tim.o
    0x080034d4   0x080034d4   0x00000002   Code   RO         2742    i.HAL_TIM_IC_CaptureCallback  stm32f4xx_hal_tim.o
    0x080034d6   0x080034d6   0x00000002   PAD
    0x080034d8   0x080034d8   0x000002b8   Code   RO         2744    i.HAL_TIM_IC_ConfigChannel  stm32f4xx_hal_tim.o
    0x08003790   0x08003790   0x00000170   Code   RO         2747    i.HAL_TIM_IC_Init   stm32f4xx_hal_tim.o
    0x08003900   0x08003900   0x00000002   Code   RO         2749    i.HAL_TIM_IC_MspInit  stm32f4xx_hal_tim.o
    0x08003902   0x08003902   0x00000002   PAD
    0x08003904   0x08003904   0x00000228   Code   RO         2752    i.HAL_TIM_IC_Start_IT  stm32f4xx_hal_tim.o
    0x08003b2c   0x08003b2c   0x00000166   Code   RO         2756    i.HAL_TIM_IRQHandler  stm32f4xx_hal_tim.o
    0x08003c92   0x08003c92   0x00000002   PAD
    0x08003c94   0x08003c94   0x00000130   Code   RO         1014    i.HAL_TIM_MspPostInit  tim.o
    0x08003dc4   0x08003dc4   0x00000002   Code   RO         2759    i.HAL_TIM_OC_DelayElapsedCallback  stm32f4xx_hal_tim.o
    0x08003dc6   0x08003dc6   0x00000002   PAD
    0x08003dc8   0x08003dc8   0x00000268   Code   RO         2780    i.HAL_TIM_PWM_ConfigChannel  stm32f4xx_hal_tim.o
    0x08004030   0x08004030   0x00000170   Code   RO         2783    i.HAL_TIM_PWM_Init  stm32f4xx_hal_tim.o
    0x080041a0   0x080041a0   0x00000002   Code   RO         2785    i.HAL_TIM_PWM_MspInit  stm32f4xx_hal_tim.o
    0x080041a2   0x080041a2   0x00000002   Code   RO         2786    i.HAL_TIM_PWM_PulseFinishedCallback  stm32f4xx_hal_tim.o
    0x080041a4   0x080041a4   0x000001dc   Code   RO         2788    i.HAL_TIM_PWM_Start  stm32f4xx_hal_tim.o
    0x08004380   0x08004380   0x00000040   Code   RO          633    i.HAL_TIM_PeriodElapsedCallback  main.o
    0x080043c0   0x080043c0   0x00000164   Code   RO         2796    i.HAL_TIM_ReadCapturedValue  stm32f4xx_hal_tim.o
    0x08004524   0x08004524   0x00000134   Code   RO         2797    i.HAL_TIM_SlaveConfigSynchro  stm32f4xx_hal_tim.o
    0x08004658   0x08004658   0x00000002   Code   RO         2799    i.HAL_TIM_TriggerCallback  stm32f4xx_hal_tim.o
    0x0800465a   0x0800465a   0x00000002   Code   RO         3691    i.HAL_UARTEx_RxEventCallback  stm32f4xx_hal_uart.o
    0x0800465c   0x0800465c   0x00000070   Code   RO         3703    i.HAL_UART_DMAStop  stm32f4xx_hal_uart.o
    0x080046cc   0x080046cc   0x00000002   Code   RO         3705    i.HAL_UART_ErrorCallback  stm32f4xx_hal_uart.o
    0x080046ce   0x080046ce   0x00000002   PAD
    0x080046d0   0x080046d0   0x00000268   Code   RO         3708    i.HAL_UART_IRQHandler  stm32f4xx_hal_uart.o
    0x08004938   0x08004938   0x0000014c   Code   RO         3709    i.HAL_UART_Init     stm32f4xx_hal_uart.o
    0x08004a84   0x08004a84   0x000000d4   Code   RO         1097    i.HAL_UART_MspInit  usart.o
    0x08004b58   0x08004b58   0x0000002a   Code   RO         3713    i.HAL_UART_Receive_DMA  stm32f4xx_hal_uart.o
    0x08004b82   0x08004b82   0x00000002   Code   RO         3715    i.HAL_UART_RxCpltCallback  stm32f4xx_hal_uart.o
    0x08004b84   0x08004b84   0x00000002   Code   RO         3716    i.HAL_UART_RxHalfCpltCallback  stm32f4xx_hal_uart.o
    0x08004b86   0x08004b86   0x00000002   Code   RO         3720    i.HAL_UART_TxCpltCallback  stm32f4xx_hal_uart.o
    0x08004b88   0x08004b88   0x00000002   Code   RO         1143    i.HardFault_Handler  stm32f4xx_it.o
    0x08004b8a   0x08004b8a   0x00000002   PAD
    0x08004b8c   0x08004b8c   0x00000048   Code   RO          910    i.MX_CAN1_Init      can.o
    0x08004bd4   0x08004bd4   0x0000002c   Code   RO          955    i.MX_DMA_Init       dma.o
    0x08004c00   0x08004c00   0x00000080   Code   RO          805    i.MX_FREERTOS_Init  freertos.o
    0x08004c80   0x08004c80   0x00000130   Code   RO          778    i.MX_GPIO_Init      gpio.o
    0x08004db0   0x08004db0   0x0000002c   Code   RO          982    i.MX_IWDG_Init      iwdg.o
    0x08004ddc   0x08004ddc   0x000000e8   Code   RO         1015    i.MX_TIM1_Init      tim.o
    0x08004ec4   0x08004ec4   0x000000a8   Code   RO         1016    i.MX_TIM2_Init      tim.o
    0x08004f6c   0x08004f6c   0x000000cc   Code   RO         1017    i.MX_TIM3_Init      tim.o
    0x08005038   0x08005038   0x000000bc   Code   RO         1018    i.MX_TIM4_Init      tim.o
    0x080050f4   0x080050f4   0x00000044   Code   RO         1019    i.MX_TIM6_Init      tim.o
    0x08005138   0x08005138   0x000000d8   Code   RO         1020    i.MX_TIM8_Init      tim.o
    0x08005210   0x08005210   0x00000084   Code   RO         1021    i.MX_TIM9_Init      tim.o
    0x08005294   0x08005294   0x00000038   Code   RO         1098    i.MX_USART3_UART_Init  usart.o
    0x080052cc   0x080052cc   0x00000002   Code   RO         1144    i.MemManage_Handler  stm32f4xx_it.o
    0x080052ce   0x080052ce   0x00000006   Code   RO         1145    i.NMI_Handler       stm32f4xx_it.o
    0x080052d4   0x080052d4   0x0000003c   Code   RO          371    i.PICK_InitMotor    pick.o
    0x08005310   0x08005310   0x000000a0   Code   RO          439    i.Pitch_Get_Position  pitch.o
    0x080053b0   0x080053b0   0x00000098   Code   RO          440    i.Pitch_InitMotor   pitch.o
    0x08005448   0x08005448   0x00000140   Code   RO          806    i.StartDefaultTask  freertos.o
    0x08005588   0x08005588   0x000005d4   Code   RO          807    i.StartTask02       freertos.o
    0x08005b5c   0x08005b5c   0x00000084   Code   RO          808    i.StartTask03       freertos.o
    0x08005be0   0x08005be0   0x00000028   Code   RO          809    i.StartTask04       freertos.o
    0x08005c08   0x08005c08   0x00000024   Code   RO          810    i.StartTask05       freertos.o
    0x08005c2c   0x08005c2c   0x0000002c   Code   RO         5330    i.SysTick_Handler   port.o
    0x08005c58   0x08005c58   0x0000009c   Code   RO          634    i.SystemClock_Config  main.o
    0x08005cf4   0x08005cf4   0x00000010   Code   RO         4038    i.SystemInit        system_stm32f4xx.o
    0x08005d04   0x08005d04   0x0000000c   Code   RO         1146    i.TIM6_DAC_IRQHandler  stm32f4xx_it.o
    0x08005d10   0x08005d10   0x0000000c   Code   RO         1147    i.TIM7_IRQHandler   stm32f4xx_it.o
    0x08005d1c   0x08005d1c   0x000000c8   Code   RO         2801    i.TIM_Base_SetConfig  stm32f4xx_hal_tim.o
    0x08005de4   0x08005de4   0x000000f4   Code   RO         2802    i.TIM_CCxChannelCmd  stm32f4xx_hal_tim.o
    0x08005ed8   0x08005ed8   0x00000014   Code   RO         2812    i.TIM_ETR_SetConfig  stm32f4xx_hal_tim.o
    0x08005eec   0x08005eec   0x00000010   Code   RO         2813    i.TIM_ITRx_SetConfig  stm32f4xx_hal_tim.o
    0x08005efc   0x08005efc   0x000000e4   Code   RO         2814    i.TIM_OC1_SetConfig  stm32f4xx_hal_tim.o
    0x08005fe0   0x08005fe0   0x000000ec   Code   RO         2815    i.TIM_OC2_SetConfig  stm32f4xx_hal_tim.o
    0x080060cc   0x080060cc   0x000000ec   Code   RO         2816    i.TIM_OC3_SetConfig  stm32f4xx_hal_tim.o
    0x080061b8   0x080061b8   0x000000a4   Code   RO         2817    i.TIM_OC4_SetConfig  stm32f4xx_hal_tim.o
    0x0800625c   0x0800625c   0x000002d8   Code   RO         2818    i.TIM_SlaveTimer_SetConfig  stm32f4xx_hal_tim.o
    0x08006534   0x08006534   0x00000022   Code   RO         2819    i.TIM_TI1_ConfigInputStage  stm32f4xx_hal_tim.o
    0x08006556   0x08006556   0x00000002   PAD
    0x08006558   0x08006558   0x00000080   Code   RO         2820    i.TIM_TI1_SetConfig  stm32f4xx_hal_tim.o
    0x080065d8   0x080065d8   0x00000024   Code   RO         2821    i.TIM_TI2_ConfigInputStage  stm32f4xx_hal_tim.o
    0x080065fc   0x080065fc   0x00000036   Code   RO         2822    i.TIM_TI2_SetConfig  stm32f4xx_hal_tim.o
    0x08006632   0x08006632   0x00000010   Code   RO         3722    i.UART_DMAAbortOnError  stm32f4xx_hal_uart.o
    0x08006642   0x08006642   0x0000004a   Code   RO         3723    i.UART_DMAError     stm32f4xx_hal_uart.o
    0x0800668c   0x0800668c   0x00000082   Code   RO         3724    i.UART_DMAReceiveCplt  stm32f4xx_hal_uart.o
    0x0800670e   0x0800670e   0x0000001a   Code   RO         3726    i.UART_DMARxHalfCplt  stm32f4xx_hal_uart.o
    0x08006728   0x08006728   0x0000004e   Code   RO         3732    i.UART_EndRxTransfer  stm32f4xx_hal_uart.o
    0x08006776   0x08006776   0x0000001c   Code   RO         3733    i.UART_EndTxTransfer  stm32f4xx_hal_uart.o
    0x08006792   0x08006792   0x000000c0   Code   RO         3734    i.UART_Receive_IT   stm32f4xx_hal_uart.o
    0x08006852   0x08006852   0x00000002   PAD
    0x08006854   0x08006854   0x000001a0   Code   RO         3735    i.UART_SetConfig    stm32f4xx_hal_uart.o
    0x080069f4   0x080069f4   0x00000094   Code   RO         3736    i.UART_Start_Receive_DMA  stm32f4xx_hal_uart.o
    0x08006a88   0x08006a88   0x0000004c   Code   RO         1148    i.USART3_IRQHandler  stm32f4xx_it.o
    0x08006ad4   0x08006ad4   0x00000002   Code   RO         1149    i.UsageFault_Handler  stm32f4xx_it.o
    0x08006ad6   0x08006ad6   0x00000020   Code   RO         2301    i.__NVIC_SetPriority  stm32f4xx_hal_cortex.o
    0x08006af6   0x08006af6   0x0000007a   Code   RO         5416    i.__hardfp_sqrt     m_wm.l(sqrt.o)
    0x08006b70   0x08006b70   0x0000000e   Code   RO         5495    i.__scatterload_copy  mc_w.l(handlers.o)
    0x08006b7e   0x08006b7e   0x00000002   Code   RO         5496    i.__scatterload_null  mc_w.l(handlers.o)
    0x08006b80   0x08006b80   0x0000000e   Code   RO         5497    i.__scatterload_zeroinit  mc_w.l(handlers.o)
    0x08006b8e   0x08006b8e   0x00000002   PAD
    0x08006b90   0x08006b90   0x0000000c   Code   RO         5477    i.__set_errno       mc_w.l(errno.o)
    0x08006b9c   0x08006b9c   0x00000002   Code   RO          635    i.assert_failed     main.o
    0x08006b9e   0x08006b9e   0x00000002   PAD
    0x08006ba0   0x08006ba0   0x00000038   Code   RO           16    i.can_filter_init   bsp_can.o
    0x08006bd8   0x08006bd8   0x000000cc   Code   RO          173    i.chassis_control_loop  chassis.o
    0x08006ca4   0x08006ca4   0x00000074   Code   RO          174    i.chassis_init      chassis.o
    0x08006d18   0x08006d18   0x0000002c   Code   RO          175    i.chassis_state_update  chassis.o
    0x08006d44   0x08006d44   0x00000036   Code   RO          176    i.chassis_vector_to_mecanum_wheel_speed  chassis.o
    0x08006d7a   0x08006d7a   0x00000002   PAD
    0x08006d7c   0x08006d7c   0x00000058   Code   RO          811    i.filter_array      freertos.o
    0x08006dd4   0x08006dd4   0x00000014   Code   RO           17    i.get_chassis_motor_measure_point  bsp_can.o
    0x08006de8   0x08006de8   0x000002e4   Code   RO          636    i.main              main.o
    0x080070cc   0x080070cc   0x0000000c   Code   RO         4892    i.makeFreeRtosPriority  cmsis_os.o
    0x080070d8   0x080070d8   0x0000002a   Code   RO          812    i.map_fire          freertos.o
    0x08007102   0x08007102   0x0000001e   Code   RO          813    i.map_value         freertos.o
    0x08007120   0x08007120   0x0000002c   Code   RO          814    i.my_abs            freertos.o
    0x0800714c   0x0800714c   0x0000000e   Code   RO         4894    i.osDelay           cmsis_os.o
    0x0800715a   0x0800715a   0x0000000a   Code   RO         4897    i.osKernelStart     cmsis_os.o
    0x08007164   0x08007164   0x00000054   Code   RO         4931    i.osThreadCreate    cmsis_os.o
    0x080071b8   0x080071b8   0x000000e8   Code   RO          402    i.pid_calculate     pid.o
    0x080072a0   0x080072a0   0x0000001c   Code   RO          403    i.pid_init          pid.o
    0x080072bc   0x080072bc   0x00000058   Code   RO          404    i.pid_param_init    pid.o
    0x08007314   0x08007314   0x00000158   Code   RO          486    i.pid_pitch_control  pitch_init.o
    0x0800746c   0x0800746c   0x00000008   Code   RO          405    i.pid_reset         pid.o
    0x08007474   0x08007474   0x00000044   Code   RO          487    i.pitch_init        pitch_init.o
    0x080074b8   0x080074b8   0x00000070   Code   RO         4571    i.prvAddCurrentTaskToDelayedList  tasks.o
    0x08007528   0x08007528   0x000000d0   Code   RO         4572    i.prvAddNewTaskToReadyList  tasks.o
    0x080075f8   0x080075f8   0x00000034   Code   RO         4573    i.prvDeleteTCB      tasks.o
    0x0800762c   0x0800762c   0x0000004c   Code   RO         5262    i.prvHeapInit       heap_4.o
    0x08007678   0x08007678   0x00000060   Code   RO         4574    i.prvIdleTask       tasks.o
    0x080076d8   0x080076d8   0x00000098   Code   RO         4575    i.prvInitialiseNewTask  tasks.o
    0x08007770   0x08007770   0x0000004c   Code   RO         5263    i.prvInsertBlockIntoFreeList  heap_4.o
    0x080077bc   0x080077bc   0x00000020   Code   RO         4576    i.prvResetNextTaskUnblockTime  tasks.o
    0x080077dc   0x080077dc   0x00000028   Code   RO         5331    i.prvTaskExitError  port.o
    0x08007804   0x08007804   0x000000dc   Code   RO         5264    i.pvPortMalloc      heap_4.o
    0x080078e0   0x080078e0   0x0000002c   Code   RO         5332    i.pxPortInitialiseStack  port.o
    0x0800790c   0x0800790c   0x00000026   Code   RO         4207    i.uxListRemove      list.o
    0x08007932   0x08007932   0x00000002   PAD
    0x08007934   0x08007934   0x00000014   Code   RO          815    i.vApplicationGetIdleTaskMemory  freertos.o
    0x08007948   0x08007948   0x00000016   Code   RO         4208    i.vListInitialise   list.o
    0x0800795e   0x0800795e   0x00000006   Code   RO         4209    i.vListInitialiseItem  list.o
    0x08007964   0x08007964   0x00000030   Code   RO         4210    i.vListInsert       list.o
    0x08007994   0x08007994   0x00000018   Code   RO         4211    i.vListInsertEnd    list.o
    0x080079ac   0x080079ac   0x00000040   Code   RO         5334    i.vPortEnterCritical  port.o
    0x080079ec   0x080079ec   0x00000028   Code   RO         5335    i.vPortExitCritical  port.o
    0x08007a14   0x08007a14   0x00000064   Code   RO         5265    i.vPortFree         heap_4.o
    0x08007a78   0x08007a78   0x00000024   Code   RO         5336    i.vPortSetupTimerInterrupt  port.o
    0x08007a9c   0x08007a9c   0x0000004c   Code   RO         4585    i.vTaskDelay        tasks.o
    0x08007ae8   0x08007ae8   0x0000006c   Code   RO         4598    i.vTaskStartScheduler  tasks.o
    0x08007b54   0x08007b54   0x00000010   Code   RO         4600    i.vTaskSuspendAll   tasks.o
    0x08007b64   0x08007b64   0x0000005c   Code   RO         4601    i.vTaskSwitchContext  tasks.o
    0x08007bc0   0x08007bc0   0x000000f4   Code   RO         5338    i.xPortStartScheduler  port.o
    0x08007cb4   0x08007cb4   0x0000005a   Code   RO         4604    i.xTaskCreate       tasks.o
    0x08007d0e   0x08007d0e   0x00000056   Code   RO         4605    i.xTaskCreateStatic  tasks.o
    0x08007d64   0x08007d64   0x000000cc   Code   RO         4612    i.xTaskIncrementTick  tasks.o
    0x08007e30   0x08007e30   0x000000c4   Code   RO         4618    i.xTaskResumeAll    tasks.o
    0x08007ef4   0x08007ef4   0x0000008c   Data   RO          819    .constdata          freertos.o
    0x08007f80   0x08007f80   0x00000008   Data   RO         2018    .constdata          stm32f4xx_hal_dma.o
    0x08007f88   0x08007f88   0x00000010   Data   RO         4039    .constdata          system_stm32f4xx.o
    0x08007f98   0x08007f98   0x00000008   Data   RO         4040    .constdata          system_stm32f4xx.o
    0x08007fa0   0x08007fa0   0x0000003c   Data   RO          820    .conststring        freertos.o
    0x08007fdc   0x08007fdc   0x00000020   Data   RO         5493    Region$$Table       anon$$obj.o


    Execution Region RW_IRAM1 (Exec base: 0x20000000, Load base: 0x08007ffc, Size: 0x00004a90, Max: 0x0001c000, ABSOLUTE)

    Exec Addr    Load Addr    Size         Type   Attr      Idx    E Section Name        Object

    0x20000000   0x08007ffc   0x00000009   Data   RW           20    .data               bsp_can.o
    0x20000009   0x08008005   0x00000003   PAD
    0x2000000c   0x08008008   0x00000004   Data   RW          181    .data               chassis.o
    0x20000010   0x0800800c   0x00000004   Data   RW          182    .data               chassis.o
    0x20000014   0x08008010   0x00000004   Data   RW          183    .data               chassis.o
    0x20000018   0x08008014   0x00000004   Data   RW          442    .data               pitch.o
    0x2000001c   0x08008018   0x0000000c   Data   RW          638    .data               main.o
    0x20000028   0x08008024   0x00000044   Data   RW          821    .data               freertos.o
    0x2000006c   0x08008068   0x0000000c   Data   RW         2445    .data               stm32f4xx_hal.o
    0x20000078   0x08008074   0x00000004   Data   RW         4041    .data               system_stm32f4xx.o
    0x2000007c   0x08008078   0x0000003c   Data   RW         4621    .data               tasks.o
    0x200000b8   0x080080b4   0x00000020   Data   RW         5271    .data               heap_4.o
    0x200000d8   0x080080d4   0x0000000c   Data   RW         5339    .data               port.o
    0x200000e4   0x080080e0   0x00000004   Data   RW         5478    .data               mc_w.l(errno.o)
    0x200000e8        -       0x00000060   Zero   RW           18    .bss                bsp_can.o
    0x20000148        -       0x00000010   Zero   RW           19    .bss                bsp_can.o
    0x20000158        -       0x00000010   Zero   RW          179    .bss                chassis.o
    0x20000168        -       0x000001a0   Zero   RW          180    .bss                chassis.o
    0x20000308        -       0x00000028   Zero   RW          242    .bss                friction.o
    0x20000330        -       0x0000003c   Zero   RW          372    .bss                pick.o
    0x2000036c        -       0x0000003c   Zero   RW          441    .bss                pitch.o
    0x200003a8        -       0x00000068   Zero   RW          488    .bss                pitch_init.o
    0x20000410        -       0x00000274   Zero   RW          816    .bss                freertos.o
    0x20000684        -       0x00000028   Zero   RW          911    .bss                can.o
    0x200006ac        -       0x0000000c   Zero   RW          983    .bss                iwdg.o
    0x200006b8        -       0x000001f8   Zero   RW         1022    .bss                tim.o
    0x200008b0        -       0x000000a4   Zero   RW         1099    .bss                usart.o
    0x20000954        -       0x00000048   Zero   RW         1259    .bss                stm32f4xx_hal_timebase_tim.o
    0x2000099c        -       0x000000f0   Zero   RW         4620    .bss                tasks.o
    0x20000a8c        -       0x00003c00   Zero   RW         5270    .bss                heap_4.o
    0x2000468c   0x080080e4   0x00000004   PAD
    0x20004690        -       0x00000400   Zero   RW            1    STACK               startup_stm32f407xx.o


    Execution Region RW_IRAM2 (Exec base: 0x2001c000, Load base: 0x080080e4, Size: 0x00000000, Max: 0x00004000, ABSOLUTE)

    **** No section assigned to this execution region ****


==============================================================================

Image component sizes


      Code (inc. data)   RO Data    RW Data    ZI Data      Debug   Object Name

       252         34          0          9        112     706987   bsp_can.o
       228         30          0          0         40       2257   can.o
       418         28          0         12        432       4353   chassis.o
       120          0          0          0          0      25873   cmsis_os.o
         0          0          0          0          0       7448   croutine.o
        44          4          0          0          0        806   dma.o
         0          0          0          0          0      19436   event_groups.o
      2372        132        200         68        628      12821   freertos.o
        60          6          0          0         40     671631   friction.o
       304         32          0          0          0       1195   gpio.o
       472         24          0         32      15360       7515   heap_4.o
        44          8          0          0         12        755   iwdg.o
       138          0          0          0          0       3626   list.o
       966         76          0         12          0      35847   main.o
        60         12          0          0         60       1727   pick.o
       356         24          0          0          0       2619   pid.o
       312         50          0          4         60      17279   pitch.o
       412         38          0          0        104     624583   pitch_init.o
       702         72          0         12          0      11152   port.o
        36          8        392          0       1024        876   startup_stm32f407xx.o
        80         14          0         12          0       8170   stm32f4xx_hal.o
      2690        304          0          0          0      14411   stm32f4xx_hal_can.o
       420        196          0          0          0      33374   stm32f4xx_hal_cortex.o
      1698        138          8          0          0       7654   stm32f4xx_hal_dma.o
       764        110          0          0          0       1640   stm32f4xx_hal_gpio.o
       236         66          0          0          0       1967   stm32f4xx_hal_iwdg.o
        56          4          0          0          0        898   stm32f4xx_hal_msp.o
      2046        202          0          0          0       7884   stm32f4xx_hal_rcc.o
      8146       1676          0          0          0      26941   stm32f4xx_hal_tim.o
       668        162          0          0          0       3501   stm32f4xx_hal_tim_ex.o
       152         20          0          0         72       1523   stm32f4xx_hal_timebase_tim.o
      2220        178          0          0          0      14233   stm32f4xx_hal_uart.o
       152         46          0          0          0       6539   stm32f4xx_it.o
         0          0          0          0          0        384   stream_buffer.o
        16          4         24          4          0       1175   system_stm32f4xx.o
      1520        112          0         60        240      19730   tasks.o
      1784        126          0          0        504       7646   tim.o
         0          0          0          0          0       2504   timers.o
       268         28          0          0        164       1885   usart.o

    ----------------------------------------------------------------------
     30246       3964        656        228      18856    2320845   Object Totals
         0          0         32          0          0          0   (incl. Generated)
        34          0          0          3          4          0   (incl. Padding)

    ----------------------------------------------------------------------

      Code (inc. data)   RO Data    RW Data    ZI Data      Debug   Library Member Name

        68          0          0          0          0       1042   arm_pid_init_f32.o
       122          0          0          0          0        148   sqrt.o
         0          0          0          0          0          0   entry.o
         0          0          0          0          0          0   entry10a.o
         0          0          0          0          0          0   entry11a.o
         4          0          0          0          0          0   entry12b.o
         8          4          0          0          0          0   entry2.o
         4          0          0          0          0          0   entry5.o
         0          0          0          0          0          0   entry7b.o
         0          0          0          0          0          0   entry8b.o
         8          4          0          0          0          0   entry9a.o
        12          6          0          4          0         68   errno.o
        30          0          0          0          0          0   handlers.o
        36          8          0          0          0         68   init.o
         0          0          0          0          0          0   iusefp.o
        30          0          0          0          0         68   llshl.o
        32          0          0          0          0         68   llushr.o
        36          0          0          0          0         68   memcpya.o
        36          0          0          0          0        108   memseta.o
        98          0          0          0          0         92   uldiv.o
        56          0          0          0          0         88   d2f.o
       222          0          0          0          0        100   ddiv.o
       186          0          0          0          0        176   depilogue.o
        62          0          0          0          0         80   dfixi.o
        34          0          0          0          0         76   dflti.o
       228          0          0          0          0         96   dmul.o
       162          0          0          0          0        100   dsqrt.o
       176          0          0          0          0        140   fadd.o
       110          0          0          0          0        168   fepilogue.o
       100          0          0          0          0         76   fmul.o

    ----------------------------------------------------------------------
      1862         22          0          4          0       2830   Library Totals
         2          0          0          0          0          0   (incl. Padding)

    ----------------------------------------------------------------------

      Code (inc. data)   RO Data    RW Data    ZI Data      Debug   Library Name

        68          0          0          0          0       1042   arm_cortexM4l_math.lib
       122          0          0          0          0        148   m_wm.l
       334         22          0          4          0        540   mc_w.l
      1336          0          0          0          0       1100   mf_w.l

    ----------------------------------------------------------------------
      1862         22          0          4          0       2830   Library Totals

    ----------------------------------------------------------------------

==============================================================================


      Code (inc. data)   RO Data    RW Data    ZI Data      Debug   

     32108       3986        656        232      18856    2303799   Grand Totals
     32108       3986        656        232      18856    2303799   ELF Image Totals
     32108       3986        656        232          0          0   ROM Totals

==============================================================================

    Total RO  Size (Code + RO Data)                32764 (  32.00kB)
    Total RW  Size (RW Data + ZI Data)             19088 (  18.64kB)
    Total ROM Size (Code + RO Data + RW Data)      32996 (  32.22kB)

==============================================================================

